Archive member included to satisfy reference by file (symbol)

c:/program files/st/stm32cubeide_1.5.1/stm32cubeide/plugins/com.st.stm32cube.ide.mcu.externaltools.gnu-tools-for-stm32.7-2018-q2-update.win32_1.5.0.202011040924/tools/bin/../lib/gcc/arm-none-eabi/7.3.1/../../../../arm-none-eabi/lib/thumb/v7e-m/fpv5/hard\libc_nano.a(lib_a-errno.o)
                              Core/Src/syscalls.o (__errno)
c:/program files/st/stm32cubeide_1.5.1/stm32cubeide/plugins/com.st.stm32cube.ide.mcu.externaltools.gnu-tools-for-stm32.7-2018-q2-update.win32_1.5.0.202011040924/tools/bin/../lib/gcc/arm-none-eabi/7.3.1/../../../../arm-none-eabi/lib/thumb/v7e-m/fpv5/hard\libc_nano.a(lib_a-exit.o)
                              c:/program files/st/stm32cubeide_1.5.1/stm32cubeide/plugins/com.st.stm32cube.ide.mcu.externaltools.gnu-tools-for-stm32.7-2018-q2-update.win32_1.5.0.202011040924/tools/bin/../lib/gcc/arm-none-eabi/7.3.1/../../../../arm-none-eabi/lib/thumb/v7e-m/fpv5/hard/crt0.o (exit)
c:/program files/st/stm32cubeide_1.5.1/stm32cubeide/plugins/com.st.stm32cube.ide.mcu.externaltools.gnu-tools-for-stm32.7-2018-q2-update.win32_1.5.0.202011040924/tools/bin/../lib/gcc/arm-none-eabi/7.3.1/../../../../arm-none-eabi/lib/thumb/v7e-m/fpv5/hard\libc_nano.a(lib_a-impure.o)
                              c:/program files/st/stm32cubeide_1.5.1/stm32cubeide/plugins/com.st.stm32cube.ide.mcu.externaltools.gnu-tools-for-stm32.7-2018-q2-update.win32_1.5.0.202011040924/tools/bin/../lib/gcc/arm-none-eabi/7.3.1/../../../../arm-none-eabi/lib/thumb/v7e-m/fpv5/hard\libc_nano.a(lib_a-exit.o) (_global_impure_ptr)
c:/program files/st/stm32cubeide_1.5.1/stm32cubeide/plugins/com.st.stm32cube.ide.mcu.externaltools.gnu-tools-for-stm32.7-2018-q2-update.win32_1.5.0.202011040924/tools/bin/../lib/gcc/arm-none-eabi/7.3.1/../../../../arm-none-eabi/lib/thumb/v7e-m/fpv5/hard\libc_nano.a(lib_a-init.o)
                              c:/program files/st/stm32cubeide_1.5.1/stm32cubeide/plugins/com.st.stm32cube.ide.mcu.externaltools.gnu-tools-for-stm32.7-2018-q2-update.win32_1.5.0.202011040924/tools/bin/../lib/gcc/arm-none-eabi/7.3.1/../../../../arm-none-eabi/lib/thumb/v7e-m/fpv5/hard/crt0.o (__libc_init_array)
c:/program files/st/stm32cubeide_1.5.1/stm32cubeide/plugins/com.st.stm32cube.ide.mcu.externaltools.gnu-tools-for-stm32.7-2018-q2-update.win32_1.5.0.202011040924/tools/bin/../lib/gcc/arm-none-eabi/7.3.1/../../../../arm-none-eabi/lib/thumb/v7e-m/fpv5/hard\libc_nano.a(lib_a-malloc.o)
                              Core/Src/MPU_9255.o (malloc)
c:/program files/st/stm32cubeide_1.5.1/stm32cubeide/plugins/com.st.stm32cube.ide.mcu.externaltools.gnu-tools-for-stm32.7-2018-q2-update.win32_1.5.0.202011040924/tools/bin/../lib/gcc/arm-none-eabi/7.3.1/../../../../arm-none-eabi/lib/thumb/v7e-m/fpv5/hard\libc_nano.a(lib_a-memset.o)
                              c:/program files/st/stm32cubeide_1.5.1/stm32cubeide/plugins/com.st.stm32cube.ide.mcu.externaltools.gnu-tools-for-stm32.7-2018-q2-update.win32_1.5.0.202011040924/tools/bin/../lib/gcc/arm-none-eabi/7.3.1/../../../../arm-none-eabi/lib/thumb/v7e-m/fpv5/hard/crt0.o (memset)
c:/program files/st/stm32cubeide_1.5.1/stm32cubeide/plugins/com.st.stm32cube.ide.mcu.externaltools.gnu-tools-for-stm32.7-2018-q2-update.win32_1.5.0.202011040924/tools/bin/../lib/gcc/arm-none-eabi/7.3.1/../../../../arm-none-eabi/lib/thumb/v7e-m/fpv5/hard\libc_nano.a(lib_a-nano-freer.o)
                              c:/program files/st/stm32cubeide_1.5.1/stm32cubeide/plugins/com.st.stm32cube.ide.mcu.externaltools.gnu-tools-for-stm32.7-2018-q2-update.win32_1.5.0.202011040924/tools/bin/../lib/gcc/arm-none-eabi/7.3.1/../../../../arm-none-eabi/lib/thumb/v7e-m/fpv5/hard\libc_nano.a(lib_a-malloc.o) (_free_r)
c:/program files/st/stm32cubeide_1.5.1/stm32cubeide/plugins/com.st.stm32cube.ide.mcu.externaltools.gnu-tools-for-stm32.7-2018-q2-update.win32_1.5.0.202011040924/tools/bin/../lib/gcc/arm-none-eabi/7.3.1/../../../../arm-none-eabi/lib/thumb/v7e-m/fpv5/hard\libc_nano.a(lib_a-nano-mallocr.o)
                              c:/program files/st/stm32cubeide_1.5.1/stm32cubeide/plugins/com.st.stm32cube.ide.mcu.externaltools.gnu-tools-for-stm32.7-2018-q2-update.win32_1.5.0.202011040924/tools/bin/../lib/gcc/arm-none-eabi/7.3.1/../../../../arm-none-eabi/lib/thumb/v7e-m/fpv5/hard\libc_nano.a(lib_a-malloc.o) (_malloc_r)
c:/program files/st/stm32cubeide_1.5.1/stm32cubeide/plugins/com.st.stm32cube.ide.mcu.externaltools.gnu-tools-for-stm32.7-2018-q2-update.win32_1.5.0.202011040924/tools/bin/../lib/gcc/arm-none-eabi/7.3.1/../../../../arm-none-eabi/lib/thumb/v7e-m/fpv5/hard\libc_nano.a(lib_a-nano-vfprintf_float.o)
                              (_printf_float)
c:/program files/st/stm32cubeide_1.5.1/stm32cubeide/plugins/com.st.stm32cube.ide.mcu.externaltools.gnu-tools-for-stm32.7-2018-q2-update.win32_1.5.0.202011040924/tools/bin/../lib/gcc/arm-none-eabi/7.3.1/../../../../arm-none-eabi/lib/thumb/v7e-m/fpv5/hard\libc_nano.a(lib_a-nano-vfprintf_i.o)
[...]
Memory Configuration

Name             Origin             Length             Attributes
FLASH            0x0000000008000000 0x0000000000100000 xr
RAM              0x0000000020000000 0x0000000000020000 xrw
ITCMRAM          0x0000000000000000 0x0000000000010000 xrw
*default*        0x0000000000000000 0xffffffffffffffff

Linker script and memory map

LOAD c:/program files/st/stm32cubeide_1.5.1/stm32cubeide/plugins/com.st.stm32cube.ide.mcu.externaltools.gnu-tools-for-stm32.7-2018-q2-update.win32_1.5.0.202011040924/tools/bin/../lib/gcc/arm-none-eabi/7.3.1/thumb/v7e-m/fpv5/hard/crti.o
LOAD c:/program files/st/stm32cubeide_1.5.1/stm32cubeide/plugins/com.st.stm32cube.ide.mcu.externaltools.gnu-tools-for-stm32.7-2018-q2-update.win32_1.5.0.202011040924/tools/bin/../lib/gcc/arm-none-eabi/7.3.1/thumb/v7e-m/fpv5/hard/crtbegin.o
LOAD c:/program files/st/stm32cubeide_1.5.1/stm32cubeide/plugins/com.st.stm32cube.ide.mcu.externaltools.gnu-tools-for-stm32.7-2018-q2-update.win32_1.5.0.202011040924/tools/bin/../lib/gcc/arm-none-eabi/7.3.1/../../../../arm-none-eabi/lib/thumb/v7e-m/fpv5/hard/crt0.o
LOAD Common/Src/system_stm32h7xx_dualcore_boot_cm4_cm7.o
LOAD Core/Src/MPU_9255.o
LOAD Core/Src/main.o
LOAD Core/Src/stm32h7xx_hal_msp.o
LOAD Core/Src/stm32h7xx_it.o
LOAD Core/Src/syscalls.o
LOAD Core/Src/sysmem.o
LOAD Core/Startup/startup_stm32h745zitx.o
LOAD Drivers/STM32H7xx_HAL_Driver/stm32h7xx_hal.o
LOAD Drivers/STM32H7xx_HAL_Driver/stm32h7xx_hal_cortex.o
LOAD Drivers/STM32H7xx_HAL_Driver/stm32h7xx_hal_dma.o
LOAD Drivers/STM32H7xx_HAL_Driver/stm32h7xx_hal_dma_ex.o
LOAD Drivers/STM32H7xx_HAL_Driver/stm32h7xx_hal_exti.o
LOAD Drivers/STM32H7xx_HAL_Driver/stm32h7xx_hal_flash.o
LOAD Drivers/STM32H7xx_HAL_Driver/stm32h7xx_hal_flash_ex.o
LOAD Drivers/STM32H7xx_HAL_Driver/stm32h7xx_hal_gpio.o
LOAD Drivers/STM32H7xx_HAL_Driver/stm32h7xx_hal_hsem.o
LOAD Drivers/STM32H7xx_HAL_Driver/stm32h7xx_hal_i2c.o
LOAD Drivers/STM32H7xx_HAL_Driver/stm32h7xx_hal_i2c_ex.o
LOAD Drivers/STM32H7xx_HAL_Driver/stm32h7xx_hal_mdma.o
LOAD Drivers/STM32H7xx_HAL_Driver/stm32h7xx_hal_pwr.o
LOAD Drivers/STM32H7xx_HAL_Driver/stm32h7xx_hal_pwr_ex.o
LOAD Drivers/STM32H7xx_HAL_Driver/stm32h7xx_hal_rcc.o
LOAD Drivers/STM32H7xx_HAL_Driver/stm32h7xx_hal_rcc_ex.o
LOAD Drivers/STM32H7xx_HAL_Driver/stm32h7xx_hal_tim.o
LOAD Drivers/STM32H7xx_HAL_Driver/stm32h7xx_hal_tim_ex.o
LOAD Drivers/STM32H7xx_HAL_Driver/stm32h7xx_hal_uart.o
LOAD Drivers/STM32H7xx_HAL_Driver/stm32h7xx_hal_uart_ex.o
START GROUP
LOAD c:/program files/st/stm32cubeide_1.5.1/stm32cubeide/plugins/com.st.stm32cube.ide.mcu.externaltools.gnu-tools-for-stm32.7-2018-q2-update.win32_1.5.0.202011040924/tools/bin/../lib/gcc/arm-none-eabi/7.3.1/../../../../arm-none-eabi/lib/thumb/v7e-m/fpv5/hard\libc_nano.a
LOAD c:/program files/st/stm32cubeide_1.5.1/stm32cubeide/plugins/com.st.stm32cube.ide.mcu.externaltools.gnu-tools-for-stm32.7-2018-q2-update.win32_1.5.0.202011040924/tools/bin/../lib/gcc/arm-none-eabi/7.3.1/../../../../arm-none-eabi/lib/thumb/v7e-m/fpv5/hard\libm.a
END GROUP
START GROUP
LOAD c:/program files/st/stm32cubeide_1.5.1/stm32cubeide/plugins/com.st.stm32cube.ide.mcu.externaltools.gnu-tools-for-stm32.7-2018-q2-update.win32_1.5.0.202011040924/tools/bin/../lib/gcc/arm-none-eabi/7.3.1/thumb/v7e-m/fpv5/hard\libgcc.a
LOAD c:/program files/st/stm32cubeide_1.5.1/stm32cubeide/plugins/com.st.stm32cube.ide.mcu.externaltools.gnu-tools-for-stm32.7-2018-q2-update.win32_1.5.0.202011040924/tools/bin/../lib/gcc/arm-none-eabi/7.3.1/../../../../arm-none-eabi/lib/thumb/v7e-m/fpv5/hard\libc_nano.a
END GROUP
START GROUP
LOAD c:/program files/st/stm32cubeide_1.5.1/stm32cubeide/plugins/com.st.stm32cube.ide.mcu.externaltools.gnu-tools-for-stm32.7-2018-q2-update.win32_1.5.0.202011040924/tools/bin/../lib/gcc/arm-none-eabi/7.3.1/thumb/v7e-m/fpv5/hard\libgcc.a
LOAD c:/program files/st/stm32cubeide_1.5.1/stm32cubeide/plugins/com.st.stm32cube.ide.mcu.externaltools.gnu-tools-for-stm32.7-2018-q2-update.win32_1.5.0.202011040924/tools/bin/../lib/gcc/arm-none-eabi/7.3.1/../../../../arm-none-eabi/lib/thumb/v7e-m/fpv5/hard\libc_nano.a
LOAD c:/program files/st/stm32cubeide_1.5.1/stm32cubeide/plugins/com.st.stm32cube.ide.mcu.externaltools.gnu-tools-for-stm32.7-2018-q2-update.win32_1.5.0.202011040924/tools/bin/../lib/gcc/arm-none-eabi/7.3.1/../../../../arm-none-eabi/lib/thumb/v7e-m/fpv5/hard\libnosys.a
END GROUP
START GROUP
LOAD c:/program files/st/stm32cubeide_1.5.1/stm32cubeide/plugins/com.st.stm32cube.ide.mcu.externaltools.gnu-tools-for-stm32.7-2018-q2-update.win32_1.5.0.202011040924/tools/bin/../lib/gcc/arm-none-eabi/7.3.1/thumb/v7e-m/fpv5/hard\libgcc.a
LOAD c:/program files/st/stm32cubeide_1.5.1/stm32cubeide/plugins/com.st.stm32cube.ide.mcu.externaltools.gnu-tools-for-stm32.7-2018-q2-update.win32_1.5.0.202011040924/tools/bin/../lib/gcc/arm-none-eabi/7.3.1/../../../../arm-none-eabi/lib/thumb/v7e-m/fpv5/hard\libc_nano.a
LOAD c:/program files/st/stm32cubeide_1.5.1/stm32cubeide/plugins/com.st.stm32cube.ide.mcu.externaltools.gnu-tools-for-stm32.7-2018-q2-update.win32_1.5.0.202011040924/tools/bin/../lib/gcc/arm-none-eabi/7.3.1/../../../../arm-none-eabi/lib/thumb/v7e-m/fpv5/hard\libnosys.a
END GROUP
LOAD c:/program files/st/stm32cubeide_1.5.1/stm32cubeide/plugins/com.st.stm32cube.ide.mcu.externaltools.gnu-tools-for-stm32.7-2018-q2-update.win32_1.5.0.202011040924/tools/bin/../lib/gcc/arm-none-eabi/7.3.1/thumb/v7e-m/fpv5/hard/crtend.o
LOAD c:/program files/st/stm32cubeide_1.5.1/stm32cubeide/plugins/com.st.stm32cube.ide.mcu.externaltools.gnu-tools-for-stm32.7-2018-q2-update.win32_1.5.0.202011040924/tools/bin/../lib/gcc/arm-none-eabi/7.3.1/thumb/v7e-m/fpv5/hard/crtn.o
                0x0000000020020000                _estack = 0x20020000
                0x0000000000000200                _Min_Heap_Size = 0x200
                0x0000000000000400                _Min_Stack_Size = 0x400

.isr_vector     0x0000000008000000      0x298
                0x0000000008000000                . = ALIGN (0x4)
 *(.isr_vector)
 .isr_vector    0x0000000008000000      0x298 Core/Startup/startup_stm32h745zitx.o
                0x0000000008000000                g_pfnVectors
                0x0000000008000298                . = ALIGN (0x4)

.text           0x00000000080002a0     0xb074
                0x00000000080002a0                . = ALIGN (0x4)
 *(.text)
 .text          0x00000000080002a0       0x40 c:/program files/st/stm32cubeide_1.5.1/stm32cubeide/plugins/com.st.stm32cube.ide.mcu.externaltools.gnu-tools-for-stm32.7-2018-q2-update.win32_1.5.0.202011040924/tools/bin/../lib/gcc/arm-none-eabi/7.3.1/thumb/v7e-m/fpv5/hard/crtbegin.o
 .text          0x00000000080002e0       0x10 c:/program files/st/stm32cubeide_1.5.1/stm32cubeide/plugins/com.st.stm32cube.ide.mcu.externaltools.gnu-tools-for-stm32.7-2018-q2-update.win32_1.5.0.202011040924/tools/bin/../lib/gcc/arm-none-eabi/7.3.1/../../../../arm-none-eabi/lib/thumb/v7e-m/fpv5/hard\libc_nano.a(lib_a-strlen.o)
                0x00000000080002e0                strlen
 .text          0x00000000080002f0       0xa0 c:/program files/st/stm32cubeide_1.5.1/stm32cubeide/plugins/com.st.stm32cube.ide.mcu.externaltools.gnu-tools-for-stm32.7-2018-q2-update.win32_1.5.0.202011040924/tools/bin/../lib/gcc/arm-none-eabi/7.3.1/../../../../arm-none-eabi/lib/thumb/v7e-m/fpv5/hard\libc_nano.a(lib_a-memchr.o)
                0x00000000080002f0                memchr
 .text          0x0000000008000390       0x30 c:/program files/st/stm32cubeide_1.5.1/stm32cubeide/plugins/com.st.stm32cube.ide.mcu.externaltools.gnu-tools-for-stm32.7-2018-q2-update.win32_1.5.0.202011040924/tools/bin/../lib/gcc/arm-none-eabi/7.3.1/thumb/v7e-m/fpv5/hard\libgcc.a(_aeabi_uldivmod.o)
                0x0000000008000390                __aeabi_uldivmod
 .text          0x00000000080003c0      0x2cc c:/program files/st/stm32cubeide_1.5.1/stm32cubeide/plugins/com.st.stm32cube.ide.mcu.externaltools.gnu-tools-for-stm32.7-2018-q2-update.win32_1.5.0.202011040924/tools/bin/../lib/gcc/arm-none-eabi/7.3.1/thumb/v7e-m/fpv5/hard\libgcc.a(_udivmoddi4.o)
                0x00000000080003c0                __udivmoddi4
 .text          0x000000000800068c        0x4 c:/program files/st/stm32cubeide_1.5.1/stm32cubeide/plugins/com.st.stm32cube.ide.mcu.externaltools.gnu-tools-for-stm32.7-2018-q2-update.win32_1.5.0.202011040924/tools/bin/../lib/gcc/arm-none-eabi/7.3.1/thumb/v7e-m/fpv5/hard\libgcc.a(_dvmd_tls.o)
                0x000000000800068c                __aeabi_idiv0
                0x000000000800068c                __aeabi_ldiv0
 *(.text*)
 .text.SystemInit
                0x0000000008000690      0x134 Common/Src/system_stm32h7xx_dualcore_boot_cm4_cm7.o
                0x0000000008000690                SystemInit
 .text.MPU_9255_new
                0x00000000080007c4       0xec Core/Src/MPU_9255.o
                0x00000000080007c4                MPU_9255_new
 .text.writeByte
                0x00000000080008b0       0x3c Core/Src/MPU_9255.o
                0x00000000080008b0                writeByte
 .text.readByte
                0x00000000080008ec       0x42 Core/Src/MPU_9255.o
                0x00000000080008ec                readByte
 .text.readBytes
                0x000000000800092e       0x72 Core/Src/MPU_9255.o
                0x000000000800092e                readBytes
 .text.MPU_9255_whoami
                0x00000000080009a0       0x22 Core/Src/MPU_9255.o
                0x00000000080009a0                MPU_9255_whoami
 *fill*         0x00000000080009c2        0x6 
 .text.getMres  0x00000000080009c8       0x50 Core/Src/MPU_9255.o
                0x00000000080009c8                getMres
 .text.getGres  0x0000000008000a18       0x7c Core/Src/MPU_9255.o
                0x0000000008000a18                getGres
 .text.getAres  0x0000000008000a94       0x78 Core/Src/MPU_9255.o
                0x0000000008000a94                getAres
 *fill*         0x0000000008000b0c        0x4 
 .text.getRes   0x0000000008000b10       0x58 Core/Src/MPU_9255.o
                0x0000000008000b10                getRes
 .text.MPU_9255_readAccelData
                0x0000000008000b68       0xce Core/Src/MPU_9255.o
                0x0000000008000b68                MPU_9255_readAccelData
 .text.MPU_9255_readGyroData
                0x0000000008000c36       0xce Core/Src/MPU_9255.o
                0x0000000008000c36                MPU_9255_readGyroData
 .text.MPU_9255_readMagData
                0x0000000008000d04      0x116 Core/Src/MPU_9255.o
                0x0000000008000d04                MPU_9255_readMagData
 *fill*         0x0000000008000e1a        0x6 
 .text.MPU_9255_readTempData
                0x0000000008000e20       0x60 Core/Src/MPU_9255.o
                0x0000000008000e20                MPU_9255_readTempData
 .text.resetMPU9255
                0x0000000008000e80       0x26 Core/Src/MPU_9255.o
                0x0000000008000e80                resetMPU9255
 *fill*         0x0000000008000ea6        0x2 
 .text.initAK8963
                0x0000000008000ea8       0xf0 Core/Src/MPU_9255.o
                0x0000000008000ea8                initAK8963
 .text.initMPU9255
                0x0000000008000f98      0x178 Core/Src/MPU_9255.o
                0x0000000008000f98                initMPU9255
 .text.calibrateMPU9255
                0x0000000008001110      0x684 Core/Src/MPU_9255.o
                0x0000000008001110                calibrateMPU9255
 *fill*         0x0000000008001794        0x4 
 .text.MPU9255SelfTest
                0x0000000008001798      0x6a4 Core/Src/MPU_9255.o
                0x0000000008001798                MPU9255SelfTest
 .text.MPU_9255_initSensor
                0x0000000008001e3c       0x58 Core/Src/MPU_9255.o
                0x0000000008001e3c                MPU_9255_initSensor
 *fill*         0x0000000008001e94        0x4 
 .text.MPU_9255_printInfo
                0x0000000008001e98      0x1e4 Core/Src/MPU_9255.o
                0x0000000008001e98                MPU_9255_printInfo
 .text.MPU_9255_isDataReady
                0x000000000800207c       0x28 Core/Src/MPU_9255.o
                0x000000000800207c                MPU_9255_isDataReady
 .text.MPU_9255_delay
                0x00000000080020a4       0x16 Core/Src/main.o
                0x00000000080020a4                MPU_9255_delay
 *fill*         0x00000000080020ba        0x2 
 .text.nmpu1_i2c_read
                0x00000000080020bc       0x30 Core/Src/main.o
                0x00000000080020bc                nmpu1_i2c_read
 .text.nmpu1_i2c_write
                0x00000000080020ec       0x30 Core/Src/main.o
                0x00000000080020ec                nmpu1_i2c_write
 *fill*         0x000000000800211c        0x4 
 .text.main     0x0000000008002120      0x228 Core/Src/main.o
                0x0000000008002120                main
 .text.SystemClock_Config
                0x0000000008002348      0x16c Core/Src/main.o
                0x0000000008002348                SystemClock_Config
 .text.MX_I2C1_Init
                0x00000000080024b4       0x80 Core/Src/main.o
 .text.MX_TIM3_Init
                0x0000000008002534       0x9c Core/Src/main.o
 .text.MX_USART3_UART_Init
                0x00000000080025d0       0x98 Core/Src/main.o
 .text.MX_GPIO_Init
                0x0000000008002668      0x18c Core/Src/main.o
 .text.connecting_MPU_9255
                0x00000000080027f4       0x68 Core/Src/main.o
                0x00000000080027f4                connecting_MPU_9255
 .text.Error_Handler
                0x000000000800285c        0x8 Core/Src/main.o
                0x000000000800285c                Error_Handler
 .text.HAL_MspInit
                0x0000000008002864       0x34 Core/Src/stm32h7xx_hal_msp.o
                0x0000000008002864                HAL_MspInit
 .text.HAL_I2C_MspInit
                0x0000000008002898       0x94 Core/Src/stm32h7xx_hal_msp.o
                0x0000000008002898                HAL_I2C_MspInit
 .text.HAL_TIM_Base_MspInit
                0x000000000800292c       0x50 Core/Src/stm32h7xx_hal_msp.o
                0x000000000800292c                HAL_TIM_Base_MspInit
 .text.HAL_UART_MspInit
                0x000000000800297c       0x94 Core/Src/stm32h7xx_hal_msp.o
                0x000000000800297c                HAL_UART_MspInit
 .text.NMI_Handler
                0x0000000008002a10        0x6 Core/Src/stm32h7xx_it.o
                0x0000000008002a10                NMI_Handler
 .text.HardFault_Handler
                0x0000000008002a16        0x6 Core/Src/stm32h7xx_it.o
                0x0000000008002a16                HardFault_Handler
 .text.MemManage_Handler
                0x0000000008002a1c        0x6 Core/Src/stm32h7xx_it.o
                0x0000000008002a1c                MemManage_Handler
 .text.BusFault_Handler
                0x0000000008002a22        0x6 Core/Src/stm32h7xx_it.o
                0x0000000008002a22                BusFault_Handler
 .text.UsageFault_Handler
                0x0000000008002a28        0x6 Core/Src/stm32h7xx_it.o
                0x0000000008002a28                UsageFault_Handler
 .text.SVC_Handler
                0x0000000008002a2e        0xe Core/Src/stm32h7xx_it.o
                0x0000000008002a2e                SVC_Handler
 .text.DebugMon_Handler
                0x0000000008002a3c        0xe Core/Src/stm32h7xx_it.o
                0x0000000008002a3c                DebugMon_Handler
 .text.PendSV_Handler
                0x0000000008002a4a        0xe Core/Src/stm32h7xx_it.o
                0x0000000008002a4a                PendSV_Handler
 .text.SysTick_Handler
                0x0000000008002a58        0xc Core/Src/stm32h7xx_it.o
                0x0000000008002a58                SysTick_Handler
 .text.TIM3_IRQHandler
                0x0000000008002a64       0x14 Core/Src/stm32h7xx_it.o
                0x0000000008002a64                TIM3_IRQHandler
 .text._read    0x0000000008002a78       0x3a Core/Src/syscalls.o
                0x0000000008002a78                _read
 .text._write   0x0000000008002ab2       0x38 Core/Src/syscalls.o
                0x0000000008002ab2                _write
 .text._close   0x0000000008002aea       0x18 Core/Src/syscalls.o
                0x0000000008002aea                _close
 .text._fstat   0x0000000008002b02       0x20 Core/Src/syscalls.o
                0x0000000008002b02                _fstat
 .text._isatty  0x0000000008002b22       0x16 Core/Src/syscalls.o
                0x0000000008002b22                _isatty
 .text._lseek   0x0000000008002b38       0x1a Core/Src/syscalls.o
                0x0000000008002b38                _lseek
 *fill*         0x0000000008002b52        0x2 
 .text._sbrk    0x0000000008002b54       0x6c Core/Src/sysmem.o
                0x0000000008002b54                _sbrk
 .text.Reset_Handler
                0x0000000008002bc0       0x50 Core/Startup/startup_stm32h745zitx.o
                0x0000000008002bc0                Reset_Handler
 .text.Default_Handler
                0x0000000008002c10        0x2 Core/Startup/startup_stm32h745zitx.o
                0x0000000008002c10                RTC_Alarm_IRQHandler
                0x0000000008002c10                EXTI2_IRQHandler
                0x0000000008002c10                TIM8_CC_IRQHandler
                0x0000000008002c10                HRTIM1_Master_IRQHandler
                0x0000000008002c10                UART8_IRQHandler
                0x0000000008002c10                SPI4_IRQHandler
                0x0000000008002c10                TIM1_CC_IRQHandler
                0x0000000008002c10                BDMA_Channel6_IRQHandler
                0x0000000008002c10                DMA2_Stream5_IRQHandler
                0x0000000008002c10                HRTIM1_FLT_IRQHandler
                0x0000000008002c10                JPEG_IRQHandler
                0x0000000008002c10                DMA1_Stream5_IRQHandler
                0x0000000008002c10                BDMA_Channel1_IRQHandler
                0x0000000008002c10                HRTIM1_TIMD_IRQHandler
                0x0000000008002c10                TAMP_STAMP_IRQHandler
                0x0000000008002c10                EXTI3_IRQHandler
                0x0000000008002c10                LPTIM4_IRQHandler
                0x0000000008002c10                TIM8_TRG_COM_TIM14_IRQHandler
                0x0000000008002c10                LPTIM2_IRQHandler
                0x0000000008002c10                DFSDM1_FLT1_IRQHandler
                0x0000000008002c10                DMAMUX2_OVR_IRQHandler
                0x0000000008002c10                TIM8_UP_TIM13_IRQHandler
                0x0000000008002c10                I2C3_ER_IRQHandler
                0x0000000008002c10                DFSDM1_FLT2_IRQHandler
                0x0000000008002c10                MDMA_IRQHandler
                0x0000000008002c10                LPTIM3_IRQHandler
                0x0000000008002c10                HSEM1_IRQHandler
                0x0000000008002c10                EXTI0_IRQHandler
                0x0000000008002c10                I2C2_EV_IRQHandler
                0x0000000008002c10                DMA1_Stream2_IRQHandler
                0x0000000008002c10                FPU_IRQHandler
                0x0000000008002c10                OTG_HS_WKUP_IRQHandler
                0x0000000008002c10                FDCAN1_IT1_IRQHandler
                0x0000000008002c10                LTDC_ER_IRQHandler
                0x0000000008002c10                DMA2_Stream2_IRQHandler
                0x0000000008002c10                HRTIM1_TIME_IRQHandler
                0x0000000008002c10                SPI1_IRQHandler
                0x0000000008002c10                TIM6_DAC_IRQHandler
                0x0000000008002c10                DCMI_IRQHandler
                0x0000000008002c10                HRTIM1_TIMC_IRQHandler
                0x0000000008002c10                DMA2_Stream3_IRQHandler
                0x0000000008002c10                SAI2_IRQHandler
                0x0000000008002c10                DFSDM1_FLT3_IRQHandler
                0x0000000008002c10                USART6_IRQHandler
                0x0000000008002c10                TIM17_IRQHandler
                0x0000000008002c10                USART3_IRQHandler
                0x0000000008002c10                BDMA_Channel7_IRQHandler
                0x0000000008002c10                LPTIM5_IRQHandler
                0x0000000008002c10                UART5_IRQHandler
                0x0000000008002c10                ADC3_IRQHandler
                0x0000000008002c10                DMA2_Stream0_IRQHandler
                0x0000000008002c10                TIM4_IRQHandler
                0x0000000008002c10                BDMA_Channel2_IRQHandler
                0x0000000008002c10                QUADSPI_IRQHandler
                0x0000000008002c10                I2C1_EV_IRQHandler
                0x0000000008002c10                DMA1_Stream6_IRQHandler
                0x0000000008002c10                DMAMUX1_OVR_IRQHandler
                0x0000000008002c10                DMA1_Stream1_IRQHandler
                0x0000000008002c10                TIM16_IRQHandler
                0x0000000008002c10                UART4_IRQHandler
                0x0000000008002c10                BDMA_Channel5_IRQHandler
                0x0000000008002c10                RCC_IRQHandler
                0x0000000008002c10                TIM8_BRK_TIM12_IRQHandler
                0x0000000008002c10                TIM1_TRG_COM_IRQHandler
                0x0000000008002c10                Default_Handler
                0x0000000008002c10                ECC_IRQHandler
                0x0000000008002c10                CEC_IRQHandler
                0x0000000008002c10                EXTI15_10_IRQHandler
                0x0000000008002c10                BDMA_Channel0_IRQHandler
                0x0000000008002c10                ADC_IRQHandler
                0x0000000008002c10                DMA1_Stream7_IRQHandler
                0x0000000008002c10                HRTIM1_TIMA_IRQHandler
                0x0000000008002c10                SPI5_IRQHandler
                0x0000000008002c10                TIM7_IRQHandler
                0x0000000008002c10                SDMMC1_IRQHandler
                0x0000000008002c10                TIM5_IRQHandler
                0x0000000008002c10                DMA2_Stream7_IRQHandler
                0x0000000008002c10                TIM15_IRQHandler
                0x0000000008002c10                PVD_AVD_IRQHandler
                0x0000000008002c10                I2C3_EV_IRQHandler
                0x0000000008002c10                EXTI9_5_IRQHandler
                0x0000000008002c10                RTC_WKUP_IRQHandler
                0x0000000008002c10                LTDC_IRQHandler
                0x0000000008002c10                SAI3_IRQHandler
                0x0000000008002c10                ETH_WKUP_IRQHandler
                0x0000000008002c10                SPDIF_RX_IRQHandler
                0x0000000008002c10                SPI2_IRQHandler
                0x0000000008002c10                OTG_HS_EP1_IN_IRQHandler
                0x0000000008002c10                DMA1_Stream0_IRQHandler
                0x0000000008002c10                CRS_IRQHandler
                0x0000000008002c10                CM7_SEV_IRQHandler
                0x0000000008002c10                EXTI4_IRQHandler
                0x0000000008002c10                RNG_IRQHandler
                0x0000000008002c10                CM4_SEV_IRQHandler
                0x0000000008002c10                HRTIM1_TIMB_IRQHandler
                0x0000000008002c10                FDCAN2_IT1_IRQHandler
                0x0000000008002c10                ETH_IRQHandler
                0x0000000008002c10                TIM1_UP_IRQHandler
                0x0000000008002c10                WWDG_RST_IRQHandler
                0x0000000008002c10                BDMA_Channel4_IRQHandler
                0x0000000008002c10                OTG_HS_EP1_OUT_IRQHandler
                0x0000000008002c10                WWDG_IRQHandler
                0x0000000008002c10                SPI6_IRQHandler
                0x0000000008002c10                MDIOS_IRQHandler
                0x0000000008002c10                I2C4_EV_IRQHandler
                0x0000000008002c10                FDCAN2_IT0_IRQHandler
                0x0000000008002c10                LPUART1_IRQHandler
                0x0000000008002c10                FDCAN1_IT0_IRQHandler
                0x0000000008002c10                TIM2_IRQHandler
                0x0000000008002c10                OTG_FS_WKUP_IRQHandler
                0x0000000008002c10                OTG_HS_IRQHandler
                0x0000000008002c10                HSEM2_IRQHandler
                0x0000000008002c10                DMA2D_IRQHandler
                0x0000000008002c10                TIM1_BRK_IRQHandler
                0x0000000008002c10                EXTI1_IRQHandler
                0x0000000008002c10                SDMMC2_IRQHandler
                0x0000000008002c10                OTG_FS_EP1_OUT_IRQHandler
                0x0000000008002c10                BDMA_Channel3_IRQHandler
                0x0000000008002c10                HOLD_CORE_IRQHandler
                0x0000000008002c10                UART7_IRQHandler
                0x0000000008002c10                MDIOS_WKUP_IRQHandler
                0x0000000008002c10                USART2_IRQHandler
                0x0000000008002c10                DFSDM1_FLT0_IRQHandler
                0x0000000008002c10                SAI4_IRQHandler
                0x0000000008002c10                I2C2_ER_IRQHandler
                0x0000000008002c10                DMA2_Stream1_IRQHandler
                0x0000000008002c10                FLASH_IRQHandler
                0x0000000008002c10                DMA2_Stream4_IRQHandler
                0x0000000008002c10                USART1_IRQHandler
                0x0000000008002c10                OTG_FS_IRQHandler
                0x0000000008002c10                SPI3_IRQHandler
                0x0000000008002c10                WAKEUP_PIN_IRQHandler
                0x0000000008002c10                DMA1_Stream4_IRQHandler
                0x0000000008002c10                OTG_FS_EP1_IN_IRQHandler
                0x0000000008002c10                I2C1_ER_IRQHandler
                0x0000000008002c10                FMC_IRQHandler
                0x0000000008002c10                FDCAN_CAL_IRQHandler
                0x0000000008002c10                SWPMI1_IRQHandler
                0x0000000008002c10                COMP1_IRQHandler
                0x0000000008002c10                LPTIM1_IRQHandler
                0x0000000008002c10                I2C4_ER_IRQHandler
                0x0000000008002c10                DMA2_Stream6_IRQHandler
                0x0000000008002c10                SAI1_IRQHandler
                0x0000000008002c10                DMA1_Stream3_IRQHandler
 *fill*         0x0000000008002c12        0x2 
 .text.HAL_Init
                0x0000000008002c14       0x78 Drivers/STM32H7xx_HAL_Driver/stm32h7xx_hal.o
                0x0000000008002c14                HAL_Init
 .text.HAL_InitTick
                0x0000000008002c8c       0x6c Drivers/STM32H7xx_HAL_Driver/stm32h7xx_hal.o
                0x0000000008002c8c                HAL_InitTick
 .text.HAL_IncTick
                0x0000000008002cf8       0x28 Drivers/STM32H7xx_HAL_Driver/stm32h7xx_hal.o
                0x0000000008002cf8                HAL_IncTick
 .text.HAL_GetTick
                0x0000000008002d20       0x18 Drivers/STM32H7xx_HAL_Driver/stm32h7xx_hal.o
                0x0000000008002d20                HAL_GetTick
 .text.HAL_Delay
                0x0000000008002d38       0x44 Drivers/STM32H7xx_HAL_Driver/stm32h7xx_hal.o
                0x0000000008002d38                HAL_Delay
 .text.HAL_GetREVID
                0x0000000008002d7c       0x18 Drivers/STM32H7xx_HAL_Driver/stm32h7xx_hal.o
                0x0000000008002d7c                HAL_GetREVID
 .text.__NVIC_SetPriorityGrouping
                0x0000000008002d94       0x48 Drivers/STM32H7xx_HAL_Driver/stm32h7xx_hal_cortex.o
 .text.__NVIC_GetPriorityGrouping
                0x0000000008002ddc       0x1c Drivers/STM32H7xx_HAL_Driver/stm32h7xx_hal_cortex.o
 .text.__NVIC_EnableIRQ
                0x0000000008002df8       0x3c Drivers/STM32H7xx_HAL_Driver/stm32h7xx_hal_cortex.o
 .text.__NVIC_SetPriority
                0x0000000008002e34       0x54 Drivers/STM32H7xx_HAL_Driver/stm32h7xx_hal_cortex.o
 .text.NVIC_EncodePriority
                0x0000000008002e88       0x66 Drivers/STM32H7xx_HAL_Driver/stm32h7xx_hal_cortex.o
 *fill*         0x0000000008002eee        0x2 
 .text.SysTick_Config
                0x0000000008002ef0       0x44 Drivers/STM32H7xx_HAL_Driver/stm32h7xx_hal_cortex.o
 .text.HAL_NVIC_SetPriorityGrouping
                0x0000000008002f34       0x16 Drivers/STM32H7xx_HAL_Driver/stm32h7xx_hal_cortex.o
                0x0000000008002f34                HAL_NVIC_SetPriorityGrouping
 .text.HAL_NVIC_SetPriority
                0x0000000008002f4a       0x34 Drivers/STM32H7xx_HAL_Driver/stm32h7xx_hal_cortex.o
                0x0000000008002f4a                HAL_NVIC_SetPriority
 .text.HAL_NVIC_EnableIRQ
                0x0000000008002f7e       0x1c Drivers/STM32H7xx_HAL_Driver/stm32h7xx_hal_cortex.o
                0x0000000008002f7e                HAL_NVIC_EnableIRQ
 .text.HAL_SYSTICK_Config
                0x0000000008002f9a       0x18 Drivers/STM32H7xx_HAL_Driver/stm32h7xx_hal_cortex.o
                0x0000000008002f9a                HAL_SYSTICK_Config
 *fill*         0x0000000008002fb2        0x2 
 .text.HAL_GPIO_Init
                0x0000000008002fb4      0x360 Drivers/STM32H7xx_HAL_Driver/stm32h7xx_hal_gpio.o
                0x0000000008002fb4                HAL_GPIO_Init
 .text.HAL_HSEM_FastTake
                0x0000000008003314       0x34 Drivers/STM32H7xx_HAL_Driver/stm32h7xx_hal_hsem.o
                0x0000000008003314                HAL_HSEM_FastTake
 .text.HAL_HSEM_Release
                0x0000000008003348       0x28 Drivers/STM32H7xx_HAL_Driver/stm32h7xx_hal_hsem.o
                0x0000000008003348                HAL_HSEM_Release
 .text.HAL_I2C_Init
                0x0000000008003370      0x120 Drivers/STM32H7xx_HAL_Driver/stm32h7xx_hal_i2c.o
                0x0000000008003370                HAL_I2C_Init
 .text.HAL_I2C_Master_Transmit
                0x0000000008003490      0x1e8 Drivers/STM32H7xx_HAL_Driver/stm32h7xx_hal_i2c.o
                0x0000000008003490                HAL_I2C_Master_Transmit
 .text.HAL_I2C_Master_Receive
                0x0000000008003678      0x1ec Drivers/STM32H7xx_HAL_Driver/stm32h7xx_hal_i2c.o
                0x0000000008003678                HAL_I2C_Master_Receive
 .text.I2C_Flush_TXDR
                0x0000000008003864       0x48 Drivers/STM32H7xx_HAL_Driver/stm32h7xx_hal_i2c.o
 .text.I2C_WaitOnFlagUntilTimeout
                0x00000000080038ac       0x80 Drivers/STM32H7xx_HAL_Driver/stm32h7xx_hal_i2c.o
 .text.I2C_WaitOnTXISFlagUntilTimeout
                0x000000000800392c       0x80 Drivers/STM32H7xx_HAL_Driver/stm32h7xx_hal_i2c.o
 .text.I2C_WaitOnSTOPFlagUntilTimeout
                0x00000000080039ac       0x78 Drivers/STM32H7xx_HAL_Driver/stm32h7xx_hal_i2c.o
 .text.I2C_WaitOnRXNEFlagUntilTimeout
                0x0000000008003a24       0xd8 Drivers/STM32H7xx_HAL_Driver/stm32h7xx_hal_i2c.o
 .text.I2C_IsAcknowledgeFailed
                0x0000000008003afc       0xcc Drivers/STM32H7xx_HAL_Driver/stm32h7xx_hal_i2c.o
 .text.I2C_TransferConfig
                0x0000000008003bc8       0x5c Drivers/STM32H7xx_HAL_Driver/stm32h7xx_hal_i2c.o
 .text.HAL_I2CEx_ConfigAnalogFilter
                0x0000000008003c24       0x96 Drivers/STM32H7xx_HAL_Driver/stm32h7xx_hal_i2c_ex.o
                0x0000000008003c24                HAL_I2CEx_ConfigAnalogFilter
 .text.HAL_I2CEx_ConfigDigitalFilter
                0x0000000008003cba       0x98 Drivers/STM32H7xx_HAL_Driver/stm32h7xx_hal_i2c_ex.o
                0x0000000008003cba                HAL_I2CEx_ConfigDigitalFilter
 *fill*         0x0000000008003d52        0x2 
 .text.HAL_PWREx_ConfigSupply
                0x0000000008003d54       0xb4 Drivers/STM32H7xx_HAL_Driver/stm32h7xx_hal_pwr_ex.o
                0x0000000008003d54                HAL_PWREx_ConfigSupply
 .text.HAL_RCC_OscConfig
                0x0000000008003e08      0x820 Drivers/STM32H7xx_HAL_Driver/stm32h7xx_hal_rcc.o
                0x0000000008003e08                HAL_RCC_OscConfig
 .text.HAL_RCC_ClockConfig
                0x0000000008004628      0x36c Drivers/STM32H7xx_HAL_Driver/stm32h7xx_hal_rcc.o
                0x0000000008004628                HAL_RCC_ClockConfig
 .text.HAL_RCC_GetSysClockFreq
                0x0000000008004994      0x2e4 Drivers/STM32H7xx_HAL_Driver/stm32h7xx_hal_rcc.o
                0x0000000008004994                HAL_RCC_GetSysClockFreq
 .text.HAL_RCC_GetHCLKFreq
                0x0000000008004c78       0x60 Drivers/STM32H7xx_HAL_Driver/stm32h7xx_hal_rcc.o
                0x0000000008004c78                HAL_RCC_GetHCLKFreq
 .text.HAL_RCC_GetPCLK1Freq
                0x0000000008004cd8       0x2c Drivers/STM32H7xx_HAL_Driver/stm32h7xx_hal_rcc.o
                0x0000000008004cd8                HAL_RCC_GetPCLK1Freq
 .text.HAL_RCC_GetPCLK2Freq
                0x0000000008004d04       0x2c Drivers/STM32H7xx_HAL_Driver/stm32h7xx_hal_rcc.o
                0x0000000008004d04                HAL_RCC_GetPCLK2Freq
 .text.HAL_RCCEx_PeriphCLKConfig
                0x0000000008004d30      0xddc Drivers/STM32H7xx_HAL_Driver/stm32h7xx_hal_rcc_ex.o
                0x0000000008004d30                HAL_RCCEx_PeriphCLKConfig
 .text.HAL_RCCEx_GetD3PCLK1Freq
                0x0000000008005b0c       0x2c Drivers/STM32H7xx_HAL_Driver/stm32h7xx_hal_rcc_ex.o
                0x0000000008005b0c                HAL_RCCEx_GetD3PCLK1Freq
 .text.HAL_RCCEx_GetPLL2ClockFreq
                0x0000000008005b38      0x298 Drivers/STM32H7xx_HAL_Driver/stm32h7xx_hal_rcc_ex.o
                0x0000000008005b38                HAL_RCCEx_GetPLL2ClockFreq
 .text.HAL_RCCEx_GetPLL3ClockFreq
                0x0000000008005dd0      0x298 Drivers/STM32H7xx_HAL_Driver/stm32h7xx_hal_rcc_ex.o
                0x0000000008005dd0                HAL_RCCEx_GetPLL3ClockFreq
 .text.RCCEx_PLL2_Config
                0x0000000008006068      0x164 Drivers/STM32H7xx_HAL_Driver/stm32h7xx_hal_rcc_ex.o
 .text.RCCEx_PLL3_Config
                0x00000000080061cc      0x164 Drivers/STM32H7xx_HAL_Driver/stm32h7xx_hal_rcc_ex.o
 .text.HAL_TIM_Base_Init
                0x0000000008006330       0xae Drivers/STM32H7xx_HAL_Driver/stm32h7xx_hal_tim.o
                0x0000000008006330                HAL_TIM_Base_Init
 .text.HAL_TIM_IRQHandler
                0x00000000080063de      0x23e Drivers/STM32H7xx_HAL_Driver/stm32h7xx_hal_tim.o
                0x00000000080063de                HAL_TIM_IRQHandler
 .text.HAL_TIM_ConfigClockSource
                0x000000000800661c      0x1a0 Drivers/STM32H7xx_HAL_Driver/stm32h7xx_hal_tim.o
                0x000000000800661c                HAL_TIM_ConfigClockSource
 .text.HAL_TIM_PeriodElapsedCallback
                0x00000000080067bc       0x14 Drivers/STM32H7xx_HAL_Driver/stm32h7xx_hal_tim.o
                0x00000000080067bc                HAL_TIM_PeriodElapsedCallback
 .text.HAL_TIM_OC_DelayElapsedCallback
                0x00000000080067d0       0x14 Drivers/STM32H7xx_HAL_Driver/stm32h7xx_hal_tim.o
                0x00000000080067d0                HAL_TIM_OC_DelayElapsedCallback
 .text.HAL_TIM_IC_CaptureCallback
                0x00000000080067e4       0x14 Drivers/STM32H7xx_HAL_Driver/stm32h7xx_hal_tim.o
                0x00000000080067e4                HAL_TIM_IC_CaptureCallback
 .text.HAL_TIM_PWM_PulseFinishedCallback
                0x00000000080067f8       0x14 Drivers/STM32H7xx_HAL_Driver/stm32h7xx_hal_tim.o
                0x00000000080067f8                HAL_TIM_PWM_PulseFinishedCallback
 .text.HAL_TIM_TriggerCallback
                0x000000000800680c       0x14 Drivers/STM32H7xx_HAL_Driver/stm32h7xx_hal_tim.o
                0x000000000800680c                HAL_TIM_TriggerCallback
 .text.TIM_Base_SetConfig
                0x0000000008006820      0x134 Drivers/STM32H7xx_HAL_Driver/stm32h7xx_hal_tim.o
                0x0000000008006820                TIM_Base_SetConfig
 .text.TIM_TI1_ConfigInputStage
                0x0000000008006954       0x5e Drivers/STM32H7xx_HAL_Driver/stm32h7xx_hal_tim.o
 .text.TIM_TI2_ConfigInputStage
                0x00000000080069b2       0x60 Drivers/STM32H7xx_HAL_Driver/stm32h7xx_hal_tim.o
 *fill*         0x0000000008006a12        0x2 
 .text.TIM_ITRx_SetConfig
                0x0000000008006a14       0x3c Drivers/STM32H7xx_HAL_Driver/stm32h7xx_hal_tim.o
 .text.TIM_ETR_SetConfig
                0x0000000008006a50       0x40 Drivers/STM32H7xx_HAL_Driver/stm32h7xx_hal_tim.o
                0x0000000008006a50                TIM_ETR_SetConfig
 .text.HAL_TIMEx_MasterConfigSynchronization
                0x0000000008006a90      0x110 Drivers/STM32H7xx_HAL_Driver/stm32h7xx_hal_tim_ex.o
                0x0000000008006a90                HAL_TIMEx_MasterConfigSynchronization
 .text.HAL_TIMEx_CommutCallback
                0x0000000008006ba0       0x14 Drivers/STM32H7xx_HAL_Driver/stm32h7xx_hal_tim_ex.o
                0x0000000008006ba0                HAL_TIMEx_CommutCallback
 .text.HAL_TIMEx_BreakCallback
                0x0000000008006bb4       0x14 Drivers/STM32H7xx_HAL_Driver/stm32h7xx_hal_tim_ex.o
                0x0000000008006bb4                HAL_TIMEx_BreakCallback
 .text.HAL_TIMEx_Break2Callback
                0x0000000008006bc8       0x14 Drivers/STM32H7xx_HAL_Driver/stm32h7xx_hal_tim_ex.o
                0x0000000008006bc8                HAL_TIMEx_Break2Callback
 .text.HAL_UART_Init
                0x0000000008006bdc       0xa0 Drivers/STM32H7xx_HAL_Driver/stm32h7xx_hal_uart.o
                0x0000000008006bdc                HAL_UART_Init
 .text.HAL_UART_Transmit
                0x0000000008006c7c      0x12c Drivers/STM32H7xx_HAL_Driver/stm32h7xx_hal_uart.o
                0x0000000008006c7c                HAL_UART_Transmit
 .text.UART_SetConfig
                0x0000000008006da8      0xb60 Drivers/STM32H7xx_HAL_Driver/stm32h7xx_hal_uart.o
                0x0000000008006da8                UART_SetConfig
 .text.UART_AdvFeatureConfig
                0x0000000008007908      0x144 Drivers/STM32H7xx_HAL_Driver/stm32h7xx_hal_uart.o
                0x0000000008007908                UART_AdvFeatureConfig
 .text.UART_CheckIdleState
                0x0000000008007a4c       0x90 Drivers/STM32H7xx_HAL_Driver/stm32h7xx_hal_uart.o
                0x0000000008007a4c                UART_CheckIdleState
 .text.UART_WaitOnFlagUntilTimeout
                0x0000000008007adc      0x100 Drivers/STM32H7xx_HAL_Driver/stm32h7xx_hal_uart.o
                0x0000000008007adc                UART_WaitOnFlagUntilTimeout
 .text.HAL_UARTEx_DisableFifoMode
                0x0000000008007bdc       0x72 Drivers/STM32H7xx_HAL_Driver/stm32h7xx_hal_uart_ex.o
                0x0000000008007bdc                HAL_UARTEx_DisableFifoMode
 .text.HAL_UARTEx_SetTxFifoThreshold
                0x0000000008007c4e       0x7c Drivers/STM32H7xx_HAL_Driver/stm32h7xx_hal_uart_ex.o
                0x0000000008007c4e                HAL_UARTEx_SetTxFifoThreshold
 .text.HAL_UARTEx_SetRxFifoThreshold
                0x0000000008007cca       0x7c Drivers/STM32H7xx_HAL_Driver/stm32h7xx_hal_uart_ex.o
                0x0000000008007cca                HAL_UARTEx_SetRxFifoThreshold
 *fill*         0x0000000008007d46        0x2 
 .text.UARTEx_SetNbDataToProcess
                0x0000000008007d48       0xd0 Drivers/STM32H7xx_HAL_Driver/stm32h7xx_hal_uart_ex.o
 .text.__errno  0x0000000008007e18        0xc c:/program files/st/stm32cubeide_1.5.1/stm32cubeide/plugins/com.st.stm32cube.ide.mcu.externaltools.gnu-tools-for-stm32.7-2018-q2-update.win32_1.5.0.202011040924/tools/bin/../lib/gcc/arm-none-eabi/7.3.1/../../../../arm-none-eabi/lib/thumb/v7e-m/fpv5/hard\libc_nano.a(lib_a-errno.o)
                0x0000000008007e18                __errno
 .text.__libc_init_array
                0x0000000008007e24       0x48 c:/program files/st/stm32cubeide_1.5.1/stm32cubeide/plugins/com.st.stm32cube.ide.mcu.externaltools.gnu-tools-for-stm32.7-2018-q2-update.win32_1.5.0.202011040924/tools/bin/../lib/gcc/arm-none-eabi/7.3.1/../../../../arm-none-eabi/lib/thumb/v7e-m/fpv5/hard\libc_nano.a(lib_a-init.o)
                0x0000000008007e24                __libc_init_array
 .text.malloc   0x0000000008007e6c       0x10 c:/program files/st/stm32cubeide_1.5.1/stm32cubeide/plugins/com.st.stm32cube.ide.mcu.externaltools.gnu-tools-for-stm32.7-2018-q2-update.win32_1.5.0.202011040924/tools/bin/../lib/gcc/arm-none-eabi/7.3.1/../../../../arm-none-eabi/lib/thumb/v7e-m/fpv5/hard\libc_nano.a(lib_a-malloc.o)
                0x0000000008007e6c                malloc
 .text.memset   0x0000000008007e7c       0x10 c:/program files/st/stm32cubeide_1.5.1/stm32cubeide/plugins/com.st.stm32cube.ide.mcu.externaltools.gnu-tools-for-stm32.7-2018-q2-update.win32_1.5.0.202011040924/tools/bin/../lib/gcc/arm-none-eabi/7.3.1/../../../../arm-none-eabi/lib/thumb/v7e-m/fpv5/hard\libc_nano.a(lib_a-memset.o)
                0x0000000008007e7c                memset
 .text._free_r  0x0000000008007e8c       0x9c c:/program files/st/stm32cubeide_1.5.1/stm32cubeide/plugins/com.st.stm32cube.ide.mcu.externaltools.gnu-tools-for-stm32.7-2018-q2-update.win32_1.5.0.202011040924/tools/bin/../lib/gcc/arm-none-eabi/7.3.1/../../../../arm-none-eabi/lib/thumb/v7e-m/fpv5/hard\libc_nano.a(lib_a-nano-freer.o)
                0x0000000008007e8c                _free_r
 .text._malloc_r
                0x0000000008007f28       0xb4 c:/program files/st/stm32cubeide_1.5.1/stm32cubeide/plugins/com.st.stm32cube.ide.mcu.externaltools.gnu-tools-for-stm32.7-2018-q2-update.win32_1.5.0.202011040924/tools/bin/../lib/gcc/arm-none-eabi/7.3.1/../../../../arm-none-eabi/lib/thumb/v7e-m/fpv5/hard\libc_nano.a(lib_a-nano-mallocr.o)
                0x0000000008007f28                _malloc_r
 .text.__cvt    0x0000000008007fdc       0xa4 c:/program files/st/stm32cubeide_1.5.1/stm32cubeide/plugins/com.st.stm32cube.ide.mcu.externaltools.gnu-tools-for-stm32.7-2018-q2-update.win32_1.5.0.202011040924/tools/bin/../lib/gcc/arm-none-eabi/7.3.1/../../../../arm-none-eabi/lib/thumb/v7e-m/fpv5/hard\libc_nano.a(lib_a-nano-vfprintf_float.o)
                0x0000000008007fdc                __cvt
 .text.__exponent
                0x0000000008008080       0x66 c:/program files/st/stm32cubeide_1.5.1/stm32cubeide/plugins/com.st.stm32cube.ide.mcu.externaltools.gnu-tools-for-stm32.7-2018-q2-update.win32_1.5.0.202011040924/tools/bin/../lib/gcc/arm-none-eabi/7.3.1/../../../../arm-none-eabi/lib/thumb/v7e-m/fpv5/hard\libc_nano.a(lib_a-nano-vfprintf_float.o)
                0x0000000008008080                __exponent
 *fill*         0x00000000080080e6        0x2 
 .text._printf_float
                0x00000000080080e8      0x458 c:/program files/st/stm32cubeide_1.5.1/stm32cubeide/plugins/com.st.stm32cube.ide.mcu.externaltools.gnu-tools-for-stm32.7-2018-q2-update.win32_1.5.0.202011040924/tools/bin/../lib/gcc/arm-none-eabi/7.3.1/../../../../arm-none-eabi/lib/thumb/v7e-m/fpv5/hard\libc_nano.a(lib_a-nano-vfprintf_float.o)
                0x00000000080080e8                _printf_float
 .text._printf_common
                0x0000000008008540       0xea c:/program files/st/stm32cubeide_1.5.1/stm32cubeide/plugins/com.st.stm32cube.ide.mcu.externaltools.gnu-tools-for-stm32.7-2018-q2-update.win32_1.5.0.202011040924/tools/bin/../lib/gcc/arm-none-eabi/7.3.1/../../../../arm-none-eabi/lib/thumb/v7e-m/fpv5/hard\libc_nano.a(lib_a-nano-vfprintf_i.o)
                0x0000000008008540                _printf_common
 *fill*         0x000000000800862a        0x2 
 .text._printf_i
                0x000000000800862c      0x224 c:/program files/st/stm32cubeide_1.5.1/stm32cubeide/plugins/com.st.stm32cube.ide.mcu.externaltools.gnu-tools-for-stm32.7-2018-q2-update.win32_1.5.0.202011040924/tools/bin/../lib/gcc/arm-none-eabi/7.3.1/../../../../arm-none-eabi/lib/thumb/v7e-m/fpv5/hard\libc_nano.a(lib_a-nano-vfprintf_i.o)
                0x000000000800862c                _printf_i
 .text.printf   0x0000000008008850       0x30 c:/program files/st/stm32cubeide_1.5.1/stm32cubeide/plugins/com.st.stm32cube.ide.mcu.externaltools.gnu-tools-for-stm32.7-2018-q2-update.win32_1.5.0.202011040924/tools/bin/../lib/gcc/arm-none-eabi/7.3.1/../../../../arm-none-eabi/lib/thumb/v7e-m/fpv5/hard\libc_nano.a(lib_a-printf.o)
                0x0000000008008850                iprintf
                0x0000000008008850                printf
 .text._sbrk_r  0x0000000008008880       0x20 c:/program files/st/stm32cubeide_1.5.1/stm32cubeide/plugins/com.st.stm32cube.ide.mcu.externaltools.gnu-tools-for-stm32.7-2018-q2-update.win32_1.5.0.202011040924/tools/bin/../lib/gcc/arm-none-eabi/7.3.1/../../../../arm-none-eabi/lib/thumb/v7e-m/fpv5/hard\libc_nano.a(lib_a-sbrkr.o)
                0x0000000008008880                _sbrk_r
 .text.sprintf  0x00000000080088a0       0x40 c:/program files/st/stm32cubeide_1.5.1/stm32cubeide/plugins/com.st.stm32cube.ide.mcu.externaltools.gnu-tools-for-stm32.7-2018-q2-update.win32_1.5.0.202011040924/tools/bin/../lib/gcc/arm-none-eabi/7.3.1/../../../../arm-none-eabi/lib/thumb/v7e-m/fpv5/hard\libc_nano.a(lib_a-sprintf.o)
                0x00000000080088a0                siprintf
                0x00000000080088a0                sprintf
 .text.quorem   0x00000000080088e0      0x118 c:/program files/st/stm32cubeide_1.5.1/stm32cubeide/plugins/com.st.stm32cube.ide.mcu.externaltools.gnu-tools-for-stm32.7-2018-q2-update.win32_1.5.0.202011040924/tools/bin/../lib/gcc/arm-none-eabi/7.3.1/../../../../arm-none-eabi/lib/thumb/v7e-m/fpv5/hard\libc_nano.a(lib_a-dtoa.o)
 .text._dtoa_r  0x00000000080089f8      0xa98 c:/program files/st/stm32cubeide_1.5.1/stm32cubeide/plugins/com.st.stm32cube.ide.mcu.externaltools.gnu-tools-for-stm32.7-2018-q2-update.win32_1.5.0.202011040924/tools/bin/../lib/gcc/arm-none-eabi/7.3.1/../../../../arm-none-eabi/lib/thumb/v7e-m/fpv5/hard\libc_nano.a(lib_a-dtoa.o)
                0x00000000080089f8                _dtoa_r
 .text.std      0x0000000008009490       0x48 c:/program files/st/stm32cubeide_1.5.1/stm32cubeide/plugins/com.st.stm32cube.ide.mcu.externaltools.gnu-tools-for-stm32.7-2018-q2-update.win32_1.5.0.202011040924/tools/bin/../lib/gcc/arm-none-eabi/7.3.1/../../../../arm-none-eabi/lib/thumb/v7e-m/fpv5/hard\libc_nano.a(lib_a-findfp.o)
 .text._cleanup_r
                0x00000000080094d8        0xc c:/program files/st/stm32cubeide_1.5.1/stm32cubeide/plugins/com.st.stm32cube.ide.mcu.externaltools.gnu-tools-for-stm32.7-2018-q2-update.win32_1.5.0.202011040924/tools/bin/../lib/gcc/arm-none-eabi/7.3.1/../../../../arm-none-eabi/lib/thumb/v7e-m/fpv5/hard\libc_nano.a(lib_a-findfp.o)
                0x00000000080094d8                _cleanup_r
 .text.__sfmoreglue
                0x00000000080094e4       0x2c c:/program files/st/stm32cubeide_1.5.1/stm32cubeide/plugins/com.st.stm32cube.ide.mcu.externaltools.gnu-tools-for-stm32.7-2018-q2-update.win32_1.5.0.202011040924/tools/bin/../lib/gcc/arm-none-eabi/7.3.1/../../../../arm-none-eabi/lib/thumb/v7e-m/fpv5/hard\libc_nano.a(lib_a-findfp.o)
                0x00000000080094e4                __sfmoreglue
 .text.__sinit  0x0000000008009510       0x60 c:/program files/st/stm32cubeide_1.5.1/stm32cubeide/plugins/com.st.stm32cube.ide.mcu.externaltools.gnu-tools-for-stm32.7-2018-q2-update.win32_1.5.0.202011040924/tools/bin/../lib/gcc/arm-none-eabi/7.3.1/../../../../arm-none-eabi/lib/thumb/v7e-m/fpv5/hard\libc_nano.a(lib_a-findfp.o)
                0x0000000008009510                __sinit
 .text.__sfp    0x0000000008009570       0x78 c:/program files/st/stm32cubeide_1.5.1/stm32cubeide/plugins/com.st.stm32cube.ide.mcu.externaltools.gnu-tools-for-stm32.7-2018-q2-update.win32_1.5.0.202011040924/tools/bin/../lib/gcc/arm-none-eabi/7.3.1/../../../../arm-none-eabi/lib/thumb/v7e-m/fpv5/hard\libc_nano.a(lib_a-findfp.o)
                0x0000000008009570                __sfp
 .text._fwalk_reent
                0x00000000080095e8       0x3c c:/program files/st/stm32cubeide_1.5.1/stm32cubeide/plugins/com.st.stm32cube.ide.mcu.externaltools.gnu-tools-for-stm32.7-2018-q2-update.win32_1.5.0.202011040924/tools/bin/../lib/gcc/arm-none-eabi/7.3.1/../../../../arm-none-eabi/lib/thumb/v7e-m/fpv5/hard\libc_nano.a(lib_a-fwalk.o)
                0x00000000080095e8                _fwalk_reent
 .text._localeconv_r
                0x0000000008009624       0x1c c:/program files/st/stm32cubeide_1.5.1/stm32cubeide/plugins/com.st.stm32cube.ide.mcu.externaltools.gnu-tools-for-stm32.7-2018-q2-update.win32_1.5.0.202011040924/tools/bin/../lib/gcc/arm-none-eabi/7.3.1/../../../../arm-none-eabi/lib/thumb/v7e-m/fpv5/hard\libc_nano.a(lib_a-localeconv.o)
                0x0000000008009624                _localeconv_r
 .text.memcpy   0x0000000008009640       0x16 c:/program files/st/stm32cubeide_1.5.1/stm32cubeide/plugins/com.st.stm32cube.ide.mcu.externaltools.gnu-tools-for-stm32.7-2018-q2-update.win32_1.5.0.202011040924/tools/bin/../lib/gcc/arm-none-eabi/7.3.1/../../../../arm-none-eabi/lib/thumb/v7e-m/fpv5/hard\libc_nano.a(lib_a-memcpy-stub.o)
                0x0000000008009640                memcpy
 .text.__malloc_lock
                0x0000000008009656        0x2 c:/program files/st/stm32cubeide_1.5.1/stm32cubeide/plugins/com.st.stm32cube.ide.mcu.externaltools.gnu-tools-for-stm32.7-2018-q2-update.win32_1.5.0.202011040924/tools/bin/../lib/gcc/arm-none-eabi/7.3.1/../../../../arm-none-eabi/lib/thumb/v7e-m/fpv5/hard\libc_nano.a(lib_a-mlock.o)
                0x0000000008009656                __malloc_lock
 .text.__malloc_unlock
                0x0000000008009658        0x2 c:/program files/st/stm32cubeide_1.5.1/stm32cubeide/plugins/com.st.stm32cube.ide.mcu.externaltools.gnu-tools-for-stm32.7-2018-q2-update.win32_1.5.0.202011040924/tools/bin/../lib/gcc/arm-none-eabi/7.3.1/../../../../arm-none-eabi/lib/thumb/v7e-m/fpv5/hard\libc_nano.a(lib_a-mlock.o)
                0x0000000008009658                __malloc_unlock
 .text._Balloc  0x000000000800965a       0x68 c:/program files/st/stm32cubeide_1.5.1/stm32cubeide/plugins/com.st.stm32cube.ide.mcu.externaltools.gnu-tools-for-stm32.7-2018-q2-update.win32_1.5.0.202011040924/tools/bin/../lib/gcc/arm-none-eabi/7.3.1/../../../../arm-none-eabi/lib/thumb/v7e-m/fpv5/hard\libc_nano.a(lib_a-mprec.o)
                0x000000000800965a                _Balloc
 .text._Bfree   0x00000000080096c2       0x2e c:/program files/st/stm32cubeide_1.5.1/stm32cubeide/plugins/com.st.stm32cube.ide.mcu.externaltools.gnu-tools-for-stm32.7-2018-q2-update.win32_1.5.0.202011040924/tools/bin/../lib/gcc/arm-none-eabi/7.3.1/../../../../arm-none-eabi/lib/thumb/v7e-m/fpv5/hard\libc_nano.a(lib_a-mprec.o)
                0x00000000080096c2                _Bfree
 .text.__multadd
                0x00000000080096f0       0x76 c:/program files/st/stm32cubeide_1.5.1/stm32cubeide/plugins/com.st.stm32cube.ide.mcu.externaltools.gnu-tools-for-stm32.7-2018-q2-update.win32_1.5.0.202011040924/tools/bin/../lib/gcc/arm-none-eabi/7.3.1/../../../../arm-none-eabi/lib/thumb/v7e-m/fpv5/hard\libc_nano.a(lib_a-mprec.o)
                0x00000000080096f0                __multadd
 .text.__hi0bits
                0x0000000008009766       0x3e c:/program files/st/stm32cubeide_1.5.1/stm32cubeide/plugins/com.st.stm32cube.ide.mcu.externaltools.gnu-tools-for-stm32.7-2018-q2-update.win32_1.5.0.202011040924/tools/bin/../lib/gcc/arm-none-eabi/7.3.1/../../../../arm-none-eabi/lib/thumb/v7e-m/fpv5/hard\libc_nano.a(lib_a-mprec.o)
                0x0000000008009766                __hi0bits
 .text.__lo0bits
                0x00000000080097a4       0x5e c:/program files/st/stm32cubeide_1.5.1/stm32cubeide/plugins/com.st.stm32cube.ide.mcu.externaltools.gnu-tools-for-stm32.7-2018-q2-update.win32_1.5.0.202011040924/tools/bin/../lib/gcc/arm-none-eabi/7.3.1/../../../../arm-none-eabi/lib/thumb/v7e-m/fpv5/hard\libc_nano.a(lib_a-mprec.o)
                0x00000000080097a4                __lo0bits
 .text.__i2b    0x0000000008009802       0x12 c:/program files/st/stm32cubeide_1.5.1/stm32cubeide/plugins/com.st.stm32cube.ide.mcu.externaltools.gnu-tools-for-stm32.7-2018-q2-update.win32_1.5.0.202011040924/tools/bin/../lib/gcc/arm-none-eabi/7.3.1/../../../../arm-none-eabi/lib/thumb/v7e-m/fpv5/hard\libc_nano.a(lib_a-mprec.o)
                0x0000000008009802                __i2b
 .text.__multiply
                0x0000000008009814      0x12c c:/program files/st/stm32cubeide_1.5.1/stm32cubeide/plugins/com.st.stm32cube.ide.mcu.externaltools.gnu-tools-for-stm32.7-2018-q2-update.win32_1.5.0.202011040924/tools/bin/../lib/gcc/arm-none-eabi/7.3.1/../../../../arm-none-eabi/lib/thumb/v7e-m/fpv5/hard\libc_nano.a(lib_a-mprec.o)
                0x0000000008009814                __multiply
 .text.__pow5mult
                0x0000000008009940       0x9c c:/program files/st/stm32cubeide_1.5.1/stm32cubeide/plugins/com.st.stm32cube.ide.mcu.externaltools.gnu-tools-for-stm32.7-2018-q2-update.win32_1.5.0.202011040924/tools/bin/../lib/gcc/arm-none-eabi/7.3.1/../../../../arm-none-eabi/lib/thumb/v7e-m/fpv5/hard\libc_nano.a(lib_a-mprec.o)
                0x0000000008009940                __pow5mult
 .text.__lshift
                0x00000000080099dc       0xa8 c:/program files/st/stm32cubeide_1.5.1/stm32cubeide/plugins/com.st.stm32cube.ide.mcu.externaltools.gnu-tools-for-stm32.7-2018-q2-update.win32_1.5.0.202011040924/tools/bin/../lib/gcc/arm-none-eabi/7.3.1/../../../../arm-none-eabi/lib/thumb/v7e-m/fpv5/hard\libc_nano.a(lib_a-mprec.o)
                0x00000000080099dc                __lshift
 .text.__mcmp   0x0000000008009a84       0x34 c:/program files/st/stm32cubeide_1.5.1/stm32cubeide/plugins/com.st.stm32cube.ide.mcu.externaltools.gnu-tools-for-stm32.7-2018-q2-update.win32_1.5.0.202011040924/tools/bin/../lib/gcc/arm-none-eabi/7.3.1/../../../../arm-none-eabi/lib/thumb/v7e-m/fpv5/hard\libc_nano.a(lib_a-mprec.o)
                0x0000000008009a84                __mcmp
 .text.__mdiff  0x0000000008009ab8       0xba c:/program files/st/stm32cubeide_1.5.1/stm32cubeide/plugins/com.st.stm32cube.ide.mcu.externaltools.gnu-tools-for-stm32.7-2018-q2-update.win32_1.5.0.202011040924/tools/bin/../lib/gcc/arm-none-eabi/7.3.1/../../../../arm-none-eabi/lib/thumb/v7e-m/fpv5/hard\libc_nano.a(lib_a-mprec.o)
                0x0000000008009ab8                __mdiff
 .text.__d2b    0x0000000008009b72       0x9e c:/program files/st/stm32cubeide_1.5.1/stm32cubeide/plugins/com.st.stm32cube.ide.mcu.externaltools.gnu-tools-for-stm32.7-2018-q2-update.win32_1.5.0.202011040924/tools/bin/../lib/gcc/arm-none-eabi/7.3.1/../../../../arm-none-eabi/lib/thumb/v7e-m/fpv5/hard\libc_nano.a(lib_a-mprec.o)
                0x0000000008009b72                __d2b
 .text._calloc_r
                0x0000000008009c10       0x1c c:/program files/st/stm32cubeide_1.5.1/stm32cubeide/plugins/com.st.stm32cube.ide.mcu.externaltools.gnu-tools-for-stm32.7-2018-q2-update.win32_1.5.0.202011040924/tools/bin/../lib/gcc/arm-none-eabi/7.3.1/../../../../arm-none-eabi/lib/thumb/v7e-m/fpv5/hard\libc_nano.a(lib_a-nano-callocr.o)
                0x0000000008009c10                _calloc_r
 .text.__ssputs_r
                0x0000000008009c2c       0xb4 c:/program files/st/stm32cubeide_1.5.1/stm32cubeide/plugins/com.st.stm32cube.ide.mcu.externaltools.gnu-tools-for-stm32.7-2018-q2-update.win32_1.5.0.202011040924/tools/bin/../lib/gcc/arm-none-eabi/7.3.1/../../../../arm-none-eabi/lib/thumb/v7e-m/fpv5/hard\libc_nano.a(lib_a-nano-svfprintf.o)
                0x0000000008009c2c                __ssputs_r
 .text._svfprintf_r
                0x0000000008009ce0      0x1f0 c:/program files/st/stm32cubeide_1.5.1/stm32cubeide/plugins/com.st.stm32cube.ide.mcu.externaltools.gnu-tools-for-stm32.7-2018-q2-update.win32_1.5.0.202011040924/tools/bin/../lib/gcc/arm-none-eabi/7.3.1/../../../../arm-none-eabi/lib/thumb/v7e-m/fpv5/hard\libc_nano.a(lib_a-nano-svfprintf.o)
                0x0000000008009ce0                _svfiprintf_r
                0x0000000008009ce0                _svfprintf_r
 .text.__sfputc_r
                0x0000000008009ed0       0x2e c:/program files/st/stm32cubeide_1.5.1/stm32cubeide/plugins/com.st.stm32cube.ide.mcu.externaltools.gnu-tools-for-stm32.7-2018-q2-update.win32_1.5.0.202011040924/tools/bin/../lib/gcc/arm-none-eabi/7.3.1/../../../../arm-none-eabi/lib/thumb/v7e-m/fpv5/hard\libc_nano.a(lib_a-nano-vfprintf.o)
 .text.__sfputs_r
                0x0000000008009efe       0x24 c:/program files/st/stm32cubeide_1.5.1/stm32cubeide/plugins/com.st.stm32cube.ide.mcu.externaltools.gnu-tools-for-stm32.7-2018-q2-update.win32_1.5.0.202011040924/tools/bin/../lib/gcc/arm-none-eabi/7.3.1/../../../../arm-none-eabi/lib/thumb/v7e-m/fpv5/hard\libc_nano.a(lib_a-nano-vfprintf.o)
                0x0000000008009efe                __sfputs_r
 *fill*         0x0000000008009f22        0x2 
 .text._vfprintf_r
                0x0000000008009f24      0x22c c:/program files/st/stm32cubeide_1.5.1/stm32cubeide/plugins/com.st.stm32cube.ide.mcu.externaltools.gnu-tools-for-stm32.7-2018-q2-update.win32_1.5.0.202011040924/tools/bin/../lib/gcc/arm-none-eabi/7.3.1/../../../../arm-none-eabi/lib/thumb/v7e-m/fpv5/hard\libc_nano.a(lib_a-nano-vfprintf.o)
                0x0000000008009f24                _vfprintf_r
                0x0000000008009f24                _vfiprintf_r
 .text.__sread  0x000000000800a150       0x22 c:/program files/st/stm32cubeide_1.5.1/stm32cubeide/plugins/com.st.stm32cube.ide.mcu.externaltools.gnu-tools-for-stm32.7-2018-q2-update.win32_1.5.0.202011040924/tools/bin/../lib/gcc/arm-none-eabi/7.3.1/../../../../arm-none-eabi/lib/thumb/v7e-m/fpv5/hard\libc_nano.a(lib_a-stdio.o)
                0x000000000800a150                __sread
 .text.__swrite
                0x000000000800a172       0x38 c:/program files/st/stm32cubeide_1.5.1/stm32cubeide/plugins/com.st.stm32cube.ide.mcu.externaltools.gnu-tools-for-stm32.7-2018-q2-update.win32_1.5.0.202011040924/tools/bin/../lib/gcc/arm-none-eabi/7.3.1/../../../../arm-none-eabi/lib/thumb/v7e-m/fpv5/hard\libc_nano.a(lib_a-stdio.o)
                0x000000000800a172                __swrite
 .text.__sseek  0x000000000800a1aa       0x24 c:/program files/st/stm32cubeide_1.5.1/stm32cubeide/plugins/com.st.stm32cube.ide.mcu.externaltools.gnu-tools-for-stm32.7-2018-q2-update.win32_1.5.0.202011040924/tools/bin/../lib/gcc/arm-none-eabi/7.3.1/../../../../arm-none-eabi/lib/thumb/v7e-m/fpv5/hard\libc_nano.a(lib_a-stdio.o)
                0x000000000800a1aa                __sseek
 .text.__sclose
                0x000000000800a1ce        0x8 c:/program files/st/stm32cubeide_1.5.1/stm32cubeide/plugins/com.st.stm32cube.ide.mcu.externaltools.gnu-tools-for-stm32.7-2018-q2-update.win32_1.5.0.202011040924/tools/bin/../lib/gcc/arm-none-eabi/7.3.1/../../../../arm-none-eabi/lib/thumb/v7e-m/fpv5/hard\libc_nano.a(lib_a-stdio.o)
                0x000000000800a1ce                __sclose
 *fill*         0x000000000800a1d6        0x2 
 .text.__swbuf_r
                0x000000000800a1d8       0xa4 c:/program files/st/stm32cubeide_1.5.1/stm32cubeide/plugins/com.st.stm32cube.ide.mcu.externaltools.gnu-tools-for-stm32.7-2018-q2-update.win32_1.5.0.202011040924/tools/bin/../lib/gcc/arm-none-eabi/7.3.1/../../../../arm-none-eabi/lib/thumb/v7e-m/fpv5/hard\libc_nano.a(lib_a-wbuf.o)
                0x000000000800a1d8                __swbuf_r
 .text._write_r
                0x000000000800a27c       0x24 c:/program files/st/stm32cubeide_1.5.1/stm32cubeide/plugins/com.st.stm32cube.ide.mcu.externaltools.gnu-tools-for-stm32.7-2018-q2-update.win32_1.5.0.202011040924/tools/bin/../lib/gcc/arm-none-eabi/7.3.1/../../../../arm-none-eabi/lib/thumb/v7e-m/fpv5/hard\libc_nano.a(lib_a-writer.o)
                0x000000000800a27c                _write_r
 .text.__swsetup_r
                0x000000000800a2a0       0xdc c:/program files/st/stm32cubeide_1.5.1/stm32cubeide/plugins/com.st.stm32cube.ide.mcu.externaltools.gnu-tools-for-stm32.7-2018-q2-update.win32_1.5.0.202011040924/tools/bin/../lib/gcc/arm-none-eabi/7.3.1/../../../../arm-none-eabi/lib/thumb/v7e-m/fpv5/hard\libc_nano.a(lib_a-wsetup.o)
                0x000000000800a2a0                __swsetup_r
 .text._close_r
                0x000000000800a37c       0x20 c:/program files/st/stm32cubeide_1.5.1/stm32cubeide/plugins/com.st.stm32cube.ide.mcu.externaltools.gnu-tools-for-stm32.7-2018-q2-update.win32_1.5.0.202011040924/tools/bin/../lib/gcc/arm-none-eabi/7.3.1/../../../../arm-none-eabi/lib/thumb/v7e-m/fpv5/hard\libc_nano.a(lib_a-closer.o)
                0x000000000800a37c                _close_r
 .text.__sflush_r
                0x000000000800a39c      0x10c c:/program files/st/stm32cubeide_1.5.1/stm32cubeide/plugins/com.st.stm32cube.ide.mcu.externaltools.gnu-tools-for-stm32.7-2018-q2-update.win32_1.5.0.202011040924/tools/bin/../lib/gcc/arm-none-eabi/7.3.1/../../../../arm-none-eabi/lib/thumb/v7e-m/fpv5/hard\libc_nano.a(lib_a-fflush.o)
                0x000000000800a39c                __sflush_r
 .text._fflush_r
                0x000000000800a4a8       0x54 c:/program files/st/stm32cubeide_1.5.1/stm32cubeide/plugins/com.st.stm32cube.ide.mcu.externaltools.gnu-tools-for-stm32.7-2018-q2-update.win32_1.5.0.202011040924/tools/bin/../lib/gcc/arm-none-eabi/7.3.1/../../../../arm-none-eabi/lib/thumb/v7e-m/fpv5/hard\libc_nano.a(lib_a-fflush.o)
                0x000000000800a4a8                _fflush_r
 .text._lseek_r
                0x000000000800a4fc       0x24 c:/program files/st/stm32cubeide_1.5.1/stm32cubeide/plugins/com.st.stm32cube.ide.mcu.externaltools.gnu-tools-for-stm32.7-2018-q2-update.win32_1.5.0.202011040924/tools/bin/../lib/gcc/arm-none-eabi/7.3.1/../../../../arm-none-eabi/lib/thumb/v7e-m/fpv5/hard\libc_nano.a(lib_a-lseekr.o)
                0x000000000800a4fc                _lseek_r
 .text.__swhatbuf_r
                0x000000000800a520       0x48 c:/program files/st/stm32cubeide_1.5.1/stm32cubeide/plugins/com.st.stm32cube.ide.mcu.externaltools.gnu-tools-for-stm32.7-2018-q2-update.win32_1.5.0.202011040924/tools/bin/../lib/gcc/arm-none-eabi/7.3.1/../../../../arm-none-eabi/lib/thumb/v7e-m/fpv5/hard\libc_nano.a(lib_a-makebuf.o)
                0x000000000800a520                __swhatbuf_r
 .text.__smakebuf_r
                0x000000000800a568       0x80 c:/program files/st/stm32cubeide_1.5.1/stm32cubeide/plugins/com.st.stm32cube.ide.mcu.externaltools.gnu-tools-for-stm32.7-2018-q2-update.win32_1.5.0.202011040924/tools/bin/../lib/gcc/arm-none-eabi/7.3.1/../../../../arm-none-eabi/lib/thumb/v7e-m/fpv5/hard\libc_nano.a(lib_a-makebuf.o)
                0x000000000800a568                __smakebuf_r
 .text.__ascii_mbtowc
                0x000000000800a5e8       0x24 c:/program files/st/stm32cubeide_1.5.1/stm32cubeide/plugins/com.st.stm32cube.ide.mcu.externaltools.gnu-tools-for-stm32.7-2018-q2-update.win32_1.5.0.202011040924/tools/bin/../lib/gcc/arm-none-eabi/7.3.1/../../../../arm-none-eabi/lib/thumb/v7e-m/fpv5/hard\libc_nano.a(lib_a-mbtowc_r.o)
                0x000000000800a5e8                __ascii_mbtowc
 .text.memmove  0x000000000800a60c       0x32 c:/program files/st/stm32cubeide_1.5.1/stm32cubeide/plugins/com.st.stm32cube.ide.mcu.externaltools.gnu-tools-for-stm32.7-2018-q2-update.win32_1.5.0.202011040924/tools/bin/../lib/gcc/arm-none-eabi/7.3.1/../../../../arm-none-eabi/lib/thumb/v7e-m/fpv5/hard\libc_nano.a(lib_a-memmove.o)
                0x000000000800a60c                memmove
 .text._realloc_r
                0x000000000800a63e       0x4c c:/program files/st/stm32cubeide_1.5.1/stm32cubeide/plugins/com.st.stm32cube.ide.mcu.externaltools.gnu-tools-for-stm32.7-2018-q2-update.win32_1.5.0.202011040924/tools/bin/../lib/gcc/arm-none-eabi/7.3.1/../../../../arm-none-eabi/lib/thumb/v7e-m/fpv5/hard\libc_nano.a(lib_a-nano-reallocr.o)
                0x000000000800a63e                _realloc_r
 *fill*         0x000000000800a68a        0x2 
 .text._read_r  0x000000000800a68c       0x24 c:/program files/st/stm32cubeide_1.5.1/stm32cubeide/plugins/com.st.stm32cube.ide.mcu.externaltools.gnu-tools-for-stm32.7-2018-q2-update.win32_1.5.0.202011040924/tools/bin/../lib/gcc/arm-none-eabi/7.3.1/../../../../arm-none-eabi/lib/thumb/v7e-m/fpv5/hard\libc_nano.a(lib_a-readr.o)
                0x000000000800a68c                _read_r
 .text.__ascii_wctomb
                0x000000000800a6b0       0x1a c:/program files/st/stm32cubeide_1.5.1/stm32cubeide/plugins/com.st.stm32cube.ide.mcu.externaltools.gnu-tools-for-stm32.7-2018-q2-update.win32_1.5.0.202011040924/tools/bin/../lib/gcc/arm-none-eabi/7.3.1/../../../../arm-none-eabi/lib/thumb/v7e-m/fpv5/hard\libc_nano.a(lib_a-wctomb_r.o)
                0x000000000800a6b0                __ascii_wctomb
 *fill*         0x000000000800a6ca        0x2 
 .text._fstat_r
                0x000000000800a6cc       0x24 c:/program files/st/stm32cubeide_1.5.1/stm32cubeide/plugins/com.st.stm32cube.ide.mcu.externaltools.gnu-tools-for-stm32.7-2018-q2-update.win32_1.5.0.202011040924/tools/bin/../lib/gcc/arm-none-eabi/7.3.1/../../../../arm-none-eabi/lib/thumb/v7e-m/fpv5/hard\libc_nano.a(lib_a-fstatr.o)
                0x000000000800a6cc                _fstat_r
 .text._isatty_r
                0x000000000800a6f0       0x20 c:/program files/st/stm32cubeide_1.5.1/stm32cubeide/plugins/com.st.stm32cube.ide.mcu.externaltools.gnu-tools-for-stm32.7-2018-q2-update.win32_1.5.0.202011040924/tools/bin/../lib/gcc/arm-none-eabi/7.3.1/../../../../arm-none-eabi/lib/thumb/v7e-m/fpv5/hard\libc_nano.a(lib_a-isattyr.o)
                0x000000000800a6f0                _isatty_r
 .text._malloc_usable_size_r
                0x000000000800a710       0x10 c:/program files/st/stm32cubeide_1.5.1/stm32cubeide/plugins/com.st.stm32cube.ide.mcu.externaltools.gnu-tools-for-stm32.7-2018-q2-update.win32_1.5.0.202011040924/tools/bin/../lib/gcc/arm-none-eabi/7.3.1/../../../../arm-none-eabi/lib/thumb/v7e-m/fpv5/hard\libc_nano.a(lib_a-nano-msizer.o)
                0x000000000800a710                _malloc_usable_size_r
 .text.pow      0x000000000800a720      0x25c c:/program files/st/stm32cubeide_1.5.1/stm32cubeide/plugins/com.st.stm32cube.ide.mcu.externaltools.gnu-tools-for-stm32.7-2018-q2-update.win32_1.5.0.202011040924/tools/bin/../lib/gcc/arm-none-eabi/7.3.1/../../../../arm-none-eabi/lib/thumb/v7e-m/fpv5/hard\libm.a(lib_a-w_pow.o)
                0x000000000800a720                pow
 *fill*         0x000000000800a97c        0x4 
 .text.__ieee754_pow
                0x000000000800a980      0x70c c:/program files/st/stm32cubeide_1.5.1/stm32cubeide/plugins/com.st.stm32cube.ide.mcu.externaltools.gnu-tools-for-stm32.7-2018-q2-update.win32_1.5.0.202011040924/tools/bin/../lib/gcc/arm-none-eabi/7.3.1/../../../../arm-none-eabi/lib/thumb/v7e-m/fpv5/hard\libm.a(lib_a-e_pow.o)
                0x000000000800a980                __ieee754_pow
 .text.__ieee754_sqrt
                0x000000000800b08c        0x6 c:/program files/st/stm32cubeide_1.5.1/stm32cubeide/plugins/com.st.stm32cube.ide.mcu.externaltools.gnu-tools-for-stm32.7-2018-q2-update.win32_1.5.0.202011040924/tools/bin/../lib/gcc/arm-none-eabi/7.3.1/../../../../arm-none-eabi/lib/thumb/v7e-m/fpv5/hard\libm.a(lib_a-e_sqrt.o)
                0x000000000800b08c                __ieee754_sqrt
 .text.fabs     0x000000000800b092       0x12 c:/program files/st/stm32cubeide_1.5.1/stm32cubeide/plugins/com.st.stm32cube.ide.mcu.externaltools.gnu-tools-for-stm32.7-2018-q2-update.win32_1.5.0.202011040924/tools/bin/../lib/gcc/arm-none-eabi/7.3.1/../../../../arm-none-eabi/lib/thumb/v7e-m/fpv5/hard\libm.a(lib_a-s_fabs.o)
                0x000000000800b092                fabs
 .text.finite   0x000000000800b0a4       0x10 c:/program files/st/stm32cubeide_1.5.1/stm32cubeide/plugins/com.st.stm32cube.ide.mcu.externaltools.gnu-tools-for-stm32.7-2018-q2-update.win32_1.5.0.202011040924/tools/bin/../lib/gcc/arm-none-eabi/7.3.1/../../../../arm-none-eabi/lib/thumb/v7e-m/fpv5/hard\libm.a(lib_a-s_finite.o)
                0x000000000800b0a4                finite
 .text.matherr  0x000000000800b0b4        0x4 c:/program files/st/stm32cubeide_1.5.1/stm32cubeide/plugins/com.st.stm32cube.ide.mcu.externaltools.gnu-tools-for-stm32.7-2018-q2-update.win32_1.5.0.202011040924/tools/bin/../lib/gcc/arm-none-eabi/7.3.1/../../../../arm-none-eabi/lib/thumb/v7e-m/fpv5/hard\libm.a(lib_a-s_matherr.o)
                0x000000000800b0b4                matherr
 .text.nan      0x000000000800b0b8       0x10 c:/program files/st/stm32cubeide_1.5.1/stm32cubeide/plugins/com.st.stm32cube.ide.mcu.externaltools.gnu-tools-for-stm32.7-2018-q2-update.win32_1.5.0.202011040924/tools/bin/../lib/gcc/arm-none-eabi/7.3.1/../../../../arm-none-eabi/lib/thumb/v7e-m/fpv5/hard\libm.a(lib_a-s_nan.o)
                0x000000000800b0b8                nan
 .text.rint     0x000000000800b0c8      0x114 c:/program files/st/stm32cubeide_1.5.1/stm32cubeide/plugins/com.st.stm32cube.ide.mcu.externaltools.gnu-tools-for-stm32.7-2018-q2-update.win32_1.5.0.202011040924/tools/bin/../lib/gcc/arm-none-eabi/7.3.1/../../../../arm-none-eabi/lib/thumb/v7e-m/fpv5/hard\libm.a(lib_a-s_rint.o)
                0x000000000800b0c8                rint
 *fill*         0x000000000800b1dc        0x4 
 .text.scalbn   0x000000000800b1e0       0xfc c:/program files/st/stm32cubeide_1.5.1/stm32cubeide/plugins/com.st.stm32cube.ide.mcu.externaltools.gnu-tools-for-stm32.7-2018-q2-update.win32_1.5.0.202011040924/tools/bin/../lib/gcc/arm-none-eabi/7.3.1/../../../../arm-none-eabi/lib/thumb/v7e-m/fpv5/hard\libm.a(lib_a-s_scalbn.o)
                0x000000000800b1e0                scalbn
 .text.copysign
                0x000000000800b2dc       0x1e c:/program files/st/stm32cubeide_1.5.1/stm32cubeide/plugins/com.st.stm32cube.ide.mcu.externaltools.gnu-tools-for-stm32.7-2018-q2-update.win32_1.5.0.202011040924/tools/bin/../lib/gcc/arm-none-eabi/7.3.1/../../../../arm-none-eabi/lib/thumb/v7e-m/fpv5/hard\libm.a(lib_a-s_copysign.o)
                0x000000000800b2dc                copysign
 *(.glue_7)
 .glue_7        0x000000000800b2fa        0x0 linker stubs
 *(.glue_7t)
 .glue_7t       0x000000000800b2fa        0x0 linker stubs
 *(.eh_frame)
 *fill*         0x000000000800b2fa        0x2 
 .eh_frame      0x000000000800b2fc        0x0 c:/program files/st/stm32cubeide_1.5.1/stm32cubeide/plugins/com.st.stm32cube.ide.mcu.externaltools.gnu-tools-for-stm32.7-2018-q2-update.win32_1.5.0.202011040924/tools/bin/../lib/gcc/arm-none-eabi/7.3.1/thumb/v7e-m/fpv5/hard/crtbegin.o
 *(.init)
 .init          0x000000000800b2fc        0x4 c:/program files/st/stm32cubeide_1.5.1/stm32cubeide/plugins/com.st.stm32cube.ide.mcu.externaltools.gnu-tools-for-stm32.7-2018-q2-update.win32_1.5.0.202011040924/tools/bin/../lib/gcc/arm-none-eabi/7.3.1/thumb/v7e-m/fpv5/hard/crti.o
                0x000000000800b2fc                _init
 .init          0x000000000800b300        0x8 c:/program files/st/stm32cubeide_1.5.1/stm32cubeide/plugins/com.st.stm32cube.ide.mcu.externaltools.gnu-tools-for-stm32.7-2018-q2-update.win32_1.5.0.202011040924/tools/bin/../lib/gcc/arm-none-eabi/7.3.1/thumb/v7e-m/fpv5/hard/crtn.o
 *(.fini)
 .fini          0x000000000800b308        0x4 c:/program files/st/stm32cubeide_1.5.1/stm32cubeide/plugins/com.st.stm32cube.ide.mcu.externaltools.gnu-tools-for-stm32.7-2018-q2-update.win32_1.5.0.202011040924/tools/bin/../lib/gcc/arm-none-eabi/7.3.1/thumb/v7e-m/fpv5/hard/crti.o
                0x000000000800b308                _fini
 .fini          0x000000000800b30c        0x8 c:/program files/st/stm32cubeide_1.5.1/stm32cubeide/plugins/com.st.stm32cube.ide.mcu.externaltools.gnu-tools-for-stm32.7-2018-q2-update.win32_1.5.0.202011040924/tools/bin/../lib/gcc/arm-none-eabi/7.3.1/thumb/v7e-m/fpv5/hard/crtn.o
                0x000000000800b314                . = ALIGN (0x4)
                0x000000000800b314                _etext = .

.vfp11_veneer   0x000000000800b314        0x0
 .vfp11_veneer  0x000000000800b314        0x0 linker stubs

.v4_bx          0x000000000800b314        0x0
 .v4_bx         0x000000000800b314        0x0 linker stubs

.iplt           0x000000000800b314        0x0
 .iplt          0x000000000800b314        0x0 c:/program files/st/stm32cubeide_1.5.1/stm32cubeide/plugins/com.st.stm32cube.ide.mcu.externaltools.gnu-tools-for-stm32.7-2018-q2-update.win32_1.5.0.202011040924/tools/bin/../lib/gcc/arm-none-eabi/7.3.1/thumb/v7e-m/fpv5/hard/crtbegin.o

.rodata         0x000000000800b318      0x810
                0x000000000800b318                . = ALIGN (0x4)
 *(.rodata)
 .rodata        0x000000000800b318      0x40b Core/Src/MPU_9255.o
 *fill*         0x000000000800b723        0x1 
 .rodata        0x000000000800b724       0xc1 Core/Src/main.o
 *fill*         0x000000000800b7e5        0x3 
 .rodata        0x000000000800b7e8       0x10 Drivers/STM32H7xx_HAL_Driver/stm32h7xx_hal_uart_ex.o
 *(.rodata*)
 .rodata.D1CorePrescTable
                0x000000000800b7f8       0x10 Common/Src/system_stm32h7xx_dualcore_boot_cm4_cm7.o
                0x000000000800b7f8                D1CorePrescTable
 .rodata.UARTPrescTable
                0x000000000800b808       0x18 Drivers/STM32H7xx_HAL_Driver/stm32h7xx_hal_uart.o
                0x000000000800b808                UARTPrescTable
 .rodata._global_impure_ptr
                0x000000000800b820        0x4 c:/program files/st/stm32cubeide_1.5.1/stm32cubeide/plugins/com.st.stm32cube.ide.mcu.externaltools.gnu-tools-for-stm32.7-2018-q2-update.win32_1.5.0.202011040924/tools/bin/../lib/gcc/arm-none-eabi/7.3.1/../../../../arm-none-eabi/lib/thumb/v7e-m/fpv5/hard\libc_nano.a(lib_a-impure.o)
                0x000000000800b820                _global_impure_ptr
 .rodata._printf_float.str1.1
                0x000000000800b824       0x12 c:/program files/st/stm32cubeide_1.5.1/stm32cubeide/plugins/com.st.stm32cube.ide.mcu.externaltools.gnu-tools-for-stm32.7-2018-q2-update.win32_1.5.0.202011040924/tools/bin/../lib/gcc/arm-none-eabi/7.3.1/../../../../arm-none-eabi/lib/thumb/v7e-m/fpv5/hard\libc_nano.a(lib_a-nano-vfprintf_float.o)
 .rodata._printf_i.str1.1
                0x000000000800b836       0x22 c:/program files/st/stm32cubeide_1.5.1/stm32cubeide/plugins/com.st.stm32cube.ide.mcu.externaltools.gnu-tools-for-stm32.7-2018-q2-update.win32_1.5.0.202011040924/tools/bin/../lib/gcc/arm-none-eabi/7.3.1/../../../../arm-none-eabi/lib/thumb/v7e-m/fpv5/hard\libc_nano.a(lib_a-nano-vfprintf_i.o)
 .rodata._dtoa_r.str1.1
                0x000000000800b858        0xd c:/program files/st/stm32cubeide_1.5.1/stm32cubeide/plugins/com.st.stm32cube.ide.mcu.externaltools.gnu-tools-for-stm32.7-2018-q2-update.win32_1.5.0.202011040924/tools/bin/../lib/gcc/arm-none-eabi/7.3.1/../../../../arm-none-eabi/lib/thumb/v7e-m/fpv5/hard\libc_nano.a(lib_a-dtoa.o)
                                          0xf (size before relaxing)
 *fill*         0x000000000800b865        0x3 
 .rodata.__sf_fake_stderr
                0x000000000800b868       0x20 c:/program files/st/stm32cubeide_1.5.1/stm32cubeide/plugins/com.st.stm32cube.ide.mcu.externaltools.gnu-tools-for-stm32.7-2018-q2-update.win32_1.5.0.202011040924/tools/bin/../lib/gcc/arm-none-eabi/7.3.1/../../../../arm-none-eabi/lib/thumb/v7e-m/fpv5/hard\libc_nano.a(lib_a-findfp.o)
                0x000000000800b868                __sf_fake_stderr
 .rodata.__sf_fake_stdin
                0x000000000800b888       0x20 c:/program files/st/stm32cubeide_1.5.1/stm32cubeide/plugins/com.st.stm32cube.ide.mcu.externaltools.gnu-tools-for-stm32.7-2018-q2-update.win32_1.5.0.202011040924/tools/bin/../lib/gcc/arm-none-eabi/7.3.1/../../../../arm-none-eabi/lib/thumb/v7e-m/fpv5/hard\libc_nano.a(lib_a-findfp.o)
                0x000000000800b888                __sf_fake_stdin
 .rodata.__sf_fake_stdout
                0x000000000800b8a8       0x20 c:/program files/st/stm32cubeide_1.5.1/stm32cubeide/plugins/com.st.stm32cube.ide.mcu.externaltools.gnu-tools-for-stm32.7-2018-q2-update.win32_1.5.0.202011040924/tools/bin/../lib/gcc/arm-none-eabi/7.3.1/../../../../arm-none-eabi/lib/thumb/v7e-m/fpv5/hard\libc_nano.a(lib_a-findfp.o)
                0x000000000800b8a8                __sf_fake_stdout
 .rodata.__mprec_bigtens
                0x000000000800b8c8       0x28 c:/program files/st/stm32cubeide_1.5.1/stm32cubeide/plugins/com.st.stm32cube.ide.mcu.externaltools.gnu-tools-for-stm32.7-2018-q2-update.win32_1.5.0.202011040924/tools/bin/../lib/gcc/arm-none-eabi/7.3.1/../../../../arm-none-eabi/lib/thumb/v7e-m/fpv5/hard\libc_nano.a(lib_a-mprec.o)
                0x000000000800b8c8                __mprec_bigtens
 .rodata.__mprec_tens
                0x000000000800b8f0       0xc8 c:/program files/st/stm32cubeide_1.5.1/stm32cubeide/plugins/com.st.stm32cube.ide.mcu.externaltools.gnu-tools-for-stm32.7-2018-q2-update.win32_1.5.0.202011040924/tools/bin/../lib/gcc/arm-none-eabi/7.3.1/../../../../arm-none-eabi/lib/thumb/v7e-m/fpv5/hard\libc_nano.a(lib_a-mprec.o)
                0x000000000800b8f0                __mprec_tens
 .rodata.p05.7359
                0x000000000800b9b8        0xc c:/program files/st/stm32cubeide_1.5.1/stm32cubeide/plugins/com.st.stm32cube.ide.mcu.externaltools.gnu-tools-for-stm32.7-2018-q2-update.win32_1.5.0.202011040924/tools/bin/../lib/gcc/arm-none-eabi/7.3.1/../../../../arm-none-eabi/lib/thumb/v7e-m/fpv5/hard\libc_nano.a(lib_a-mprec.o)
 .rodata._svfprintf_r.str1.1
                0x000000000800b9c4       0x11 c:/program files/st/stm32cubeide_1.5.1/stm32cubeide/plugins/com.st.stm32cube.ide.mcu.externaltools.gnu-tools-for-stm32.7-2018-q2-update.win32_1.5.0.202011040924/tools/bin/../lib/gcc/arm-none-eabi/7.3.1/../../../../arm-none-eabi/lib/thumb/v7e-m/fpv5/hard\libc_nano.a(lib_a-nano-svfprintf.o)
 .rodata._vfprintf_r.str1.1
                0x000000000800b9d5       0x11 c:/program files/st/stm32cubeide_1.5.1/stm32cubeide/plugins/com.st.stm32cube.ide.mcu.externaltools.gnu-tools-for-stm32.7-2018-q2-update.win32_1.5.0.202011040924/tools/bin/../lib/gcc/arm-none-eabi/7.3.1/../../../../arm-none-eabi/lib/thumb/v7e-m/fpv5/hard\libc_nano.a(lib_a-nano-vfprintf.o)
 .rodata._setlocale_r.str1.1
                0x000000000800b9d5        0x8 c:/program files/st/stm32cubeide_1.5.1/stm32cubeide/plugins/com.st.stm32cube.ide.mcu.externaltools.gnu-tools-for-stm32.7-2018-q2-update.win32_1.5.0.202011040924/tools/bin/../lib/gcc/arm-none-eabi/7.3.1/../../../../arm-none-eabi/lib/thumb/v7e-m/fpv5/hard\libc_nano.a(lib_a-locale.o)
                                          0x9 (size before relaxing)
 .rodata.str1.1
                0x000000000800b9dd        0x2 c:/program files/st/stm32cubeide_1.5.1/stm32cubeide/plugins/com.st.stm32cube.ide.mcu.externaltools.gnu-tools-for-stm32.7-2018-q2-update.win32_1.5.0.202011040924/tools/bin/../lib/gcc/arm-none-eabi/7.3.1/../../../../arm-none-eabi/lib/thumb/v7e-m/fpv5/hard\libc_nano.a(lib_a-locale.o)
 .rodata._ctype_
                0x000000000800b9df      0x101 c:/program files/st/stm32cubeide_1.5.1/stm32cubeide/plugins/com.st.stm32cube.ide.mcu.externaltools.gnu-tools-for-stm32.7-2018-q2-update.win32_1.5.0.202011040924/tools/bin/../lib/gcc/arm-none-eabi/7.3.1/../../../../arm-none-eabi/lib/thumb/v7e-m/fpv5/hard\libc_nano.a(lib_a-ctype_.o)
                0x000000000800b9df                _ctype_
 .rodata.pow.str1.1
                0x000000000800bae0        0x4 c:/program files/st/stm32cubeide_1.5.1/stm32cubeide/plugins/com.st.stm32cube.ide.mcu.externaltools.gnu-tools-for-stm32.7-2018-q2-update.win32_1.5.0.202011040924/tools/bin/../lib/gcc/arm-none-eabi/7.3.1/../../../../arm-none-eabi/lib/thumb/v7e-m/fpv5/hard\libm.a(lib_a-w_pow.o)
 .rodata.__ieee754_pow.str1.1
                0x000000000800bae4        0x1 c:/program files/st/stm32cubeide_1.5.1/stm32cubeide/plugins/com.st.stm32cube.ide.mcu.externaltools.gnu-tools-for-stm32.7-2018-q2-update.win32_1.5.0.202011040924/tools/bin/../lib/gcc/arm-none-eabi/7.3.1/../../../../arm-none-eabi/lib/thumb/v7e-m/fpv5/hard\libm.a(lib_a-e_pow.o)
 *fill*         0x000000000800bae4        0x4 
 .rodata.bp     0x000000000800bae8       0x10 c:/program files/st/stm32cubeide_1.5.1/stm32cubeide/plugins/com.st.stm32cube.ide.mcu.externaltools.gnu-tools-for-stm32.7-2018-q2-update.win32_1.5.0.202011040924/tools/bin/../lib/gcc/arm-none-eabi/7.3.1/../../../../arm-none-eabi/lib/thumb/v7e-m/fpv5/hard\libm.a(lib_a-e_pow.o)
 .rodata.dp_h   0x000000000800baf8       0x10 c:/program files/st/stm32cubeide_1.5.1/stm32cubeide/plugins/com.st.stm32cube.ide.mcu.externaltools.gnu-tools-for-stm32.7-2018-q2-update.win32_1.5.0.202011040924/tools/bin/../lib/gcc/arm-none-eabi/7.3.1/../../../../arm-none-eabi/lib/thumb/v7e-m/fpv5/hard\libm.a(lib_a-e_pow.o)
 .rodata.dp_l   0x000000000800bb08       0x10 c:/program files/st/stm32cubeide_1.5.1/stm32cubeide/plugins/com.st.stm32cube.ide.mcu.externaltools.gnu-tools-for-stm32.7-2018-q2-update.win32_1.5.0.202011040924/tools/bin/../lib/gcc/arm-none-eabi/7.3.1/../../../../arm-none-eabi/lib/thumb/v7e-m/fpv5/hard\libm.a(lib_a-e_pow.o)
 .rodata.TWO52  0x000000000800bb18       0x10 c:/program files/st/stm32cubeide_1.5.1/stm32cubeide/plugins/com.st.stm32cube.ide.mcu.externaltools.gnu-tools-for-stm32.7-2018-q2-update.win32_1.5.0.202011040924/tools/bin/../lib/gcc/arm-none-eabi/7.3.1/../../../../arm-none-eabi/lib/thumb/v7e-m/fpv5/hard\libm.a(lib_a-s_rint.o)
                0x000000000800bb28                . = ALIGN (0x4)

.ARM.extab
 *(.ARM.extab* .gnu.linkonce.armextab.*)

.ARM            0x000000000800bb28        0x8
                0x000000000800bb28                __exidx_start = .
 *(.ARM.exidx*)
 .ARM.exidx     0x000000000800bb28        0x8 c:/program files/st/stm32cubeide_1.5.1/stm32cubeide/plugins/com.st.stm32cube.ide.mcu.externaltools.gnu-tools-for-stm32.7-2018-q2-update.win32_1.5.0.202011040924/tools/bin/../lib/gcc/arm-none-eabi/7.3.1/thumb/v7e-m/fpv5/hard\libgcc.a(_udivmoddi4.o)
                0x000000000800bb30                __exidx_end = .

.rel.dyn        0x000000000800bb30        0x0
 .rel.iplt      0x000000000800bb30        0x0 c:/program files/st/stm32cubeide_1.5.1/stm32cubeide/plugins/com.st.stm32cube.ide.mcu.externaltools.gnu-tools-for-stm32.7-2018-q2-update.win32_1.5.0.202011040924/tools/bin/../lib/gcc/arm-none-eabi/7.3.1/thumb/v7e-m/fpv5/hard/crtbegin.o

.preinit_array  0x000000000800bb30        0x0
                0x000000000800bb30                PROVIDE (__preinit_array_start = .)
 *(.preinit_array*)
                0x000000000800bb30                PROVIDE (__preinit_array_end = .)

.init_array     0x000000000800bb30        0x4
                0x000000000800bb30                PROVIDE (__init_array_start = .)
 *(SORT_BY_NAME(.init_array.*))
 *(.init_array*)
 .init_array    0x000000000800bb30        0x4 c:/program files/st/stm32cubeide_1.5.1/stm32cubeide/plugins/com.st.stm32cube.ide.mcu.externaltools.gnu-tools-for-stm32.7-2018-q2-update.win32_1.5.0.202011040924/tools/bin/../lib/gcc/arm-none-eabi/7.3.1/thumb/v7e-m/fpv5/hard/crtbegin.o
                0x000000000800bb34                PROVIDE (__init_array_end = .)

.fini_array     0x000000000800bb34        0x4
                [!provide]                        PROVIDE (__fini_array_start = .)
 *(SORT_BY_NAME(.fini_array.*))
 *(.fini_array*)
 .fini_array    0x000000000800bb34        0x4 c:/program files/st/stm32cubeide_1.5.1/stm32cubeide/plugins/com.st.stm32cube.ide.mcu.externaltools.gnu-tools-for-stm32.7-2018-q2-update.win32_1.5.0.202011040924/tools/bin/../lib/gcc/arm-none-eabi/7.3.1/thumb/v7e-m/fpv5/hard/crtbegin.o
                [!provide]                        PROVIDE (__fini_array_end = .)
                0x000000000800bb38                _sidata = LOADADDR (.data)

.data           0x0000000020000000      0x1e4 load address 0x000000000800bb38
                0x0000000020000000                . = ALIGN (0x4)
                0x0000000020000000                _sdata = .
 *(.data)
 *(.data*)
 .data.SystemCoreClock
                0x0000000020000000        0x4 Common/Src/system_stm32h7xx_dualcore_boot_cm4_cm7.o
                0x0000000020000000                SystemCoreClock
 .data.SystemD2Clock
                0x0000000020000004        0x4 Common/Src/system_stm32h7xx_dualcore_boot_cm4_cm7.o
                0x0000000020000004                SystemD2Clock
 .data.uwTickPrio
                0x0000000020000008        0x4 Drivers/STM32H7xx_HAL_Driver/stm32h7xx_hal.o
                0x0000000020000008                uwTickPrio
 .data.uwTickFreq
                0x000000002000000c        0x1 Drivers/STM32H7xx_HAL_Driver/stm32h7xx_hal.o
                0x000000002000000c                uwTickFreq
 *fill*         0x000000002000000d        0x3 
 .data._impure_ptr
                0x0000000020000010        0x4 c:/program files/st/stm32cubeide_1.5.1/stm32cubeide/plugins/com.st.stm32cube.ide.mcu.externaltools.gnu-tools-for-stm32.7-2018-q2-update.win32_1.5.0.202011040924/tools/bin/../lib/gcc/arm-none-eabi/7.3.1/../../../../arm-none-eabi/lib/thumb/v7e-m/fpv5/hard\libc_nano.a(lib_a-impure.o)
                0x0000000020000010                _impure_ptr
 .data.impure_data
                0x0000000020000014       0x60 c:/program files/st/stm32cubeide_1.5.1/stm32cubeide/plugins/com.st.stm32cube.ide.mcu.externaltools.gnu-tools-for-stm32.7-2018-q2-update.win32_1.5.0.202011040924/tools/bin/../lib/gcc/arm-none-eabi/7.3.1/../../../../arm-none-eabi/lib/thumb/v7e-m/fpv5/hard\libc_nano.a(lib_a-impure.o)
 .data.__global_locale
                0x0000000020000074      0x16c c:/program files/st/stm32cubeide_1.5.1/stm32cubeide/plugins/com.st.stm32cube.ide.mcu.externaltools.gnu-tools-for-stm32.7-2018-q2-update.win32_1.5.0.202011040924/tools/bin/../lib/gcc/arm-none-eabi/7.3.1/../../../../arm-none-eabi/lib/thumb/v7e-m/fpv5/hard\libc_nano.a(lib_a-locale.o)
                0x0000000020000074                __global_locale
 .data.__fdlib_version
                0x00000000200001e0        0x1 c:/program files/st/stm32cubeide_1.5.1/stm32cubeide/plugins/com.st.stm32cube.ide.mcu.externaltools.gnu-tools-for-stm32.7-2018-q2-update.win32_1.5.0.202011040924/tools/bin/../lib/gcc/arm-none-eabi/7.3.1/../../../../arm-none-eabi/lib/thumb/v7e-m/fpv5/hard\libm.a(lib_a-s_lib_ver.o)
                0x00000000200001e0                __fdlib_version
 *(.RamFunc)
 *(.RamFunc*)
                0x00000000200001e4                . = ALIGN (0x4)
 *fill*         0x00000000200001e1        0x3 
                0x00000000200001e4                _edata = .

.igot.plt       0x00000000200001e4        0x0 load address 0x000000000800bd1c
 .igot.plt      0x00000000200001e4        0x0 c:/program files/st/stm32cubeide_1.5.1/stm32cubeide/plugins/com.st.stm32cube.ide.mcu.externaltools.gnu-tools-for-stm32.7-2018-q2-update.win32_1.5.0.202011040924/tools/bin/../lib/gcc/arm-none-eabi/7.3.1/thumb/v7e-m/fpv5/hard/crtbegin.o
                0x00000000200001e4                . = ALIGN (0x4)

.bss            0x00000000200001e4      0x1d8 load address 0x000000000800bd1c
                0x00000000200001e4                _sbss = .
                0x00000000200001e4                __bss_start__ = _sbss
 *(.bss)
 .bss           0x00000000200001e4       0x1c c:/program files/st/stm32cubeide_1.5.1/stm32cubeide/plugins/com.st.stm32cube.ide.mcu.externaltools.gnu-tools-for-stm32.7-2018-q2-update.win32_1.5.0.202011040924/tools/bin/../lib/gcc/arm-none-eabi/7.3.1/thumb/v7e-m/fpv5/hard/crtbegin.o
 *(.bss*)
 .bss.__sbrk_heap_end
                0x0000000020000200        0x4 Core/Src/sysmem.o
 .bss.__malloc_free_list
                0x0000000020000204        0x4 c:/program files/st/stm32cubeide_1.5.1/stm32cubeide/plugins/com.st.stm32cube.ide.mcu.externaltools.gnu-tools-for-stm32.7-2018-q2-update.win32_1.5.0.202011040924/tools/bin/../lib/gcc/arm-none-eabi/7.3.1/../../../../arm-none-eabi/lib/thumb/v7e-m/fpv5/hard\libc_nano.a(lib_a-nano-mallocr.o)
                0x0000000020000204                __malloc_free_list
 .bss.__malloc_sbrk_start
                0x0000000020000208        0x4 c:/program files/st/stm32cubeide_1.5.1/stm32cubeide/plugins/com.st.stm32cube.ide.mcu.externaltools.gnu-tools-for-stm32.7-2018-q2-update.win32_1.5.0.202011040924/tools/bin/../lib/gcc/arm-none-eabi/7.3.1/../../../../arm-none-eabi/lib/thumb/v7e-m/fpv5/hard\libc_nano.a(lib_a-nano-mallocr.o)
                0x0000000020000208                __malloc_sbrk_start
 *(COMMON)
 COMMON         0x000000002000020c      0x1a8 Core/Src/main.o
                0x000000002000020c                speech_len
                0x0000000020000210                huart3
                0x000000002000029c                hi2c1
                0x00000000200002e8                htim3
                0x0000000020000334                speech_c
 COMMON         0x00000000200003b4        0x4 Drivers/STM32H7xx_HAL_Driver/stm32h7xx_hal.o
                0x00000000200003b4                uwTick
 COMMON         0x00000000200003b8        0x4 c:/program files/st/stm32cubeide_1.5.1/stm32cubeide/plugins/com.st.stm32cube.ide.mcu.externaltools.gnu-tools-for-stm32.7-2018-q2-update.win32_1.5.0.202011040924/tools/bin/../lib/gcc/arm-none-eabi/7.3.1/../../../../arm-none-eabi/lib/thumb/v7e-m/fpv5/hard\libc_nano.a(lib_a-reent.o)
                0x00000000200003b8                errno
                0x00000000200003bc                . = ALIGN (0x4)
                0x00000000200003bc                _ebss = .
                0x00000000200003bc                __bss_end__ = _ebss

._user_heap_stack
                0x00000000200003bc      0x604 load address 0x000000000800bd1c
                0x00000000200003c0                . = ALIGN (0x8)
 *fill*         0x00000000200003bc        0x4 
                [!provide]                        PROVIDE (end = .)
                0x00000000200003c0                PROVIDE (_end = .)
                0x00000000200005c0                . = (. + _Min_Heap_Size)
 *fill*         0x00000000200003c0      0x200 
                0x00000000200009c0                . = (. + _Min_Stack_Size)
 *fill*         0x00000000200005c0      0x400 
                0x00000000200009c0                . = ALIGN (0x8)

/DISCARD/
 libc.a(*)
 libm.a(*)
 libgcc.a(*)

.ARM.attributes
                0x0000000000000000       0x2e
 *(.ARM.attributes)
 .ARM.attributes
                0x0000000000000000       0x20 c:/program files/st/stm32cubeide_1.5.1/stm32cubeide/plugins/com.st.stm32cube.ide.mcu.externaltools.gnu-tools-for-stm32.7-2018-q2-update.win32_1.5.0.202011040924/tools/bin/../lib/gcc/arm-none-eabi/7.3.1/thumb/v7e-m/fpv5/hard/crti.o
 .ARM.attributes
                0x0000000000000020       0x32 c:/program files/st/stm32cubeide_1.5.1/stm32cubeide/plugins/com.st.stm32cube.ide.mcu.externaltools.gnu-tools-for-stm32.7-2018-q2-update.win32_1.5.0.202011040924/tools/bin/../lib/gcc/arm-none-eabi/7.3.1/thumb/v7e-m/fpv5/hard/crtbegin.o
 .ARM.attributes
                0x0000000000000052       0x37 Common/Src/system_stm32h7xx_dualcore_boot_cm4_cm7.o
 .ARM.attributes
                0x0000000000000089       0x37 Core/Src/MPU_9255.o
 .ARM.attributes
                0x00000000000000c0       0x37 Core/Src/main.o
 .ARM.attributes
                0x00000000000000f7       0x37 Core/Src/stm32h7xx_hal_msp.o
 .ARM.attributes
                0x000000000000012e       0x37 Core/Src/stm32h7xx_it.o
 .ARM.attributes
                0x0000000000000165       0x37 Core/Src/syscalls.o
 .ARM.attributes
                0x000000000000019c       0x37 Core/Src/sysmem.o
 .ARM.attributes
                0x00000000000001d3       0x21 Core/Startup/startup_stm32h745zitx.o
 .ARM.attributes
                0x00000000000001f4       0x37 Drivers/STM32H7xx_HAL_Driver/stm32h7xx_hal.o
 .ARM.attributes
                0x000000000000022b       0x37 Drivers/STM32H7xx_HAL_Driver/stm32h7xx_hal_cortex.o
 .ARM.attributes
                0x0000000000000262       0x37 Drivers/STM32H7xx_HAL_Driver/stm32h7xx_hal_gpio.o
 .ARM.attributes
                0x0000000000000299       0x37 Drivers/STM32H7xx_HAL_Driver/stm32h7xx_hal_hsem.o
 .ARM.attributes
                0x00000000000002d0       0x37 Drivers/STM32H7xx_HAL_Driver/stm32h7xx_hal_i2c.o
 .ARM.attributes
                0x0000000000000307       0x37 Drivers/STM32H7xx_HAL_Driver/stm32h7xx_hal_i2c_ex.o
 .ARM.attributes
                0x000000000000033e       0x37 Drivers/STM32H7xx_HAL_Driver/stm32h7xx_hal_pwr_ex.o
 .ARM.attributes
                0x0000000000000375       0x37 Drivers/STM32H7xx_HAL_Driver/stm32h7xx_hal_rcc.o
 .ARM.attributes
                0x00000000000003ac       0x37 Drivers/STM32H7xx_HAL_Driver/stm32h7xx_hal_rcc_ex.o
 .ARM.attributes
                0x00000000000003e3       0x37 Drivers/STM32H7xx_HAL_Driver/stm32h7xx_hal_tim.o
 .ARM.attributes
                0x000000000000041a       0x37 Drivers/STM32H7xx_HAL_Driver/stm32h7xx_hal_tim_ex.o
 .ARM.attributes
                0x0000000000000451       0x37 Drivers/STM32H7xx_HAL_Driver/stm32h7xx_hal_uart.o
 .ARM.attributes
                0x0000000000000488       0x37 Drivers/STM32H7xx_HAL_Driver/stm32h7xx_hal_uart_ex.o
 .ARM.attributes
                0x00000000000004bf       0x32 c:/program files/st/stm32cubeide_1.5.1/stm32cubeide/plugins/com.st.stm32cube.ide.mcu.externaltools.gnu-tools-for-stm32.7-2018-q2-update.win32_1.5.0.202011040924/tools/bin/../lib/gcc/arm-none-eabi/7.3.1/../../../../arm-none-eabi/lib/thumb/v7e-m/fpv5/hard\libc_nano.a(lib_a-errno.o)
 .ARM.attributes