10:29:28 **** Clean-only build of configuration Debug for project FinalProject_CM7 ****
make -j8 clean 
rm -rf *
 
10:29:29 **** Build of configuration Debug for project FinalProject_CM7 ****
make -j8 all 
arm-none-eabi-gcc "D:/Development/stm32h745/robot-design/FinalProject/Drivers/STM32H7xx_HAL_Driver/Src/stm32h7xx_hal.c" -mcpu=cortex-m7 -std=gnu11 -g3 -DUSE_HAL_DRIVER -DCORE_CM7 -DDEBUG -DSTM32H745xx -c -I../Core/Inc -I../../Drivers/STM32H7xx_HAL_Driver/Inc -I../../Drivers/STM32H7xx_HAL_Driver/Inc/Legacy -I../../Drivers/CMSIS/Device/ST/STM32H7xx/Include -I../../Drivers/CMSIS/Include -O0 -ffunction-sections -fdata-sections -Wall -fstack-usage -MMD -MP -MF"Drivers/STM32H7xx_HAL_Driver/stm32h7xx_hal.d" -MT"Drivers/STM32H7xx_HAL_Driver/stm32h7xx_hal.o" --specs=nano.specs -mfpu=fpv5-d16 -mfloat-abi=hard -mthumb -o "Drivers/STM32H7xx_HAL_Driver/stm32h7xx_hal.o"
arm-none-eabi-gcc "D:/Development/stm32h745/robot-design/FinalProject/Drivers/STM32H7xx_HAL_Driver/Src/stm32h7xx_hal_cortex.c" -mcpu=cortex-m7 -std=gnu11 -g3 -DUSE_HAL_DRIVER -DCORE_CM7 -DDEBUG -DSTM32H745xx -c -I../Core/Inc -I../../Drivers/STM32H7xx_HAL_Driver/Inc -I../../Drivers/STM32H7xx_HAL_Driver/Inc/Legacy -I../../Drivers/CMSIS/Device/ST/STM32H7xx/Include -I../../Drivers/CMSIS/Include -O0 -ffunction-sections -fdata-sections -Wall -fstack-usage -MMD -MP -MF"Drivers/STM32H7xx_HAL_Driver/stm32h7xx_hal_cortex.d" -MT"Drivers/STM32H7xx_HAL_Driver/stm32h7xx_hal_cortex.o" --specs=nano.specs -mfpu=fpv5-d16 -mfloat-abi=hard -mthumb -o "Drivers/STM32H7xx_HAL_Driver/stm32h7xx_hal_cortex.o"
arm-none-eabi-gcc "D:/Development/stm32h745/robot-design/FinalProject/Drivers/STM32H7xx_HAL_Driver/Src/stm32h7xx_hal_dma.c" -mcpu=cortex-m7 -std=gnu11 -g3 -DUSE_HAL_DRIVER -DCORE_CM7 -DDEBUG -DSTM32H745xx -c -I../Core/Inc -I../../Drivers/STM32H7xx_HAL_Driver/Inc -I../../Drivers/STM32H7xx_HAL_Driver/Inc/Legacy -I../../Drivers/CMSIS/Device/ST/STM32H7xx/Include -I../../Drivers/CMSIS/Include -O0 -ffunction-sections -fdata-sections -Wall -fstack-usage -MMD -MP -MF"Drivers/STM32H7xx_HAL_Driver/stm32h7xx_hal_dma.d" -MT"Drivers/STM32H7xx_HAL_Driver/stm32h7xx_hal_dma.o" --specs=nano.specs -mfpu=fpv5-d16 -mfloat-abi=hard -mthumb -o "Drivers/STM32H7xx_HAL_Driver/stm32h7xx_hal_dma.o"
arm-none-eabi-gcc "D:/Development/stm32h745/robot-design/FinalProject/Drivers/STM32H7xx_HAL_Driver/Src/stm32h7xx_hal_dma_ex.c" -mcpu=cortex-m7 -std=gnu11 -g3 -DUSE_HAL_DRIVER -DCORE_CM7 -DDEBUG -DSTM32H745xx -c -I../Core/Inc -I../../Drivers/STM32H7xx_HAL_Driver/Inc -I../../Drivers/STM32H7xx_HAL_Driver/Inc/Legacy -I../../Drivers/CMSIS/Device/ST/STM32H7xx/Include -I../../Drivers/CMSIS/Include -O0 -ffunction-sections -fdata-sections -Wall -fstack-usage -MMD -MP -MF"Drivers/STM32H7xx_HAL_Driver/stm32h7xx_hal_dma_ex.d" -MT"Drivers/STM32H7xx_HAL_Driver/stm32h7xx_hal_dma_ex.o" --specs=nano.specs -mfpu=fpv5-d16 -mfloat-abi=hard -mthumb -o "Drivers/STM32H7xx_HAL_Driver/stm32h7xx_hal_dma_ex.o"
arm-none-eabi-gcc "D:/Development/stm32h745/robot-design/FinalProject/Drivers/STM32H7xx_HAL_Driver/Src/stm32h7xx_hal_exti.c" -mcpu=cortex-m7 -std=gnu11 -g3 -DUSE_HAL_DRIVER -DCORE_CM7 -DDEBUG -DSTM32H745xx -c -I../Core/Inc -I../../Drivers/STM32H7xx_HAL_Driver/Inc -I../../Drivers/STM32H7xx_HAL_Driver/Inc/Legacy -I../../Drivers/CMSIS/Device/ST/STM32H7xx/Include -I../../Drivers/CMSIS/Include -O0 -ffunction-sections -fdata-sections -Wall -fstack-usage -MMD -MP -MF"Drivers/STM32H7xx_HAL_Driver/stm32h7xx_hal_exti.d" -MT"Drivers/STM32H7xx_HAL_Driver/stm32h7xx_hal_exti.o" --specs=nano.specs -mfpu=fpv5-d16 -mfloat-abi=hard -mthumb -o "Drivers/STM32H7xx_HAL_Driver/stm32h7xx_hal_exti.o"
arm-none-eabi-gcc "D:/Development/stm32h745/robot-design/FinalProject/Drivers/STM32H7xx_HAL_Driver/Src/stm32h7xx_hal_flash.c" -mcpu=cortex-m7 -std=gnu11 -g3 -DUSE_HAL_DRIVER -DCORE_CM7 -DDEBUG -DSTM32H745xx -c -I../Core/Inc -I../../Drivers/STM32H7xx_HAL_Driver/Inc -I../../Drivers/STM32H7xx_HAL_Driver/Inc/Legacy -I../../Drivers/CMSIS/Device/ST/STM32H7xx/Include -I../../Drivers/CMSIS/Include -O0 -ffunction-sections -fdata-sections -Wall -fstack-usage -MMD -MP -MF"Drivers/STM32H7xx_HAL_Driver/stm32h7xx_hal_flash.d" -MT"Drivers/STM32H7xx_HAL_Driver/stm32h7xx_hal_flash.o" --specs=nano.specs -mfpu=fpv5-d16 -mfloat-abi=hard -mthumb -o "Drivers/STM32H7xx_HAL_Driver/stm32h7xx_hal_flash.o"
arm-none-eabi-gcc "D:/Development/stm32h745/robot-design/FinalProject/Drivers/STM32H7xx_HAL_Driver/Src/stm32h7xx_hal_flash_ex.c" -mcpu=cortex-m7 -std=gnu11 -g3 -DUSE_HAL_DRIVER -DCORE_CM7 -DDEBUG -DSTM32H745xx -c -I../Core/Inc -I../../Drivers/STM32H7xx_HAL_Driver/Inc -I../../Drivers/STM32H7xx_HAL_Driver/Inc/Legacy -I../../Drivers/CMSIS/Device/ST/STM32H7xx/Include -I../../Drivers/CMSIS/Include -O0 -ffunction-sections -fdata-sections -Wall -fstack-usage -MMD -MP -MF"Drivers/STM32H7xx_HAL_Driver/stm32h7xx_hal_flash_ex.d" -MT"Drivers/STM32H7xx_HAL_Driver/stm32h7xx_hal_flash_ex.o" --specs=nano.specs -mfpu=fpv5-d16 -mfloat-abi=hard -mthumb -o "Drivers/STM32H7xx_HAL_Driver/stm32h7xx_hal_flash_ex.o"
arm-none-eabi-gcc "D:/Development/stm32h745/robot-design/FinalProject/Drivers/STM32H7xx_HAL_Driver/Src/stm32h7xx_hal_gpio.c" -mcpu=cortex-m7 -std=gnu11 -g3 -DUSE_HAL_DRIVER -DCORE_CM7 -DDEBUG -DSTM32H745xx -c -I../Core/Inc -I../../Drivers/STM32H7xx_HAL_Driver/Inc -I../../Drivers/STM32H7xx_HAL_Driver/Inc/Legacy -I../../Drivers/CMSIS/Device/ST/STM32H7xx/Include -I../../Drivers/CMSIS/Include -O0 -ffunction-sections -fdata-sections -Wall -fstack-usage -MMD -MP -MF"Drivers/STM32H7xx_HAL_Driver/stm32h7xx_hal_gpio.d" -MT"Drivers/STM32H7xx_HAL_Driver/stm32h7xx_hal_gpio.o" --specs=nano.specs -mfpu=fpv5-d16 -mfloat-abi=hard -mthumb -o "Drivers/STM32H7xx_HAL_Driver/stm32h7xx_hal_gpio.o"
arm-none-eabi-gcc "D:/Development/stm32h745/robot-design/FinalProject/Drivers/STM32H7xx_HAL_Driver/Src/stm32h7xx_hal_hsem.c" -mcpu=cortex-m7 -std=gnu11 -g3 -DUSE_HAL_DRIVER -DCORE_CM7 -DDEBUG -DSTM32H745xx -c -I../Core/Inc -I../../Drivers/STM32H7xx_HAL_Driver/Inc -I../../Drivers/STM32H7xx_HAL_Driver/Inc/Legacy -I../../Drivers/CMSIS/Device/ST/STM32H7xx/Include -I../../Drivers/CMSIS/Include -O0 -ffunction-sections -fdata-sections -Wall -fstack-usage -MMD -MP -MF"Drivers/STM32H7xx_HAL_Driver/stm32h7xx_hal_hsem.d" -MT"Drivers/STM32H7xx_HAL_Driver/stm32h7xx_hal_hsem.o" --specs=nano.specs -mfpu=fpv5-d16 -mfloat-abi=hard -mthumb -o "Drivers/STM32H7xx_HAL_Driver/stm32h7xx_hal_hsem.o"
arm-none-eabi-gcc "D:/Development/stm32h745/robot-design/FinalProject/Drivers/STM32H7xx_HAL_Driver/Src/stm32h7xx_hal_i2c.c" -mcpu=cortex-m7 -std=gnu11 -g3 -DUSE_HAL_DRIVER -DCORE_CM7 -DDEBUG -DSTM32H745xx -c -I../Core/Inc -I../../Drivers/STM32H7xx_HAL_Driver/Inc -I../../Drivers/STM32H7xx_HAL_Driver/Inc/Legacy -I../../Drivers/CMSIS/Device/ST/STM32H7xx/Include -I../../Drivers/CMSIS/Include -O0 -ffunction-sections -fdata-sections -Wall -fstack-usage -MMD -MP -MF"Drivers/STM32H7xx_HAL_Driver/stm32h7xx_hal_i2c.d" -MT"Drivers/STM32H7xx_HAL_Driver/stm32h7xx_hal_i2c.o" --specs=nano.specs -mfpu=fpv5-d16 -mfloat-abi=hard -mthumb -o "Drivers/STM32H7xx_HAL_Driver/stm32h7xx_hal_i2c.o"
arm-none-eabi-gcc "D:/Development/stm32h745/robot-design/FinalProject/Drivers/STM32H7xx_HAL_Driver/Src/stm32h7xx_hal_i2c_ex.c" -mcpu=cortex-m7 -std=gnu11 -g3 -DUSE_HAL_DRIVER -DCORE_CM7 -DDEBUG -DSTM32H745xx -c -I../Core/Inc -I../../Drivers/STM32H7xx_HAL_Driver/Inc -I../../Drivers/STM32H7xx_HAL_Driver/Inc/Legacy -I../../Drivers/CMSIS/Device/ST/STM32H7xx/Include -I../../Drivers/CMSIS/Include -O0 -ffunction-sections -fdata-sections -Wall -fstack-usage -MMD -MP -MF"Drivers/STM32H7xx_HAL_Driver/stm32h7xx_hal_i2c_ex.d" -MT"Drivers/STM32H7xx_HAL_Driver/stm32h7xx_hal_i2c_ex.o" --specs=nano.specs -mfpu=fpv5-d16 -mfloat-abi=hard -mthumb -o "Drivers/STM32H7xx_HAL_Driver/stm32h7xx_hal_i2c_ex.o"
arm-none-eabi-gcc "D:/Development/stm32h745/robot-design/FinalProject/Drivers/STM32H7xx_HAL_Driver/Src/stm32h7xx_hal_mdma.c" -mcpu=cortex-m7 -std=gnu11 -g3 -DUSE_HAL_DRIVER -DCORE_CM7 -DDEBUG -DSTM32H745xx -c -I../Core/Inc -I../../Drivers/STM32H7xx_HAL_Driver/Inc -I../../Drivers/STM32H7xx_HAL_Driver/Inc/Legacy -I../../Drivers/CMSIS/Device/ST/STM32H7xx/Include -I../../Drivers/CMSIS/Include -O0 -ffunction-sections -fdata-sections -Wall -fstack-usage -MMD -MP -MF"Drivers/STM32H7xx_HAL_Driver/stm32h7xx_hal_mdma.d" -MT"Drivers/STM32H7xx_HAL_Driver/stm32h7xx_hal_mdma.o" --specs=nano.specs -mfpu=fpv5-d16 -mfloat-abi=hard -mthumb -o "Drivers/STM32H7xx_HAL_Driver/stm32h7xx_hal_mdma.o"
arm-none-eabi-gcc "D:/Development/stm32h745/robot-design/FinalProject/Drivers/STM32H7xx_HAL_Driver/Src/stm32h7xx_hal_pwr.c" -mcpu=cortex-m7 -std=gnu11 -g3 -DUSE_HAL_DRIVER -DCORE_CM7 -DDEBUG -DSTM32H745xx -c -I../Core/Inc -I../../Drivers/STM32H7xx_HAL_Driver/Inc -I../../Drivers/STM32H7xx_HAL_Driver/Inc/Legacy -I../../Drivers/CMSIS/Device/ST/STM32H7xx/Include -I../../Drivers/CMSIS/Include -O0 -ffunction-sections -fdata-sections -Wall -fstack-usage -MMD -MP -MF"Drivers/STM32H7xx_HAL_Driver/stm32h7xx_hal_pwr.d" -MT"Drivers/STM32H7xx_HAL_Driver/stm32h7xx_hal_pwr.o" --specs=nano.specs -mfpu=fpv5-d16 -mfloat-abi=hard -mthumb -o "Drivers/STM32H7xx_HAL_Driver/stm32h7xx_hal_pwr.o"
arm-none-eabi-gcc "D:/Development/stm32h745/robot-design/FinalProject/Drivers/STM32H7xx_HAL_Driver/Src/stm32h7xx_hal_pwr_ex.c" -mcpu=cortex-m7 -std=gnu11 -g3 -DUSE_HAL_DRIVER -DCORE_CM7 -DDEBUG -DSTM32H745xx -c -I../Core/Inc -I../../Drivers/STM32H7xx_HAL_Driver/Inc -I../../Drivers/STM32H7xx_HAL_Driver/Inc/Legacy -I../../Drivers/CMSIS/Device/ST/STM32H7xx/Include -I../../Drivers/CMSIS/Include -O0 -ffunction-sections -fdata-sections -Wall -fstack-usage -MMD -MP -MF"Drivers/STM32H7xx_HAL_Driver/stm32h7xx_hal_pwr_ex.d" -MT"Drivers/STM32H7xx_HAL_Driver/stm32h7xx_hal_pwr_ex.o" --specs=nano.specs -mfpu=fpv5-d16 -mfloat-abi=hard -mthumb -o "Drivers/STM32H7xx_HAL_Driver/stm32h7xx_hal_pwr_ex.o"
arm-none-eabi-gcc "D:/Development/stm32h745/robot-design/FinalProject/Drivers/STM32H7xx_HAL_Driver/Src/stm32h7xx_hal_rcc.c" -mcpu=cortex-m7 -std=gnu11 -g3 -DUSE_HAL_DRIVER -DCORE_CM7 -DDEBUG -DSTM32H745xx -c -I../Core/Inc -I../../Drivers/STM32H7xx_HAL_Driver/Inc -I../../Drivers/STM32H7xx_HAL_Driver/Inc/Legacy -I../../Drivers/CMSIS/Device/ST/STM32H7xx/Include -I../../Drivers/CMSIS/Include -O0 -ffunction-sections -fdata-sections -Wall -fstack-usage -MMD -MP -MF"Drivers/STM32H7xx_HAL_Driver/stm32h7xx_hal_rcc.d" -MT"Drivers/STM32H7xx_HAL_Driver/stm32h7xx_hal_rcc.o" --specs=nano.specs -mfpu=fpv5-d16 -mfloat-abi=hard -mthumb -o "Drivers/STM32H7xx_HAL_Driver/stm32h7xx_hal_rcc.o"
arm-none-eabi-gcc "D:/Development/stm32h745/robot-design/FinalProject/Drivers/STM32H7xx_HAL_Driver/Src/stm32h7xx_hal_rcc_ex.c" -mcpu=cortex-m7 -std=gnu11 -g3 -DUSE_HAL_DRIVER -DCORE_CM7 -DDEBUG -DSTM32H745xx -c -I../Core/Inc -I../../Drivers/STM32H7xx_HAL_Driver/Inc -I../../Drivers/STM32H7xx_HAL_Driver/Inc/Legacy -I../../Drivers/CMSIS/Device/ST/STM32H7xx/Include -I../../Drivers/CMSIS/Include -O0 -ffunction-sections -fdata-sections -Wall -fstack-usage -MMD -MP -MF"Drivers/STM32H7xx_HAL_Driver/stm32h7xx_hal_rcc_ex.d" -MT"Drivers/STM32H7xx_HAL_Driver/stm32h7xx_hal_rcc_ex.o" --specs=nano.specs -mfpu=fpv5-d16 -mfloat-abi=hard -mthumb -o "Drivers/STM32H7xx_HAL_Driver/stm32h7xx_hal_rcc_ex.o"
arm-none-eabi-gcc "D:/Development/stm32h745/robot-design/FinalProject/Drivers/STM32H7xx_HAL_Driver/Src/stm32h7xx_hal_tim.c" -mcpu=cortex-m7 -std=gnu11 -g3 -DUSE_HAL_DRIVER -DCORE_CM7 -DDEBUG -DSTM32H745xx -c -I../Core/Inc -I../../Drivers/STM32H7xx_HAL_Driver/Inc -I../../Drivers/STM32H7xx_HAL_Driver/Inc/Legacy -I../../Drivers/CMSIS/Device/ST/STM32H7xx/Include -I../../Drivers/CMSIS/Include -O0 -ffunction-sections -fdata-sections -Wall -fstack-usage -MMD -MP -MF"Drivers/STM32H7xx_HAL_Driver/stm32h7xx_hal_tim.d" -MT"Drivers/STM32H7xx_HAL_Driver/stm32h7xx_hal_tim.o" --specs=nano.specs -mfpu=fpv5-d16 -mfloat-abi=hard -mthumb -o "Drivers/STM32H7xx_HAL_Driver/stm32h7xx_hal_tim.o"
arm-none-eabi-gcc "D:/Development/stm32h745/robot-design/FinalProject/Drivers/STM32H7xx_HAL_Driver/Src/stm32h7xx_hal_tim_ex.c" -mcpu=cortex-m7 -std=gnu11 -g3 -DUSE_HAL_DRIVER -DCORE_CM7 -DDEBUG -DSTM32H745xx -c -I../Core/Inc -I../../Drivers/STM32H7xx_HAL_Driver/Inc -I../../Drivers/STM32H7xx_HAL_Driver/Inc/Legacy -I../../Drivers/CMSIS/Device/ST/STM32H7xx/Include -I../../Drivers/CMSIS/Include -O0 -ffunction-sections -fdata-sections -Wall -fstack-usage -MMD -MP -MF"Drivers/STM32H7xx_HAL_Driver/stm32h7xx_hal_tim_ex.d" -MT"Drivers/STM32H7xx_HAL_Driver/stm32h7xx_hal_tim_ex.o" --specs=nano.specs -mfpu=fpv5-d16 -mfloat-abi=hard -mthumb -o "Drivers/STM32H7xx_HAL_Driver/stm32h7xx_hal_tim_ex.o"
arm-none-eabi-gcc "D:/Development/stm32h745/robot-design/FinalProject/Drivers/STM32H7xx_HAL_Driver/Src/stm32h7xx_hal_uart.c" -mcpu=cortex-m7 -std=gnu11 -g3 -DUSE_HAL_DRIVER -DCORE_CM7 -DDEBUG -DSTM32H745xx -c -I../Core/Inc -I../../Drivers/STM32H7xx_HAL_Driver/Inc -I../../Drivers/STM32H7xx_HAL_Driver/Inc/Legacy -I../../Drivers/CMSIS/Device/ST/STM32H7xx/Include -I../../Drivers/CMSIS/Include -O0 -ffunction-sections -fdata-sections -Wall -fstack-usage -MMD -MP -MF"Drivers/STM32H7xx_HAL_Driver/stm32h7xx_hal_uart.d" -MT"Drivers/STM32H7xx_HAL_Driver/stm32h7xx_hal_uart.o" --specs=nano.specs -mfpu=fpv5-d16 -mfloat-abi=hard -mthumb -o "Drivers/STM32H7xx_HAL_Driver/stm32h7xx_hal_uart.o"
arm-none-eabi-gcc "D:/Development/stm32h745/robot-design/FinalProject/Drivers/STM32H7xx_HAL_Driver/Src/stm32h7xx_hal_uart_ex.c" -mcpu=cortex-m7 -std=gnu11 -g3 -DUSE_HAL_DRIVER -DCORE_CM7 -DDEBUG -DSTM32H745xx -c -I../Core/Inc -I../../Drivers/STM32H7xx_HAL_Driver/Inc -I../../Drivers/STM32H7xx_HAL_Driver/Inc/Legacy -I../../Drivers/CMSIS/Device/ST/STM32H7xx/Include -I../../Drivers/CMSIS/Include -O0 -ffunction-sections -fdata-sections -Wall -fstack-usage -MMD -MP -MF"Drivers/STM32H7xx_HAL_Driver/stm32h7xx_hal_uart_ex.d" -MT"Drivers/STM32H7xx_HAL_Driver/stm32h7xx_hal_uart_ex.o" --specs=nano.specs -mfpu=fpv5-d16 -mfloat-abi=hard -mthumb -o "Drivers/STM32H7xx_HAL_Driver/stm32h7xx_hal_uart_ex.o"
arm-none-eabi-gcc -mcpu=cortex-m7 -g3 -c -x assembler-with-cpp -MMD -MP -MF"Core/Startup/startup_stm32h745zitx.d" -MT"Core/Startup/startup_stm32h745zitx.o" --specs=nano.specs -mfpu=fpv5-d16 -mfloat-abi=hard -mthumb -o "Core/Startup/startup_stm32h745zitx.o" "../Core/Startup/startup_stm32h745zitx.s"
arm-none-eabi-gcc "../Core/Src/main.c" -mcpu=cortex-m7 -std=gnu11 -g3 -DUSE_HAL_DRIVER -DCORE_CM7 -DDEBUG -DSTM32H745xx -c -I../Core/Inc -I../../Drivers/STM32H7xx_HAL_Driver/Inc -I../../Drivers/STM32H7xx_HAL_Driver/Inc/Legacy -I../../Drivers/CMSIS/Device/ST/STM32H7xx/Include -I../../Drivers/CMSIS/Include -O0 -ffunction-sections -fdata-sections -Wall -fstack-usage -MMD -MP -MF"Core/Src/main.d" -MT"Core/Src/main.o" --specs=nano.specs -mfpu=fpv5-d16 -mfloat-abi=hard -mthumb -o "Core/Src/main.o"
arm-none-eabi-gcc "../Core/Src/stm32h7xx_hal_msp.c" -mcpu=cortex-m7 -std=gnu11 -g3 -DUSE_HAL_DRIVER -DCORE_CM7 -DDEBUG -DSTM32H745xx -c -I../Core/Inc -I../../Drivers/STM32H7xx_HAL_Driver/Inc -I../../Drivers/STM32H7xx_HAL_Driver/Inc/Legacy -I../../Drivers/CMSIS/Device/ST/STM32H7xx/Include -I../../Drivers/CMSIS/Include -O0 -ffunction-sections -fdata-sections -Wall -fstack-usage -MMD -MP -MF"Core/Src/stm32h7xx_hal_msp.d" -MT"Core/Src/stm32h7xx_hal_msp.o" --specs=nano.specs -mfpu=fpv5-d16 -mfloat-abi=hard -mthumb -o "Core/Src/stm32h7xx_hal_msp.o"
arm-none-eabi-gcc "../Core/Src/stm32h7xx_it.c" -mcpu=cortex-m7 -std=gnu11 -g3 -DUSE_HAL_DRIVER -DCORE_CM7 -DDEBUG -DSTM32H745xx -c -I../Core/Inc -I../../Drivers/STM32H7xx_HAL_Driver/Inc -I../../Drivers/STM32H7xx_HAL_Driver/Inc/Legacy -I../../Drivers/CMSIS/Device/ST/STM32H7xx/Include -I../../Drivers/CMSIS/Include -O0 -ffunction-sections -fdata-sections -Wall -fstack-usage -MMD -MP -MF"Core/Src/stm32h7xx_it.d" -MT"Core/Src/stm32h7xx_it.o" --specs=nano.specs -mfpu=fpv5-d16 -mfloat-abi=hard -mthumb -o "Core/Src/stm32h7xx_it.o"
arm-none-eabi-gcc "../Core/Src/syscalls.c" -mcpu=cortex-m7 -std=gnu11 -g3 -DUSE_HAL_DRIVER -DCORE_CM7 -DDEBUG -DSTM32H745xx -c -I../Core/Inc -I../../Drivers/STM32H7xx_HAL_Driver/Inc -I../../Drivers/STM32H7xx_HAL_Driver/Inc/Legacy -I../../Drivers/CMSIS/Device/ST/STM32H7xx/Include -I../../Drivers/CMSIS/Include -O0 -ffunction-sections -fdata-sections -Wall -fstack-usage -MMD -MP -MF"Core/Src/syscalls.d" -MT"Core/Src/syscalls.o" --specs=nano.specs -mfpu=fpv5-d16 -mfloat-abi=hard -mthumb -o "Core/Src/syscalls.o"
In file included from ../Core/Src/main.c:28:0:
../Core/Inc/ServoControl.h: In function 'robotInit':
../Core/Inc/ServoControl.h:13:5: warning: implicit declaration of function 'robot_control_cmd' [-Wimplicit-function-declaration]
     robot_control_cmd(huart, servo_amount, arrive_time,
     ^~~~~~~~~~~~~~~~~
../Core/Src/main.c: In function 'grafcet':
../Core/Src/main.c:379:23: warning: passing argument 2 of 'snprintf' makes integer from pointer without a cast [-Wint-conversion]
         snprintf(tmp, "%d", uart3InputBuffer);
                       ^~~~
In file included from ../Core/Src/main.c:25:0:
c:\program files\st\stm32cubeide_1.5.1\stm32cubeide\plugins\com.st.stm32cube.ide.mcu.externaltools.gnu-tools-for-stm32.7-2018-q2-update.win32_1.5.0.202011040924\tools\arm-none-eabi\include\stdio.h:266:5: note: expected 'size_t {aka unsigned int}' but argument is of type 'char *'
 int snprintf (char *__restrict, size_t, const char *__restrict, ...)
     ^~~~~~~~
../Core/Src/main.c:379:29: warning: pointer targets in passing argument 3 of 'snprintf' differ in signedness [-Wpointer-sign]
         snprintf(tmp, "%d", uart3InputBuffer);
                             ^~~~~~~~~~~~~~~~
In file included from ../Core/Src/main.c:25:0:
c:\program files\st\stm32cubeide_1.5.1\stm32cubeide\plugins\com.st.stm32cube.ide.mcu.externaltools.gnu-tools-for-stm32.7-2018-q2-update.win32_1.5.0.202011040924\tools\arm-none-eabi\include\stdio.h:266:5: note: expected 'const char * restrict' but argument is of type 'uint8_t * {aka unsigned char *}'
 int snprintf (char *__restrict, size_t, const char *__restrict, ...)
     ^~~~~~~~
../Core/Src/main.c:383:13: warning: implicit declaration of function 'strcmp' [-Wimplicit-function-declaration]
         if (strcmp(tmp, "y") == 0) {
             ^~~~~~
../Core/Src/main.c:404:23: warning: passing argument 2 of 'snprintf' makes integer from pointer without a cast [-Wint-conversion]
         snprintf(tmp, "%d", uart3InputBuffer);
                       ^~~~
In file included from ../Core/Src/main.c:25:0:
c:\program files\st\stm32cubeide_1.5.1\stm32cubeide\plugins\com.st.stm32cube.ide.mcu.externaltools.gnu-tools-for-stm32.7-2018-q2-update.win32_1.5.0.202011040924\tools\arm-none-eabi\include\stdio.h:266:5: note: expected 'size_t {aka unsigned int}' but argument is of type 'char *'
 int snprintf (char *__restrict, size_t, const char *__restrict, ...)
     ^~~~~~~~
../Core/Src/main.c:404:29: warning: pointer targets in passing argument 3 of 'snprintf' differ in signedness [-Wpointer-sign]
         snprintf(tmp, "%d", uart3InputBuffer);
                             ^~~~~~~~~~~~~~~~
In file included from ../Core/Src/main.c:25:0:
c:\program files\st\stm32cubeide_1.5.1\stm32cubeide\plugins\com.st.stm32cube.ide.mcu.externaltools.gnu-tools-for-stm32.7-2018-q2-update.win32_1.5.0.202011040924\tools\arm-none-eabi\include\stdio.h:266:5: note: expected 'const char * restrict' but argument is of type 'uint8_t * {aka unsigned char *}'
 int snprintf (char *__restrict, size_t, const char *__restrict, ...)
     ^~~~~~~~
arm-none-eabi-gcc "../Core/Src/sysmem.c" -mcpu=cortex-m7 -std=gnu11 -g3 -DUSE_HAL_DRIVER -DCORE_CM7 -DDEBUG -DSTM32H745xx -c -I../Core/Inc -I../../Drivers/STM32H7xx_HAL_Driver/Inc -I../../Drivers/STM32H7xx_HAL_Driver/Inc/Legacy -I../../Drivers/CMSIS/Device/ST/STM32H7xx/Include -I../../Drivers/CMSIS/Include -O0 -ffunction-sections -fdata-sections -Wall -fstack-usage -MMD -MP -MF"Core/Src/sysmem.d" -MT"Core/Src/sysmem.o" --specs=nano.specs -mfpu=fpv5-d16 -mfloat-abi=hard -mthumb -o "Core/Src/sysmem.o"
arm-none-eabi-gcc "D:/Development/stm32h745/robot-design/FinalProject/Common/Src/system_stm32h7xx_dualcore_boot_cm4_cm7.c" -mcpu=cortex-m7 -std=gnu11 -g3 -DUSE_HAL_DRIVER -DCORE_CM7 -DDEBUG -DSTM32H745xx -c -I../Core/Inc -I../../Drivers/STM32H7xx_HAL_Driver/Inc -I../../Drivers/STM32H7xx_HAL_Driver/Inc/Legacy -I../../Drivers/CMSIS/Device/ST/STM32H7xx/Include -I../../Drivers/CMSIS/Include -O0 -ffunction-sections -fdata-sections -Wall -fstack-usage -MMD -MP -MF"Common/Src/system_stm32h7xx_dualcore_boot_cm4_cm7.d" -MT"Common/Src/system_stm32h7xx_dualcore_boot_cm4_cm7.o" --specs=nano.specs -mfpu=fpv5-d16 -mfloat-abi=hard -mthumb -o "Common/Src/system_stm32h7xx_dualcore_boot_cm4_cm7.o"
arm-none-eabi-gcc -o "FinalProject_CM7.elf" @"objects.list"   -mcpu=cortex-m7 -T"D:\Development\stm32h745\robot-design\FinalProject\CM7\STM32H745ZITX_FLASH.ld" --specs=nosys.specs -Wl,-Map="FinalProject_CM7.map" -Wl,--gc-sections -static --specs=nano.specs -mfpu=fpv5-d16 -mfloat-abi=hard -mthumb -Wl,--start-group -lc -lm -Wl,--end-group
Finished building target: FinalProject_CM7.elf
 
arm-none-eabi-size   FinalProject_CM7.elf 
arm-none-eabi-objdump -h -S  FinalProject_CM7.elf  > "FinalProject_CM7.list"
arm-none-eabi-objcopy  -O binary  FinalProject_CM7.elf  "FinalProject_CM7.bin"
   text	   data	    bss	    dec	    hex	filename
  27460	    124	   1908	  29492	   7334	FinalProject_CM7.elf
Finished building: default.size.stdout
 
Finished building: FinalProject_CM7.bin
 
Finished building: FinalProject_CM7.list
 
10:30:04 **** Incremental Build of configuration Debug for project FinalProject_CM7 ****
make -j8 all 
arm-none-eabi-size   FinalProject_CM7.elf 
   text	   data	    bss	    dec	    hex	filename
  27460	    124	   1908	  29492	   7334	FinalProject_CM7.elf
Finished building: default.size.stdout
 
10:34:57 **** Incremental Build of configuration Debug for project FinalProject_CM7 ****
make -j8 all 
arm-none-eabi-size   FinalProject_CM7.elf 
   text	   data	    bss	    dec	    hex	filename
  27460	    124	   1908	  29492	   7334	FinalProject_CM7.elf
Finished building: default.size.stdout
 
10:35:16 **** Incremental Build of configuration Debug for project FinalProject_CM7 ****
make -j8 all 
arm-none-eabi-size   FinalProject_CM7.elf 
   text	   data	    bss	    dec	    hex	filename
  27460	    124	   1908	  29492	   7334	FinalProject_CM7.elf
Finished building: default.size.stdout
 
10:37:11 **** Clean-only build of configuration Debug for project robot6_CM7 ****
make -j8 clean 
rm -rf *
 
10:37:12 **** Build of configuration Debug for project robot6_CM7 ****
make -j8 all 
arm-none-eabi-gcc "D:/Development/stm32h745/robot-design/robot6/Drivers/STM32H7xx_HAL_Driver/Src/stm32h7xx_hal.c" -mcpu=cortex-m7 -std=gnu11 -g3 -DUSE_HAL_DRIVER -DCORE_CM7 -DDEBUG -DSTM32H745xx -c -I../Core/Inc -I../../Drivers/STM32H7xx_HAL_Driver/Inc -I../../Drivers/STM32H7xx_HAL_Driver/Inc/Legacy -I../../Drivers/CMSIS/Device/ST/STM32H7xx/Include -I../../Drivers/CMSIS/Include -O0 -ffunction-sections -fdata-sections -Wall -fstack-usage -MMD -MP -MF"Drivers/STM32H7xx_HAL_Driver/stm32h7xx_hal.d" -MT"Drivers/STM32H7xx_HAL_Driver/stm32h7xx_hal.o" --specs=nano.specs -mfpu=fpv5-d16 -mfloat-abi=hard -mthumb -o "Drivers/STM32H7xx_HAL_Driver/stm32h7xx_hal.o"
arm-none-eabi-gcc "D:/Development/stm32h745/robot-design/robot6/Drivers/STM32H7xx_HAL_Driver/Src/stm32h7xx_hal_cortex.c" -mcpu=cortex-m7 -std=gnu11 -g3 -DUSE_HAL_DRIVER -DCORE_CM7 -DDEBUG -DSTM32H745xx -c -I../Core/Inc -I../../Drivers/STM32H7xx_HAL_Driver/Inc -I../../Drivers/STM32H7xx_HAL_Driver/Inc/Legacy -I../../Drivers/CMSIS/Device/ST/STM32H7xx/Include -I../../Drivers/CMSIS/Include -O0 -ffunction-sections -fdata-sections -Wall -fstack-usage -MMD -MP -MF"Drivers/STM32H7xx_HAL_Driver/stm32h7xx_hal_cortex.d" -MT"Drivers/STM32H7xx_HAL_Driver/stm32h7xx_hal_cortex.o" --specs=nano.specs -mfpu=fpv5-d16 -mfloat-abi=hard -mthumb -o "Drivers/STM32H7xx_HAL_Driver/stm32h7xx_hal_cortex.o"
arm-none-eabi-gcc "D:/Development/stm32h745/robot-design/robot6/Drivers/STM32H7xx_HAL_Driver/Src/stm32h7xx_hal_dma.c" -mcpu=cortex-m7 -std=gnu11 -g3 -DUSE_HAL_DRIVER -DCORE_CM7 -DDEBUG -DSTM32H745xx -c -I../Core/Inc -I../../Drivers/STM32H7xx_HAL_Driver/Inc -I../../Drivers/STM32H7xx_HAL_Driver/Inc/Legacy -I../../Drivers/CMSIS/Device/ST/STM32H7xx/Include -I../../Drivers/CMSIS/Include -O0 -ffunction-sections -fdata-sections -Wall -fstack-usage -MMD -MP -MF"Drivers/STM32H7xx_HAL_Driver/stm32h7xx_hal_dma.d" -MT"Drivers/STM32H7xx_HAL_Driver/stm32h7xx_hal_dma.o" --specs=nano.specs -mfpu=fpv5-d16 -mfloat-abi=hard -mthumb -o "Drivers/STM32H7xx_HAL_Driver/stm32h7xx_hal_dma.o"
arm-none-eabi-gcc "D:/Development/stm32h745/robot-design/robot6/Drivers/STM32H7xx_HAL_Driver/Src/stm32h7xx_hal_dma_ex.c" -mcpu=cortex-m7 -std=gnu11 -g3 -DUSE_HAL_DRIVER -DCORE_CM7 -DDEBUG -DSTM32H745xx -c -I../Core/Inc -I../../Drivers/STM32H7xx_HAL_Driver/Inc -I../../Drivers/STM32H7xx_HAL_Driver/Inc/Legacy -I../../Drivers/CMSIS/Device/ST/STM32H7xx/Include -I../../Drivers/CMSIS/Include -O0 -ffunction-sections -fdata-sections -Wall -fstack-usage -MMD -MP -MF"Drivers/STM32H7xx_HAL_Driver/stm32h7xx_hal_dma_ex.d" -MT"Drivers/STM32H7xx_HAL_Driver/stm32h7xx_hal_dma_ex.o" --specs=nano.specs -mfpu=fpv5-d16 -mfloat-abi=hard -mthumb -o "Drivers/STM32H7xx_HAL_Driver/stm32h7xx_hal_dma_ex.o"
arm-none-eabi-gcc "D:/Development/stm32h745/robot-design/robot6/Drivers/STM32H7xx_HAL_Driver/Src/stm32h7xx_hal_exti.c" -mcpu=cortex-m7 -std=gnu11 -g3 -DUSE_HAL_DRIVER -DCORE_CM7 -DDEBUG -DSTM32H745xx -c -I../Core/Inc -I../../Drivers/STM32H7xx_HAL_Driver/Inc -I../../Drivers/STM32H7xx_HAL_Driver/Inc/Legacy -I../../Drivers/CMSIS/Device/ST/STM32H7xx/Include -I../../Drivers/CMSIS/Include -O0 -ffunction-sections -fdata-sections -Wall -fstack-usage -MMD -MP -MF"Drivers/STM32H7xx_HAL_Driver/stm32h7xx_hal_exti.d" -MT"Drivers/STM32H7xx_HAL_Driver/stm32h7xx_hal_exti.o" --specs=nano.specs -mfpu=fpv5-d16 -mfloat-abi=hard -mthumb -o "Drivers/STM32H7xx_HAL_Driver/stm32h7xx_hal_exti.o"
arm-none-eabi-gcc "D:/Development/stm32h745/robot-design/robot6/Drivers/STM32H7xx_HAL_Driver/Src/stm32h7xx_hal_flash.c" -mcpu=cortex-m7 -std=gnu11 -g3 -DUSE_HAL_DRIVER -DCORE_CM7 -DDEBUG -DSTM32H745xx -c -I../Core/Inc -I../../Drivers/STM32H7xx_HAL_Driver/Inc -I../../Drivers/STM32H7xx_HAL_Driver/Inc/Legacy -I../../Drivers/CMSIS/Device/ST/STM32H7xx/Include -I../../Drivers/CMSIS/Include -O0 -ffunction-sections -fdata-sections -Wall -fstack-usage -MMD -MP -MF"Drivers/STM32H7xx_HAL_Driver/stm32h7xx_hal_flash.d" -MT"Drivers/STM32H7xx_HAL_Driver/stm32h7xx_hal_flash.o" --specs=nano.specs -mfpu=fpv5-d16 -mfloat-abi=hard -mthumb -o "Drivers/STM32H7xx_HAL_Driver/stm32h7xx_hal_flash.o"
arm-none-eabi-gcc "D:/Development/stm32h745/robot-design/robot6/Drivers/STM32H7xx_HAL_Driver/Src/stm32h7xx_hal_flash_ex.c" -mcpu=cortex-m7 -std=gnu11 -g3 -DUSE_HAL_DRIVER -DCORE_CM7 -DDEBUG -DSTM32H745xx -c -I../Core/Inc -I../../Drivers/STM32H7xx_HAL_Driver/Inc -I../../Drivers/STM32H7xx_HAL_Driver/Inc/Legacy -I../../Drivers/CMSIS/Device/ST/STM32H7xx/Include -I../../Drivers/CMSIS/Include -O0 -ffunction-sections -fdata-sections -Wall -fstack-usage -MMD -MP -MF"Drivers/STM32H7xx_HAL_Driver/stm32h7xx_hal_flash_ex.d" -MT"Drivers/STM32H7xx_HAL_Driver/stm32h7xx_hal_flash_ex.o" --specs=nano.specs -mfpu=fpv5-d16 -mfloat-abi=hard -mthumb -o "Drivers/STM32H7xx_HAL_Driver/stm32h7xx_hal_flash_ex.o"
arm-none-eabi-gcc "D:/Development/stm32h745/robot-design/robot6/Drivers/STM32H7xx_HAL_Driver/Src/stm32h7xx_hal_gpio.c" -mcpu=cortex-m7 -std=gnu11 -g3 -DUSE_HAL_DRIVER -DCORE_CM7 -DDEBUG -DSTM32H745xx -c -I../Core/Inc -I../../Drivers/STM32H7xx_HAL_Driver/Inc -I../../Drivers/STM32H7xx_HAL_Driver/Inc/Legacy -I../../Drivers/CMSIS/Device/ST/STM32H7xx/Include -I../../Drivers/CMSIS/Include -O0 -ffunction-sections -fdata-sections -Wall -fstack-usage -MMD -MP -MF"Drivers/STM32H7xx_HAL_Driver/stm32h7xx_hal_gpio.d" -MT"Drivers/STM32H7xx_HAL_Driver/stm32h7xx_hal_gpio.o" --specs=nano.specs -mfpu=fpv5-d16 -mfloat-abi=hard -mthumb -o "Drivers/STM32H7xx_HAL_Driver/stm32h7xx_hal_gpio.o"
arm-none-eabi-gcc "D:/Development/stm32h745/robot-design/robot6/Drivers/STM32H7xx_HAL_Driver/Src/stm32h7xx_hal_hsem.c" -mcpu=cortex-m7 -std=gnu11 -g3 -DUSE_HAL_DRIVER -DCORE_CM7 -DDEBUG -DSTM32H745xx -c -I../Core/Inc -I../../Drivers/STM32H7xx_HAL_Driver/Inc -I../../Drivers/STM32H7xx_HAL_Driver/Inc/Legacy -I../../Drivers/CMSIS/Device/ST/STM32H7xx/Include -I../../Drivers/CMSIS/Include -O0 -ffunction-sections -fdata-sections -Wall -fstack-usage -MMD -MP -MF"Drivers/STM32H7xx_HAL_Driver/stm32h7xx_hal_hsem.d" -MT"Drivers/STM32H7xx_HAL_Driver/stm32h7xx_hal_hsem.o" --specs=nano.specs -mfpu=fpv5-d16 -mfloat-abi=hard -mthumb -o "Drivers/STM32H7xx_HAL_Driver/stm32h7xx_hal_hsem.o"
arm-none-eabi-gcc "D:/Development/stm32h745/robot-design/robot6/Drivers/STM32H7xx_HAL_Driver/Src/stm32h7xx_hal_i2c.c" -mcpu=cortex-m7 -std=gnu11 -g3 -DUSE_HAL_DRIVER -DCORE_CM7 -DDEBUG -DSTM32H745xx -c -I../Core/Inc -I../../Drivers/STM32H7xx_HAL_Driver/Inc -I../../Drivers/STM32H7xx_HAL_Driver/Inc/Legacy -I../../Drivers/CMSIS/Device/ST/STM32H7xx/Include -I../../Drivers/CMSIS/Include -O0 -ffunction-sections -fdata-sections -Wall -fstack-usage -MMD -MP -MF"Drivers/STM32H7xx_HAL_Driver/stm32h7xx_hal_i2c.d" -MT"Drivers/STM32H7xx_HAL_Driver/stm32h7xx_hal_i2c.o" --specs=nano.specs -mfpu=fpv5-d16 -mfloat-abi=hard -mthumb -o "Drivers/STM32H7xx_HAL_Driver/stm32h7xx_hal_i2c.o"
arm-none-eabi-gcc "D:/Development/stm32h745/robot-design/robot6/Drivers/STM32H7xx_HAL_Driver/Src/stm32h7xx_hal_i2c_ex.c" -mcpu=cortex-m7 -std=gnu11 -g3 -DUSE_HAL_DRIVER -DCORE_CM7 -DDEBUG -DSTM32H745xx -c -I../Core/Inc -I../../Drivers/STM32H7xx_HAL_Driver/Inc -I../../Drivers/STM32H7xx_HAL_Driver/Inc/Legacy -I../../Drivers/CMSIS/Device/ST/STM32H7xx/Include -I../../Drivers/CMSIS/Include -O0 -ffunction-sections -fdata-sections -Wall -fstack-usage -MMD -MP -MF"Drivers/STM32H7xx_HAL_Driver/stm32h7xx_hal_i2c_ex.d" -MT"Drivers/STM32H7xx_HAL_Driver/stm32h7xx_hal_i2c_ex.o" --specs=nano.specs -mfpu=fpv5-d16 -mfloat-abi=hard -mthumb -o "Drivers/STM32H7xx_HAL_Driver/stm32h7xx_hal_i2c_ex.o"
arm-none-eabi-gcc "D:/Development/stm32h745/robot-design/robot6/Drivers/STM32H7xx_HAL_Driver/Src/stm32h7xx_hal_mdma.c" -mcpu=cortex-m7 -std=gnu11 -g3 -DUSE_HAL_DRIVER -DCORE_CM7 -DDEBUG -DSTM32H745xx -c -I../Core/Inc -I../../Drivers/STM32H7xx_HAL_Driver/Inc -I../../Drivers/STM32H7xx_HAL_Driver/Inc/Legacy -I../../Drivers/CMSIS/Device/ST/STM32H7xx/Include -I../../Drivers/CMSIS/Include -O0 -ffunction-sections -fdata-sections -Wall -fstack-usage -MMD -MP -MF"Drivers/STM32H7xx_HAL_Driver/stm32h7xx_hal_mdma.d" -MT"Drivers/STM32H7xx_HAL_Driver/stm32h7xx_hal_mdma.o" --specs=nano.specs -mfpu=fpv5-d16 -mfloat-abi=hard -mthumb -o "Drivers/STM32H7xx_HAL_Driver/stm32h7xx_hal_mdma.o"
arm-none-eabi-gcc "D:/Development/stm32h745/robot-design/robot6/Drivers/STM32H7xx_HAL_Driver/Src/stm32h7xx_hal_pwr.c" -mcpu=cortex-m7 -std=gnu11 -g3 -DUSE_HAL_DRIVER -DCORE_CM7 -DDEBUG -DSTM32H745xx -c -I../Core/Inc -I../../Drivers/STM32H7xx_HAL_Driver/Inc -I../../Drivers/STM32H7xx_HAL_Driver/Inc/Legacy -I../../Drivers/CMSIS/Device/ST/STM32H7xx/Include -I../../Drivers/CMSIS/Include -O0 -ffunction-sections -fdata-sections -Wall -fstack-usage -MMD -MP -MF"Drivers/STM32H7xx_HAL_Driver/stm32h7xx_hal_pwr.d" -MT"Drivers/STM32H7xx_HAL_Driver/stm32h7xx_hal_pwr.o" --specs=nano.specs -mfpu=fpv5-d16 -mfloat-abi=hard -mthumb -o "Drivers/STM32H7xx_HAL_Driver/stm32h7xx_hal_pwr.o"
arm-none-eabi-gcc "D:/Development/stm32h745/robot-design/robot6/Drivers/STM32H7xx_HAL_Driver/Src/stm32h7xx_hal_pwr_ex.c" -mcpu=cortex-m7 -std=gnu11 -g3 -DUSE_HAL_DRIVER -DCORE_CM7 -DDEBUG -DSTM32H745xx -c -I../Core/Inc -I../../Drivers/STM32H7xx_HAL_Driver/Inc -I../../Drivers/STM32H7xx_HAL_Driver/Inc/Legacy -I../../Drivers/CMSIS/Device/ST/STM32H7xx/Include -I../../Drivers/CMSIS/Include -O0 -ffunction-sections -fdata-sections -Wall -fstack-usage -MMD -MP -MF"Drivers/STM32H7xx_HAL_Driver/stm32h7xx_hal_pwr_ex.d" -MT"Drivers/STM32H7xx_HAL_Driver/stm32h7xx_hal_pwr_ex.o" --specs=nano.specs -mfpu=fpv5-d16 -mfloat-abi=hard -mthumb -o "Drivers/STM32H7xx_HAL_Driver/stm32h7xx_hal_pwr_ex.o"
arm-none-eabi-gcc "D:/Development/stm32h745/robot-design/robot6/Drivers/STM32H7xx_HAL_Driver/Src/stm32h7xx_hal_rcc.c" -mcpu=cortex-m7 -std=gnu11 -g3 -DUSE_HAL_DRIVER -DCORE_CM7 -DDEBUG -DSTM32H745xx -c -I../Core/Inc -I../../Drivers/STM32H7xx_HAL_Driver/Inc -I../../Drivers/STM32H7xx_HAL_Driver/Inc/Legacy -I../../Drivers/CMSIS/Device/ST/STM32H7xx/Include -I../../Drivers/CMSIS/Include -O0 -ffunction-sections -fdata-sections -Wall -fstack-usage -MMD -MP -MF"Drivers/STM32H7xx_HAL_Driver/stm32h7xx_hal_rcc.d" -MT"Drivers/STM32H7xx_HAL_Driver/stm32h7xx_hal_rcc.o" --specs=nano.specs -mfpu=fpv5-d16 -mfloat-abi=hard -mthumb -o "Drivers/STM32H7xx_HAL_Driver/stm32h7xx_hal_rcc.o"
arm-none-eabi-gcc "D:/Development/stm32h745/robot-design/robot6/Drivers/STM32H7xx_HAL_Driver/Src/stm32h7xx_hal_rcc_ex.c" -mcpu=cortex-m7 -std=gnu11 -g3 -DUSE_HAL_DRIVER -DCORE_CM7 -DDEBUG -DSTM32H745xx -c -I../Core/Inc -I../../Drivers/STM32H7xx_HAL_Driver/Inc -I../../Drivers/STM32H7xx_HAL_Driver/Inc/Legacy -I../../Drivers/CMSIS/Device/ST/STM32H7xx/Include -I../../Drivers/CMSIS/Include -O0 -ffunction-sections -fdata-sections -Wall -fstack-usage -MMD -MP -MF"Drivers/STM32H7xx_HAL_Driver/stm32h7xx_hal_rcc_ex.d" -MT"Drivers/STM32H7xx_HAL_Driver/stm32h7xx_hal_rcc_ex.o" --specs=nano.specs -mfpu=fpv5-d16 -mfloat-abi=hard -mthumb -o "Drivers/STM32H7xx_HAL_Driver/stm32h7xx_hal_rcc_ex.o"
arm-none-eabi-gcc "D:/Development/stm32h745/robot-design/robot6/Drivers/STM32H7xx_HAL_Driver/Src/stm32h7xx_hal_tim.c" -mcpu=cortex-m7 -std=gnu11 -g3 -DUSE_HAL_DRIVER -DCORE_CM7 -DDEBUG -DSTM32H745xx -c -I../Core/Inc -I../../Drivers/STM32H7xx_HAL_Driver/Inc -I../../Drivers/STM32H7xx_HAL_Driver/Inc/Legacy -I../../Drivers/CMSIS/Device/ST/STM32H7xx/Include -I../../Drivers/CMSIS/Include -O0 -ffunction-sections -fdata-sections -Wall -fstack-usage -MMD -MP -MF"Drivers/STM32H7xx_HAL_Driver/stm32h7xx_hal_tim.d" -MT"Drivers/STM32H7xx_HAL_Driver/stm32h7xx_hal_tim.o" --specs=nano.specs -mfpu=fpv5-d16 -mfloat-abi=hard -mthumb -o "Drivers/STM32H7xx_HAL_Driver/stm32h7xx_hal_tim.o"
arm-none-eabi-gcc "D:/Development/stm32h745/robot-design/robot6/Drivers/STM32H7xx_HAL_Driver/Src/stm32h7xx_hal_tim_ex.c" -mcpu=cortex-m7 -std=gnu11 -g3 -DUSE_HAL_DRIVER -DCORE_CM7 -DDEBUG -DSTM32H745xx -c -I../Core/Inc -I../../Drivers/STM32H7xx_HAL_Driver/Inc -I../../Drivers/STM32H7xx_HAL_Driver/Inc/Legacy -I../../Drivers/CMSIS/Device/ST/STM32H7xx/Include -I../../Drivers/CMSIS/Include -O0 -ffunction-sections -fdata-sections -Wall -fstack-usage -MMD -MP -MF"Drivers/STM32H7xx_HAL_Driver/stm32h7xx_hal_tim_ex.d" -MT"Drivers/STM32H7xx_HAL_Driver/stm32h7xx_hal_tim_ex.o" --specs=nano.specs -mfpu=fpv5-d16 -mfloat-abi=hard -mthumb -o "Drivers/STM32H7xx_HAL_Driver/stm32h7xx_hal_tim_ex.o"
arm-none-eabi-gcc "D:/Development/stm32h745/robot-design/robot6/Drivers/STM32H7xx_HAL_Driver/Src/stm32h7xx_hal_uart.c" -mcpu=cortex-m7 -std=gnu11 -g3 -DUSE_HAL_DRIVER -DCORE_CM7 -DDEBUG -DSTM32H745xx -c -I../Core/Inc -I../../Drivers/STM32H7xx_HAL_Driver/Inc -I../../Drivers/STM32H7xx_HAL_Driver/Inc/Legacy -I../../Drivers/CMSIS/Device/ST/STM32H7xx/Include -I../../Drivers/CMSIS/Include -O0 -ffunction-sections -fdata-sections -Wall -fstack-usage -MMD -MP -MF"Drivers/STM32H7xx_HAL_Driver/stm32h7xx_hal_uart.d" -MT"Drivers/STM32H7xx_HAL_Driver/stm32h7xx_hal_uart.o" --specs=nano.specs -mfpu=fpv5-d16 -mfloat-abi=hard -mthumb -o "Drivers/STM32H7xx_HAL_Driver/stm32h7xx_hal_uart.o"
arm-none-eabi-gcc "D:/Development/stm32h745/robot-design/robot6/Drivers/STM32H7xx_HAL_Driver/Src/stm32h7xx_hal_uart_ex.c" -mcpu=cortex-m7 -std=gnu11 -g3 -DUSE_HAL_DRIVER -DCORE_CM7 -DDEBUG -DSTM32H745xx -c -I../Core/Inc -I../../Drivers/STM32H7xx_HAL_Driver/Inc -I../../Drivers/STM32H7xx_HAL_Driver/Inc/Legacy -I../../Drivers/CMSIS/Device/ST/STM32H7xx/Include -I../../Drivers/CMSIS/Include -O0 -ffunction-sections -fdata-sections -Wall -fstack-usage -MMD -MP -MF"Drivers/STM32H7xx_HAL_Driver/stm32h7xx_hal_uart_ex.d" -MT"Drivers/STM32H7xx_HAL_Driver/stm32h7xx_hal_uart_ex.o" --specs=nano.specs -mfpu=fpv5-d16 -mfloat-abi=hard -mthumb -o "Drivers/STM32H7xx_HAL_Driver/stm32h7xx_hal_uart_ex.o"
arm-none-eabi-gcc "../Core/Src/main.c" -mcpu=cortex-m7 -std=gnu11 -g3 -DUSE_HAL_DRIVER -DCORE_CM7 -DDEBUG -DSTM32H745xx -c -I../Core/Inc -I../../Drivers/STM32H7xx_HAL_Driver/Inc -I../../Drivers/STM32H7xx_HAL_Driver/Inc/Legacy -I../../Drivers/CMSIS/Device/ST/STM32H7xx/Include -I../../Drivers/CMSIS/Include -O0 -ffunction-sections -fdata-sections -Wall -fstack-usage -MMD -MP -MF"Core/Src/main.d" -MT"Core/Src/main.o" --specs=nano.specs -mfpu=fpv5-d16 -mfloat-abi=hard -mthumb -o "Core/Src/main.o"
arm-none-eabi-gcc "../Core/Src/stm32h7xx_hal_msp.c" -mcpu=cortex-m7 -std=gnu11 -g3 -DUSE_HAL_DRIVER -DCORE_CM7 -DDEBUG -DSTM32H745xx -c -I../Core/Inc -I../../Drivers/STM32H7xx_HAL_Driver/Inc -I../../Drivers/STM32H7xx_HAL_Driver/Inc/Legacy -I../../Drivers/CMSIS/Device/ST/STM32H7xx/Include -I../../Drivers/CMSIS/Include -O0 -ffunction-sections -fdata-sections -Wall -fstack-usage -MMD -MP -MF"Core/Src/stm32h7xx_hal_msp.d" -MT"Core/Src/stm32h7xx_hal_msp.o" --specs=nano.specs -mfpu=fpv5-d16 -mfloat-abi=hard -mthumb -o "Core/Src/stm32h7xx_hal_msp.o"
arm-none-eabi-gcc "../Core/Src/stm32h7xx_it.c" -mcpu=cortex-m7 -std=gnu11 -g3 -DUSE_HAL_DRIVER -DCORE_CM7 -DDEBUG -DSTM32H745xx -c -I../Core/Inc -I../../Drivers/STM32H7xx_HAL_Driver/Inc -I../../Drivers/STM32H7xx_HAL_Driver/Inc/Legacy -I../../Drivers/CMSIS/Device/ST/STM32H7xx/Include -I../../Drivers/CMSIS/Include -O0 -ffunction-sections -fdata-sections -Wall -fstack-usage -MMD -MP -MF"Core/Src/stm32h7xx_it.d" -MT"Core/Src/stm32h7xx_it.o" --specs=nano.specs -mfpu=fpv5-d16 -mfloat-abi=hard -mthumb -o "Core/Src/stm32h7xx_it.o"
arm-none-eabi-gcc "../Core/Src/syscalls.c" -mcpu=cortex-m7 -std=gnu11 -g3 -DUSE_HAL_DRIVER -DCORE_CM7 -DDEBUG -DSTM32H745xx -c -I../Core/Inc -I../../Drivers/STM32H7xx_HAL_Driver/Inc -I../../Drivers/STM32H7xx_HAL_Driver/Inc/Legacy -I../../Drivers/CMSIS/Device/ST/STM32H7xx/Include -I../../Drivers/CMSIS/Include -O0 -ffunction-sections -fdata-sections -Wall -fstack-usage -MMD -MP -MF"Core/Src/syscalls.d" -MT"Core/Src/syscalls.o" --specs=nano.specs -mfpu=fpv5-d16 -mfloat-abi=hard -mthumb -o "Core/Src/syscalls.o"
In file included from ../Core/Src/main.c:27:0:
../Core/Inc/ServoControl.h: In function 'robotInit':
../Core/Inc/ServoControl.h:6:5: warning: implicit declaration of function 'robot_control_cmd' [-Wimplicit-function-declaration]
     robot_control_cmd(huart, servo_amount, arrive_time, servo_list, servo_pwm_list);
     ^~~~~~~~~~~~~~~~~
arm-none-eabi-gcc "../Core/Src/sysmem.c" -mcpu=cortex-m7 -std=gnu11 -g3 -DUSE_HAL_DRIVER -DCORE_CM7 -DDEBUG -DSTM32H745xx -c -I../Core/Inc -I../../Drivers/STM32H7xx_HAL_Driver/Inc -I../../Drivers/STM32H7xx_HAL_Driver/Inc/Legacy -I../../Drivers/CMSIS/Device/ST/STM32H7xx/Include -I../../Drivers/CMSIS/Include -O0 -ffunction-sections -fdata-sections -Wall -fstack-usage -MMD -MP -MF"Core/Src/sysmem.d" -MT"Core/Src/sysmem.o" --specs=nano.specs -mfpu=fpv5-d16 -mfloat-abi=hard -mthumb -o "Core/Src/sysmem.o"
arm-none-eabi-gcc "D:/Development/stm32h745/robot-design/robot6/Common/Src/system_stm32h7xx_dualcore_boot_cm4_cm7.c" -mcpu=cortex-m7 -std=gnu11 -g3 -DUSE_HAL_DRIVER -DCORE_CM7 -DDEBUG -DSTM32H745xx -c -I../Core/Inc -I../../Drivers/STM32H7xx_HAL_Driver/Inc -I../../Drivers/STM32H7xx_HAL_Driver/Inc/Legacy -I../../Drivers/CMSIS/Device/ST/STM32H7xx/Include -I../../Drivers/CMSIS/Include -O0 -ffunction-sections -fdata-sections -Wall -fstack-usage -MMD -MP -MF"Common/Src/system_stm32h7xx_dualcore_boot_cm4_cm7.d" -MT"Common/Src/system_stm32h7xx_dualcore_boot_cm4_cm7.o" --specs=nano.specs -mfpu=fpv5-d16 -mfloat-abi=hard -mthumb -o "Common/Src/system_stm32h7xx_dualcore_boot_cm4_cm7.o"
arm-none-eabi-gcc -o "robot6_CM7.elf" @"objects.list"   -mcpu=cortex-m7 -T"D:\Development\stm32h745\robot-design\robot6\CM7\STM32H745ZITX_FLASH.ld" --specs=nosys.specs -Wl,-Map="robot6_CM7.map" -Wl,--gc-sections -static --specs=nano.specs -mfpu=fpv5-d16 -mfloat-abi=hard -mthumb -Wl,--start-group -lc -lm -Wl,--end-group
c:\program files\st\stm32cubeide_1.5.1\stm32cubeide\plugins\com.st.stm32cube.ide.mcu.externaltools.gnu-tools-for-stm32.7-2018-q2-update.win32_1.5.0.202011040924\tools\arm-none-eabi\bin\ld.exe: warning: cannot find entry symbol Reset_Handler; defaulting to 0000000008000000
Finished building target: robot6_CM7.elf
 
arm-none-eabi-size   robot6_CM7.elf 
arm-none-eabi-objdump -h -S  robot6_CM7.elf  > "robot6_CM7.list"
arm-none-eabi-objcopy  -O binary  robot6_CM7.elf  "robot6_CM7.bin"
   text	   data	    bss	    dec	    hex	filename
     88	      8	   1568	   1664	    680	robot6_CM7.elf
Finished building: default.size.stdout
 
Finished building: robot6_CM7.list
Finished building: robot6_CM7.bin
 
 
10:37:31 **** Incremental Build of configuration Debug for project robot6_CM7 ****
make -j8 all 
arm-none-eabi-size   robot6_CM7.elf 
   text	   data	    bss	    dec	    hex	filename
     88	      8	   1568	   1664	    680	robot6_CM7.elf
Finished building: default.size.stdout
 
10:38:03 **** Incremental Build of configuration Debug for project robot6_CM7 ****
make -j8 all 
arm-none-eabi-size   robot6_CM7.elf 
   text	   data	    bss	    dec	    hex	filename
     88	      8	   1568	   1664	    680	robot6_CM7.elf
Finished building: default.size.stdout
 
10:38:17 **** Incremental Build of configuration Debug for project robot6_CM7 ****
make -j8 all 
arm-none-eabi-size   robot6_CM7.elf 
   text	   data	    bss	    dec	    hex	filename
     88	      8	   1568	   1664	    680	robot6_CM7.elf
Finished building: default.size.stdout
 
10:38:37 **** Incremental Build of configuration Debug for project robot6_CM7 ****
make -j8 all 
arm-none-eabi-size   robot6_CM7.elf 
   text	   data	    bss	    dec	    hex	filename
     88	      8	   1568	   1664	    680	robot6_CM7.elf
Finished building: default.size.stdout
 
10:38:59 **** Incremental Build of configuration Debug for project robot6_CM7 ****
make -j8 all 
arm-none-eabi-size   robot6_CM7.elf 
   text	   data	    bss	    dec	    hex	filename
     88	      8	   1568	   1664	    680	robot6_CM7.elf
Finished building: default.size.stdout
 
10:39:12 **** Incremental Build of configuration Debug for project robot6_CM7 ****
make -j8 all 
arm-none-eabi-size   robot6_CM7.elf 
   text	   data	    bss	    dec	    hex	filename
     88	      8	   1568	   1664	    680	robot6_CM7.elf
Finished building: default.size.stdout
 
10:39:24 **** Incremental Build of configuration Debug for project robot6_CM7 ****
make -j8 all 
arm-none-eabi-size   robot6_CM7.elf 
   text	   data	    bss	    dec	    hex	filename
     88	      8	   1568	   1664	    680	robot6_CM7.elf
Finished building: default.size.stdout
 
10:39:53 **** Incremental Build of configuration Debug for project robot6_CM7 ****
make -j8 all 
arm-none-eabi-size   robot6_CM7.elf 
   text	   data	    bss	    dec	    hex	filename
     88	      8	   1568	   1664	    680	robot6_CM7.elf
Finished building: default.size.stdout
 
10:40:34 **** Incremental Build of configuration Debug for project robot6_CM7 ****
make -j8 all 
arm-none-eabi-size   robot6_CM7.elf 
   text	   data	    bss	    dec	    hex	filename
     88	      8	   1568	   1664	    680	robot6_CM7.elf
Finished building: default.size.stdout
 
10:41:37 **** Incremental Build of configuration Debug for project FinalProject_CM7 ****
make -j8 all 
arm-none-eabi-gcc "../Core/Src/main.c" -mcpu=cortex-m7 -std=gnu11 -g3 -DUSE_HAL_DRIVER -DCORE_CM7 -DDEBUG -DSTM32H745xx -c -I../Core/Inc -I../../Drivers/STM32H7xx_HAL_Driver/Inc -I../../Drivers/STM32H7xx_HAL_Driver/Inc/Legacy -I../../Drivers/CMSIS/Device/ST/STM32H7xx/Include -I../../Drivers/CMSIS/Include -O0 -ffunction-sections -fdata-sections -Wall -fstack-usage -MMD -MP -MF"Core/Src/main.d" -MT"Core/Src/main.o" --specs=nano.specs -mfpu=fpv5-d16 -mfloat-abi=hard -mthumb -o "Core/Src/main.o"
In file included from ../Core/Src/main.c:28:0:
../Core/Inc/ServoControl.h: In function 'robotInit':
../Core/Inc/ServoControl.h:13:5: warning: implicit declaration of function 'robot_control_cmd' [-Wimplicit-function-declaration]
     robot_control_cmd(huart, servo_amount, arrive_time,
     ^~~~~~~~~~~~~~~~~
../Core/Src/main.c: In function 'grafcet':
../Core/Src/main.c:381:23: warning: passing argument 2 of 'snprintf' makes integer from pointer without a cast [-Wint-conversion]
         snprintf(tmp, "%d", uart3InputBuffer);
                       ^~~~
In file included from ../Core/Src/main.c:25:0:
c:\program files\st\stm32cubeide_1.5.1\stm32cubeide\plugins\com.st.stm32cube.ide.mcu.externaltools.gnu-tools-for-stm32.7-2018-q2-update.win32_1.5.0.202011040924\tools\arm-none-eabi\include\stdio.h:266:5: note: expected 'size_t {aka unsigned int}' but argument is of type 'char *'
 int snprintf (char *__restrict, size_t, const char *__restrict, ...)
     ^~~~~~~~
../Core/Src/main.c:381:29: warning: pointer targets in passing argument 3 of 'snprintf' differ in signedness [-Wpointer-sign]
         snprintf(tmp, "%d", uart3InputBuffer);
                             ^~~~~~~~~~~~~~~~
In file included from ../Core/Src/main.c:25:0:
c:\program files\st\stm32cubeide_1.5.1\stm32cubeide\plugins\com.st.stm32cube.ide.mcu.externaltools.gnu-tools-for-stm32.7-2018-q2-update.win32_1.5.0.202011040924\tools\arm-none-eabi\include\stdio.h:266:5: note: expected 'const char * restrict' but argument is of type 'uint8_t * {aka unsigned char *}'
 int snprintf (char *__restrict, size_t, const char *__restrict, ...)
     ^~~~~~~~
../Core/Src/main.c:385:13: warning: implicit declaration of function 'strcmp' [-Wimplicit-function-declaration]
         if (strcmp(tmp, "y") == 0) {
             ^~~~~~
../Core/Src/main.c:406:23: warning: passing argument 2 of 'snprintf' makes integer from pointer without a cast [-Wint-conversion]
         snprintf(tmp, "%d", uart3InputBuffer);
                       ^~~~
In file included from ../Core/Src/main.c:25:0:
c:\program files\st\stm32cubeide_1.5.1\stm32cubeide\plugins\com.st.stm32cube.ide.mcu.externaltools.gnu-tools-for-stm32.7-2018-q2-update.win32_1.5.0.202011040924\tools\arm-none-eabi\include\stdio.h:266:5: note: expected 'size_t {aka unsigned int}' but argument is of type 'char *'
 int snprintf (char *__restrict, size_t, const char *__restrict, ...)
     ^~~~~~~~
../Core/Src/main.c:406:29: warning: pointer targets in passing argument 3 of 'snprintf' differ in signedness [-Wpointer-sign]
         snprintf(tmp, "%d", uart3InputBuffer);
                             ^~~~~~~~~~~~~~~~
In file included from ../Core/Src/main.c:25:0:
c:\program files\st\stm32cubeide_1.5.1\stm32cubeide\plugins\com.st.stm32cube.ide.mcu.externaltools.gnu-tools-for-stm32.7-2018-q2-update.win32_1.5.0.202011040924\tools\arm-none-eabi\include\stdio.h:266:5: note: expected 'const char * restrict' but argument is of type 'uint8_t * {aka unsigned char *}'
 int snprintf (char *__restrict, size_t, const char *__restrict, ...)
     ^~~~~~~~
arm-none-eabi-gcc -o "FinalProject_CM7.elf" @"objects.list"   -mcpu=cortex-m7 -T"D:\Development\stm32h745\robot-design\FinalProject\CM7\STM32H745ZITX_FLASH.ld" --specs=nosys.specs -Wl,-Map="FinalProject_CM7.map" -Wl,--gc-sections -static --specs=nano.specs -mfpu=fpv5-d16 -mfloat-abi=hard -mthumb -Wl,--start-group -lc -lm -Wl,--end-group
Finished building target: FinalProject_CM7.elf
 
arm-none-eabi-objdump -h -S  FinalProject_CM7.elf  > "FinalProject_CM7.list"
arm-none-eabi-objcopy  -O binary  FinalProject_CM7.elf  "FinalProject_CM7.bin"
arm-none-eabi-size   FinalProject_CM7.elf 
   text	   data	    bss	    dec	    hex	filename
  27568	    124	   1908	  29600	   73a0	FinalProject_CM7.elf
Finished building: default.size.stdout
 
Finished building: FinalProject_CM7.bin
 
Finished building: FinalProject_CM7.list
 
11:15:19 **** Incremental Build of configuration Debug for project FinalProject_CM7 ****
make -j8 all 
arm-none-eabi-size   FinalProject_CM7.elf 
   text	   data	    bss	    dec	    hex	filename
  27568	    124	   1908	  29600	   73a0	FinalProject_CM7.elf
Finished building: default.size.stdout
 
11:17:01 **** Incremental Build of configuration Debug for project FinalProject_CM7 ****
make -j8 all 
arm-none-eabi-gcc "../Core/Src/main.c" -mcpu=cortex-m7 -std=gnu11 -g3 -DUSE_HAL_DRIVER -DCORE_CM7 -DDEBUG -DSTM32H745xx -c -I../Core/Inc -I../../Drivers/STM32H7xx_HAL_Driver/Inc -I../../Drivers/STM32H7xx_HAL_Driver/Inc/Legacy -I../../Drivers/CMSIS/Device/ST/STM32H7xx/Include -I../../Drivers/CMSIS/Include -O0 -ffunction-sections -fdata-sections -Wall -fstack-usage -MMD -MP -MF"Core/Src/main.d" -MT"Core/Src/main.o" --specs=nano.specs -mfpu=fpv5-d16 -mfloat-abi=hard -mthumb -o "Core/Src/main.o"
In file included from ../Core/Src/main.c:28:0:
../Core/Inc/ServoControl.h: In function 'robotInit':
../Core/Inc/ServoControl.h:13:5: warning: implicit declaration of function 'robot_control_cmd' [-Wimplicit-function-declaration]
     robot_control_cmd(huart, servo_amount, arrive_time,
     ^~~~~~~~~~~~~~~~~
../Core/Src/main.c: In function 'grafcet':
../Core/Src/main.c:381:23: warning: passing argument 2 of 'snprintf' makes integer from pointer without a cast [-Wint-conversion]
         snprintf(tmp, "%d", uart3InputBuffer);
                       ^~~~
In file included from ../Core/Src/main.c:25:0:
c:\program files\st\stm32cubeide_1.5.1\stm32cubeide\plugins\com.st.stm32cube.ide.mcu.externaltools.gnu-tools-for-stm32.7-2018-q2-update.win32_1.5.0.202011040924\tools\arm-none-eabi\include\stdio.h:266:5: note: expected 'size_t {aka unsigned int}' but argument is of type 'char *'
 int snprintf (char *__restrict, size_t, const char *__restrict, ...)
     ^~~~~~~~
../Core/Src/main.c:381:29: warning: pointer targets in passing argument 3 of 'snprintf' differ in signedness [-Wpointer-sign]
         snprintf(tmp, "%d", uart3InputBuffer);
                             ^~~~~~~~~~~~~~~~
In file included from ../Core/Src/main.c:25:0:
c:\program files\st\stm32cubeide_1.5.1\stm32cubeide\plugins\com.st.stm32cube.ide.mcu.externaltools.gnu-tools-for-stm32.7-2018-q2-update.win32_1.5.0.202011040924\tools\arm-none-eabi\include\stdio.h:266:5: note: expected 'const char * restrict' but argument is of type 'uint8_t * {aka unsigned char *}'
 int snprintf (char *__restrict, size_t, const char *__restrict, ...)
     ^~~~~~~~
../Core/Src/main.c:385:13: warning: implicit declaration of function 'strcmp' [-Wimplicit-function-declaration]
         if (strcmp(tmp, "y") == 0) {
             ^~~~~~
../Core/Src/main.c:406:23: warning: passing argument 2 of 'snprintf' makes integer from pointer without a cast [-Wint-conversion]
         snprintf(tmp, "%d", uart3InputBuffer);
                       ^~~~
In file included from ../Core/Src/main.c:25:0:
c:\program files\st\stm32cubeide_1.5.1\stm32cubeide\plugins\com.st.stm32cube.ide.mcu.externaltools.gnu-tools-for-stm32.7-2018-q2-update.win32_1.5.0.202011040924\tools\arm-none-eabi\include\stdio.h:266:5: note: expected 'size_t {aka unsigned int}' but argument is of type 'char *'
 int snprintf (char *__restrict, size_t, const char *__restrict, ...)
     ^~~~~~~~
../Core/Src/main.c:406:29: warning: pointer targets in passing argument 3 of 'snprintf' differ in signedness [-Wpointer-sign]
         snprintf(tmp, "%d", uart3InputBuffer);
                             ^~~~~~~~~~~~~~~~
In file included from ../Core/Src/main.c:25:0:
c:\program files\st\stm32cubeide_1.5.1\stm32cubeide\plugins\com.st.stm32cube.ide.mcu.externaltools.gnu-tools-for-stm32.7-2018-q2-update.win32_1.5.0.202011040924\tools\arm-none-eabi\include\stdio.h:266:5: note: expected 'const char * restrict' but argument is of type 'uint8_t * {aka unsigned char *}'
 int snprintf (char *__restrict, size_t, const char *__restrict, ...)
     ^~~~~~~~
arm-none-eabi-gcc -o "FinalProject_CM7.elf" @"objects.list"   -mcpu=cortex-m7 -T"D:\Development\stm32h745\robot-design\FinalProject\CM7\STM32H745ZITX_FLASH.ld" --specs=nosys.specs -Wl,-Map="FinalProject_CM7.map" -Wl,--gc-sections -static --specs=nano.specs -mfpu=fpv5-d16 -mfloat-abi=hard -mthumb -Wl,--start-group -lc -lm -Wl,--end-group
Finished building target: FinalProject_CM7.elf
 
arm-none-eabi-objdump -h -S  FinalProject_CM7.elf  > "FinalProject_CM7.list"
arm-none-eabi-objcopy  -O binary  FinalProject_CM7.elf  "FinalProject_CM7.bin"
arm-none-eabi-size   FinalProject_CM7.elf 
   text	   data	    bss	    dec	    hex	filename
  27568	    124	   1908	  29600	   73a0	FinalProject_CM7.elf
Finished building: default.size.stdout
 
Finished building: FinalProject_CM7.bin
 
Finished building: FinalProject_CM7.list
 
11:18:40 **** Incremental Build of configuration Debug for project FinalProject_CM7 ****
make -j8 all 
arm-none-eabi-gcc "../Core/Src/main.c" -mcpu=cortex-m7 -std=gnu11 -g3 -DUSE_HAL_DRIVER -DCORE_CM7 -DDEBUG -DSTM32H745xx -c -I../Core/Inc -I../../Drivers/STM32H7xx_HAL_Driver/Inc -I../../Drivers/STM32H7xx_HAL_Driver/Inc/Legacy -I../../Drivers/CMSIS/Device/ST/STM32H7xx/Include -I../../Drivers/CMSIS/Include -O0 -ffunction-sections -fdata-sections -Wall -fstack-usage -MMD -MP -MF"Core/Src/main.d" -MT"Core/Src/main.o" --specs=nano.specs -mfpu=fpv5-d16 -mfloat-abi=hard -mthumb -o "Core/Src/main.o"
In file included from ../Core/Src/main.c:28:0:
../Core/Inc/ServoControl.h: In function 'robotInit':
../Core/Inc/ServoControl.h:13:5: warning: implicit declaration of function 'robot_control_cmd' [-Wimplicit-function-declaration]
     robot_control_cmd(huart, servo_amount, arrive_time,
     ^~~~~~~~~~~~~~~~~
../Core/Src/main.c: In function 'grafcet':
../Core/Src/main.c:381:23: warning: passing argument 2 of 'snprintf' makes integer from pointer without a cast [-Wint-conversion]
         snprintf(tmp, "%d", uart3InputBuffer);
                       ^~~~
In file included from ../Core/Src/main.c:25:0:
c:\program files\st\stm32cubeide_1.5.1\stm32cubeide\plugins\com.st.stm32cube.ide.mcu.externaltools.gnu-tools-for-stm32.7-2018-q2-update.win32_1.5.0.202011040924\tools\arm-none-eabi\include\stdio.h:266:5: note: expected 'size_t {aka unsigned int}' but argument is of type 'char *'
 int snprintf (char *__restrict, size_t, const char *__restrict, ...)
     ^~~~~~~~
../Core/Src/main.c:381:29: warning: pointer targets in passing argument 3 of 'snprintf' differ in signedness [-Wpointer-sign]
         snprintf(tmp, "%d", uart3InputBuffer);
                             ^~~~~~~~~~~~~~~~
In file included from ../Core/Src/main.c:25:0:
c:\program files\st\stm32cubeide_1.5.1\stm32cubeide\plugins\com.st.stm32cube.ide.mcu.externaltools.gnu-tools-for-stm32.7-2018-q2-update.win32_1.5.0.202011040924\tools\arm-none-eabi\include\stdio.h:266:5: note: expected 'const char * restrict' but argument is of type 'uint8_t * {aka unsigned char *}'
 int snprintf (char *__restrict, size_t, const char *__restrict, ...)
     ^~~~~~~~
../Core/Src/main.c:385:13: warning: implicit declaration of function 'strcmp' [-Wimplicit-function-declaration]
         if (strcmp(tmp, "y") == 0) {
             ^~~~~~
../Core/Src/main.c:394:50: warning: excess elements in array initializer
         uint32_t servo_list[5] = {1, 2, 3, 4, 5, 6};
                                                  ^
../Core/Src/main.c:394:50: note: (near initialization for 'servo_list')
../Core/Src/main.c:395:69: warning: excess elements in array initializer
         uint32_t servo_pwm_list[5] = {1500, 1700, 1000, 1800, 2100, 1500};
                                                                     ^~~~
../Core/Src/main.c:395:69: note: (near initialization for 'servo_pwm_list')
../Core/Src/main.c:406:23: warning: passing argument 2 of 'snprintf' makes integer from pointer without a cast [-Wint-conversion]
         snprintf(tmp, "%d", uart3InputBuffer);
                       ^~~~
In file included from ../Core/Src/main.c:25:0:
c:\program files\st\stm32cubeide_1.5.1\stm32cubeide\plugins\com.st.stm32cube.ide.mcu.externaltools.gnu-tools-for-stm32.7-2018-q2-update.win32_1.5.0.202011040924\tools\arm-none-eabi\include\stdio.h:266:5: note: expected 'size_t {aka unsigned int}' but argument is of type 'char *'
 int snprintf (char *__restrict, size_t, const char *__restrict, ...)
     ^~~~~~~~
../Core/Src/main.c:406:29: warning: pointer targets in passing argument 3 of 'snprintf' differ in signedness [-Wpointer-sign]
         snprintf(tmp, "%d", uart3InputBuffer);
                             ^~~~~~~~~~~~~~~~
In file included from ../Core/Src/main.c:25:0:
c:\program files\st\stm32cubeide_1.5.1\stm32cubeide\plugins\com.st.stm32cube.ide.mcu.externaltools.gnu-tools-for-stm32.7-2018-q2-update.win32_1.5.0.202011040924\tools\arm-none-eabi\include\stdio.h:266:5: note: expected 'const char * restrict' but argument is of type 'uint8_t * {aka unsigned char *}'
 int snprintf (char *__restrict, size_t, const char *__restrict, ...)
     ^~~~~~~~
arm-none-eabi-gcc -o "FinalProject_CM7.elf" @"objects.list"   -mcpu=cortex-m7 -T"D:\Development\stm32h745\robot-design\FinalProject\CM7\STM32H745ZITX_FLASH.ld" --specs=nosys.specs -Wl,-Map="FinalProject_CM7.map" -Wl,--gc-sections -static --specs=nano.specs -mfpu=fpv5-d16 -mfloat-abi=hard -mthumb -Wl,--start-group -lc -lm -Wl,--end-group
Finished building target: FinalProject_CM7.elf
 
arm-none-eabi-objdump -h -S  FinalProject_CM7.elf  > "FinalProject_CM7.list"
arm-none-eabi-objcopy  -O binary  FinalProject_CM7.elf  "FinalProject_CM7.bin"
arm-none-eabi-size   FinalProject_CM7.elf 
   text	   data	    bss	    dec	    hex	filename
  27568	    124	   1908	  29600	   73a0	FinalProject_CM7.elf
Finished building: default.size.stdout
 
Finished building: FinalProject_CM7.bin
 
Finished building: FinalProject_CM7.list
 
11:19:56 **** Incremental Build of configuration Debug for project FinalProject_CM7 ****
make -j8 all 
arm-none-eabi-gcc "../Core/Src/main.c" -mcpu=cortex-m7 -std=gnu11 -g3 -DUSE_HAL_DRIVER -DCORE_CM7 -DDEBUG -DSTM32H745xx -c -I../Core/Inc -I../../Drivers/STM32H7xx_HAL_Driver/Inc -I../../Drivers/STM32H7xx_HAL_Driver/Inc/Legacy -I../../Drivers/CMSIS/Device/ST/STM32H7xx/Include -I../../Drivers/CMSIS/Include -O0 -ffunction-sections -fdata-sections -Wall -fstack-usage -MMD -MP -MF"Core/Src/main.d" -MT"Core/Src/main.o" --specs=nano.specs -mfpu=fpv5-d16 -mfloat-abi=hard -mthumb -o "Core/Src/main.o"
In file included from ../Core/Src/main.c:28:0:
../Core/Inc/ServoControl.h: In function 'robotInit':
../Core/Inc/ServoControl.h:13:5: warning: implicit declaration of function 'robot_control_cmd' [-Wimplicit-function-declaration]
     robot_control_cmd(huart, servo_amount, arrive_time,
     ^~~~~~~~~~~~~~~~~
../Core/Src/main.c: In function 'grafcet':
../Core/Src/main.c:381:23: warning: passing argument 2 of 'snprintf' makes integer from pointer without a cast [-Wint-conversion]
         snprintf(tmp, "%d", uart3InputBuffer);
                       ^~~~
In file included from ../Core/Src/main.c:25:0:
c:\program files\st\stm32cubeide_1.5.1\stm32cubeide\plugins\com.st.stm32cube.ide.mcu.externaltools.gnu-tools-for-stm32.7-2018-q2-update.win32_1.5.0.202011040924\tools\arm-none-eabi\include\stdio.h:266:5: note: expected 'size_t {aka unsigned int}' but argument is of type 'char *'
 int snprintf (char *__restrict, size_t, const char *__restrict, ...)
     ^~~~~~~~
../Core/Src/main.c:381:29: warning: pointer targets in passing argument 3 of 'snprintf' differ in signedness [-Wpointer-sign]
         snprintf(tmp, "%d", uart3InputBuffer);
                             ^~~~~~~~~~~~~~~~
In file included from ../Core/Src/main.c:25:0:
c:\program files\st\stm32cubeide_1.5.1\stm32cubeide\plugins\com.st.stm32cube.ide.mcu.externaltools.gnu-tools-for-stm32.7-2018-q2-update.win32_1.5.0.202011040924\tools\arm-none-eabi\include\stdio.h:266:5: note: expected 'const char * restrict' but argument is of type 'uint8_t * {aka unsigned char *}'
 int snprintf (char *__restrict, size_t, const char *__restrict, ...)
     ^~~~~~~~
../Core/Src/main.c:385:13: warning: implicit declaration of function 'strcmp' [-Wimplicit-function-declaration]
         if (strcmp(tmp, "y") == 0) {
             ^~~~~~
../Core/Src/main.c:394:50: warning: excess elements in array initializer
         uint32_t servo_list[5] = {1, 2, 3, 4, 5, 6};
                                                  ^
../Core/Src/main.c:394:50: note: (near initialization for 'servo_list')
../Core/Src/main.c:395:68: warning: excess elements in array initializer
         uint32_t servo_pwm_list[5] = {1500, 1700, 800, 1500, 2300, 1500};
                                                                    ^~~~
../Core/Src/main.c:395:68: note: (near initialization for 'servo_pwm_list')
../Core/Src/main.c:406:23: warning: passing argument 2 of 'snprintf' makes integer from pointer without a cast [-Wint-conversion]
         snprintf(tmp, "%d", uart3InputBuffer);
                       ^~~~
In file included from ../Core/Src/main.c:25:0:
c:\program files\st\stm32cubeide_1.5.1\stm32cubeide\plugins\com.st.stm32cube.ide.mcu.externaltools.gnu-tools-for-stm32.7-2018-q2-update.win32_1.5.0.202011040924\tools\arm-none-eabi\include\stdio.h:266:5: note: expected 'size_t {aka unsigned int}' but argument is of type 'char *'
 int snprintf (char *__restrict, size_t, const char *__restrict, ...)
     ^~~~~~~~
../Core/Src/main.c:406:29: warning: pointer targets in passing argument 3 of 'snprintf' differ in signedness [-Wpointer-sign]
         snprintf(tmp, "%d", uart3InputBuffer);
                             ^~~~~~~~~~~~~~~~
In file included from ../Core/Src/main.c:25:0:
c:\program files\st\stm32cubeide_1.5.1\stm32cubeide\plugins\com.st.stm32cube.ide.mcu.externaltools.gnu-tools-for-stm32.7-2018-q2-update.win32_1.5.0.202011040924\tools\arm-none-eabi\include\stdio.h:266:5: note: expected 'const char * restrict' but argument is of type 'uint8_t * {aka unsigned char *}'
 int snprintf (char *__restrict, size_t, const char *__restrict, ...)
     ^~~~~~~~
arm-none-eabi-gcc -o "FinalProject_CM7.elf" @"objects.list"   -mcpu=cortex-m7 -T"D:\Development\stm32h745\robot-design\FinalProject\CM7\STM32H745ZITX_FLASH.ld" --specs=nosys.specs -Wl,-Map="FinalProject_CM7.map" -Wl,--gc-sections -static --specs=nano.specs -mfpu=fpv5-d16 -mfloat-abi=hard -mthumb -Wl,--start-group -lc -lm -Wl,--end-group
Finished building target: FinalProject_CM7.elf
 
arm-none-eabi-objdump -h -S  FinalProject_CM7.elf  > "FinalProject_CM7.list"
arm-none-eabi-objcopy  -O binary  FinalProject_CM7.elf  "FinalProject_CM7.bin"
arm-none-eabi-size   FinalProject_CM7.elf 
   text	   data	    bss	    dec	    hex	filename
  27568	    124	   1908	  29600	   73a0	FinalProject_CM7.elf
Finished building: default.size.stdout
 
Finished building: FinalProject_CM7.bin
 
Finished building: FinalProject_CM7.list
 
11:25:41 **** Incremental Build of configuration Debug for project FinalProject_CM7 ****
make -j8 all 
arm-none-eabi-gcc "../Core/Src/main.c" -mcpu=cortex-m7 -std=gnu11 -g3 -DUSE_HAL_DRIVER -DCORE_CM7 -DDEBUG -DSTM32H745xx -c -I../Core/Inc -I../../Drivers/STM32H7xx_HAL_Driver/Inc -I../../Drivers/STM32H7xx_HAL_Driver/Inc/Legacy -I../../Drivers/CMSIS/Device/ST/STM32H7xx/Include -I../../Drivers/CMSIS/Include -O0 -ffunction-sections -fdata-sections -Wall -fstack-usage -MMD -MP -MF"Core/Src/main.d" -MT"Core/Src/main.o" --specs=nano.specs -mfpu=fpv5-d16 -mfloat-abi=hard -mthumb -o "Core/Src/main.o"
In file included from ../Core/Src/main.c:28:0:
../Core/Inc/ServoControl.h: In function 'robotInit':
../Core/Inc/ServoControl.h:13:5: warning: implicit declaration of function 'robot_control_cmd' [-Wimplicit-function-declaration]
     robot_control_cmd(huart, servo_amount, arrive_time,
     ^~~~~~~~~~~~~~~~~
../Core/Src/main.c: In function 'grafcet':
../Core/Src/main.c:384:23: warning: passing argument 2 of 'snprintf' makes integer from pointer without a cast [-Wint-conversion]
         snprintf(tmp, "%d", uart3InputBuffer);
                       ^~~~
In file included from ../Core/Src/main.c:25:0:
c:\program files\st\stm32cubeide_1.5.1\stm32cubeide\plugins\com.st.stm32cube.ide.mcu.externaltools.gnu-tools-for-stm32.7-2018-q2-update.win32_1.5.0.202011040924\tools\arm-none-eabi\include\stdio.h:266:5: note: expected 'size_t {aka unsigned int}' but argument is of type 'char *'
 int snprintf (char *__restrict, size_t, const char *__restrict, ...)
     ^~~~~~~~
../Core/Src/main.c:384:29: warning: pointer targets in passing argument 3 of 'snprintf' differ in signedness [-Wpointer-sign]
         snprintf(tmp, "%d", uart3InputBuffer);
                             ^~~~~~~~~~~~~~~~
In file included from ../Core/Src/main.c:25:0:
c:\program files\st\stm32cubeide_1.5.1\stm32cubeide\plugins\com.st.stm32cube.ide.mcu.externaltools.gnu-tools-for-stm32.7-2018-q2-update.win32_1.5.0.202011040924\tools\arm-none-eabi\include\stdio.h:266:5: note: expected 'const char * restrict' but argument is of type 'uint8_t * {aka unsigned char *}'
 int snprintf (char *__restrict, size_t, const char *__restrict, ...)
     ^~~~~~~~
../Core/Src/main.c:388:13: warning: implicit declaration of function 'strcmp' [-Wimplicit-function-declaration]
         if (strcmp(tmp, "y") == 0) {
             ^~~~~~
../Core/Src/main.c:413:23: warning: passing argument 2 of 'snprintf' makes integer from pointer without a cast [-Wint-conversion]
         snprintf(tmp, "%d", uart3InputBuffer);
                       ^~~~
In file included from ../Core/Src/main.c:25:0:
c:\program files\st\stm32cubeide_1.5.1\stm32cubeide\plugins\com.st.stm32cube.ide.mcu.externaltools.gnu-tools-for-stm32.7-2018-q2-update.win32_1.5.0.202011040924\tools\arm-none-eabi\include\stdio.h:266:5: note: expected 'size_t {aka unsigned int}' but argument is of type 'char *'
 int snprintf (char *__restrict, size_t, const char *__restrict, ...)
     ^~~~~~~~
../Core/Src/main.c:413:29: warning: pointer targets in passing argument 3 of 'snprintf' differ in signedness [-Wpointer-sign]
         snprintf(tmp, "%d", uart3InputBuffer);
                             ^~~~~~~~~~~~~~~~
In file included from ../Core/Src/main.c:25:0:
c:\program files\st\stm32cubeide_1.5.1\stm32cubeide\plugins\com.st.stm32cube.ide.mcu.externaltools.gnu-tools-for-stm32.7-2018-q2-update.win32_1.5.0.202011040924\tools\arm-none-eabi\include\stdio.h:266:5: note: expected 'const char * restrict' but argument is of type 'uint8_t * {aka unsigned char *}'
 int snprintf (char *__restrict, size_t, const char *__restrict, ...)
     ^~~~~~~~
arm-none-eabi-gcc -o "FinalProject_CM7.elf" @"objects.list"   -mcpu=cortex-m7 -T"D:\Development\stm32h745\robot-design\FinalProject\CM7\STM32H745ZITX_FLASH.ld" --specs=nosys.specs -Wl,-Map="FinalProject_CM7.map" -Wl,--gc-sections -static --specs=nano.specs -mfpu=fpv5-d16 -mfloat-abi=hard -mthumb -Wl,--start-group -lc -lm -Wl,--end-group
Finished building target: FinalProject_CM7.elf
 
arm-none-eabi-objdump -h -S  FinalProject_CM7.elf  > "FinalProject_CM7.list"
arm-none-eabi-objcopy  -O binary  FinalProject_CM7.elf  "FinalProject_CM7.bin"
arm-none-eabi-size   FinalProject_CM7.elf 
   text	   data	    bss	    dec	    hex	filename
  27628	    172	   1908	  29708	   740c	FinalProject_CM7.elf
Finished building: default.size.stdout
 
Finished building: FinalProject_CM7.bin
 
Finished building: FinalProject_CM7.list
 
11:27:02 **** Incremental Build of configuration Debug for project FinalProject_CM7 ****
make -j8 all 
arm-none-eabi-gcc "../Core/Src/main.c" -mcpu=cortex-m7 -std=gnu11 -g3 -DUSE_HAL_DRIVER -DCORE_CM7 -DDEBUG -DSTM32H745xx -c -I../Core/Inc -I../../Drivers/STM32H7xx_HAL_Driver/Inc -I../../Drivers/STM32H7xx_HAL_Driver/Inc/Legacy -I../../Drivers/CMSIS/Device/ST/STM32H7xx/Include -I../../Drivers/CMSIS/Include -O0 -ffunction-sections -fdata-sections -Wall -fstack-usage -MMD -MP -MF"Core/Src/main.d" -MT"Core/Src/main.o" --specs=nano.specs -mfpu=fpv5-d16 -mfloat-abi=hard -mthumb -o "Core/Src/main.o"
In file included from ../Core/Src/main.c:28:0:
../Core/Inc/ServoControl.h: In function 'robotInit':
../Core/Inc/ServoControl.h:13:5: warning: implicit declaration of function 'robot_control_cmd' [-Wimplicit-function-declaration]
     robot_control_cmd(huart, servo_amount, arrive_time,
     ^~~~~~~~~~~~~~~~~
../Core/Src/main.c: In function 'grafcet':
../Core/Src/main.c:384:23: warning: passing argument 2 of 'snprintf' makes integer from pointer without a cast [-Wint-conversion]
         snprintf(tmp, "%d", uart3InputBuffer);
                       ^~~~
In file included from ../Core/Src/main.c:25:0:
c:\program files\st\stm32cubeide_1.5.1\stm32cubeide\plugins\com.st.stm32cube.ide.mcu.externaltools.gnu-tools-for-stm32.7-2018-q2-update.win32_1.5.0.202011040924\tools\arm-none-eabi\include\stdio.h:266:5: note: expected 'size_t {aka unsigned int}' but argument is of type 'char *'
 int snprintf (char *__restrict, size_t, const char *__restrict, ...)
     ^~~~~~~~
../Core/Src/main.c:384:29: warning: pointer targets in passing argument 3 of 'snprintf' differ in signedness [-Wpointer-sign]
         snprintf(tmp, "%d", uart3InputBuffer);
                             ^~~~~~~~~~~~~~~~
In file included from ../Core/Src/main.c:25:0:
c:\program files\st\stm32cubeide_1.5.1\stm32cubeide\plugins\com.st.stm32cube.ide.mcu.externaltools.gnu-tools-for-stm32.7-2018-q2-update.win32_1.5.0.202011040924\tools\arm-none-eabi\include\stdio.h:266:5: note: expected 'const char * restrict' but argument is of type 'uint8_t * {aka unsigned char *}'
 int snprintf (char *__restrict, size_t, const char *__restrict, ...)
     ^~~~~~~~
../Core/Src/main.c:388:13: warning: implicit declaration of function 'strcmp' [-Wimplicit-function-declaration]
         if (strcmp(tmp, "y") == 0) {
             ^~~~~~
../Core/Src/main.c:413:23: warning: passing argument 2 of 'snprintf' makes integer from pointer without a cast [-Wint-conversion]
         snprintf(tmp, "%d", uart3InputBuffer);
                       ^~~~
In file included from ../Core/Src/main.c:25:0:
c:\program files\st\stm32cubeide_1.5.1\stm32cubeide\plugins\com.st.stm32cube.ide.mcu.externaltools.gnu-tools-for-stm32.7-2018-q2-update.win32_1.5.0.202011040924\tools\arm-none-eabi\include\stdio.h:266:5: note: expected 'size_t {aka unsigned int}' but argument is of type 'char *'
 int snprintf (char *__restrict, size_t, const char *__restrict, ...)
     ^~~~~~~~
../Core/Src/main.c:413:29: warning: pointer targets in passing argument 3 of 'snprintf' differ in signedness [-Wpointer-sign]
         snprintf(tmp, "%d", uart3InputBuffer);
                             ^~~~~~~~~~~~~~~~
In file included from ../Core/Src/main.c:25:0:
c:\program files\st\stm32cubeide_1.5.1\stm32cubeide\plugins\com.st.stm32cube.ide.mcu.externaltools.gnu-tools-for-stm32.7-2018-q2-update.win32_1.5.0.202011040924\tools\arm-none-eabi\include\stdio.h:266:5: note: expected 'const char * restrict' but argument is of type 'uint8_t * {aka unsigned char *}'
 int snprintf (char *__restrict, size_t, const char *__restrict, ...)
     ^~~~~~~~
arm-none-eabi-gcc -o "FinalProject_CM7.elf" @"objects.list"   -mcpu=cortex-m7 -T"D:\Development\stm32h745\robot-design\FinalProject\CM7\STM32H745ZITX_FLASH.ld" --specs=nosys.specs -Wl,-Map="FinalProject_CM7.map" -Wl,--gc-sections -static --specs=nano.specs -mfpu=fpv5-d16 -mfloat-abi=hard -mthumb -Wl,--start-group -lc -lm -Wl,--end-group
Finished building target: FinalProject_CM7.elf
 
arm-none-eabi-objdump -h -S  FinalProject_CM7.elf  > "FinalProject_CM7.list"
arm-none-eabi-objcopy  -O binary  FinalProject_CM7.elf  "FinalProject_CM7.bin"
arm-none-eabi-size   FinalProject_CM7.elf 
   text	   data	    bss	    dec	    hex	filename
  27640	    172	   1908	  29720	   7418	FinalProject_CM7.elf
Finished building: default.size.stdout
 
Finished building: FinalProject_CM7.bin
 
Finished building: FinalProject_CM7.list
 
11:28:09 **** Incremental Build of configuration Debug for project FinalProject_CM7 ****
make -j8 all 
arm-none-eabi-gcc "../Core/Src/main.c" -mcpu=cortex-m7 -std=gnu11 -g3 -DUSE_HAL_DRIVER -DCORE_CM7 -DDEBUG -DSTM32H745xx -c -I../Core/Inc -I../../Drivers/STM32H7xx_HAL_Driver/Inc -I../../Drivers/STM32H7xx_HAL_Driver/Inc/Legacy -I../../Drivers/CMSIS/Device/ST/STM32H7xx/Include -I../../Drivers/CMSIS/Include -O0 -ffunction-sections -fdata-sections -Wall -fstack-usage -MMD -MP -MF"Core/Src/main.d" -MT"Core/Src/main.o" --specs=nano.specs -mfpu=fpv5-d16 -mfloat-abi=hard -mthumb -o "Core/Src/main.o"
In file included from ../Core/Src/main.c:28:0:
../Core/Inc/ServoControl.h: In function 'robotInit':
../Core/Inc/ServoControl.h:13:5: warning: implicit declaration of function 'robot_control_cmd' [-Wimplicit-function-declaration]
     robot_control_cmd(huart, servo_amount, arrive_time,
     ^~~~~~~~~~~~~~~~~
../Core/Src/main.c: In function 'grafcet':
../Core/Src/main.c:384:23: warning: passing argument 2 of 'snprintf' makes integer from pointer without a cast [-Wint-conversion]
         snprintf(tmp, "%d", uart3InputBuffer);
                       ^~~~
In file included from ../Core/Src/main.c:25:0:
c:\program files\st\stm32cubeide_1.5.1\stm32cubeide\plugins\com.st.stm32cube.ide.mcu.externaltools.gnu-tools-for-stm32.7-2018-q2-update.win32_1.5.0.202011040924\tools\arm-none-eabi\include\stdio.h:266:5: note: expected 'size_t {aka unsigned int}' but argument is of type 'char *'
 int snprintf (char *__restrict, size_t, const char *__restrict, ...)
     ^~~~~~~~
../Core/Src/main.c:384:29: warning: pointer targets in passing argument 3 of 'snprintf' differ in signedness [-Wpointer-sign]
         snprintf(tmp, "%d", uart3InputBuffer);
                             ^~~~~~~~~~~~~~~~
In file included from ../Core/Src/main.c:25:0:
c:\program files\st\stm32cubeide_1.5.1\stm32cubeide\plugins\com.st.stm32cube.ide.mcu.externaltools.gnu-tools-for-stm32.7-2018-q2-update.win32_1.5.0.202011040924\tools\arm-none-eabi\include\stdio.h:266:5: note: expected 'const char * restrict' but argument is of type 'uint8_t * {aka unsigned char *}'
 int snprintf (char *__restrict, size_t, const char *__restrict, ...)
     ^~~~~~~~
../Core/Src/main.c:388:13: warning: implicit declaration of function 'strcmp' [-Wimplicit-function-declaration]
         if (strcmp(tmp, "y") == 0) {
             ^~~~~~
../Core/Src/main.c:413:23: warning: passing argument 2 of 'snprintf' makes integer from pointer without a cast [-Wint-conversion]
         snprintf(tmp, "%d", uart3InputBuffer);
                       ^~~~
In file included from ../Core/Src/main.c:25:0:
c:\program files\st\stm32cubeide_1.5.1\stm32cubeide\plugins\com.st.stm32cube.ide.mcu.externaltools.gnu-tools-for-stm32.7-2018-q2-update.win32_1.5.0.202011040924\tools\arm-none-eabi\include\stdio.h:266:5: note: expected 'size_t {aka unsigned int}' but argument is of type 'char *'
 int snprintf (char *__restrict, size_t, const char *__restrict, ...)
     ^~~~~~~~
../Core/Src/main.c:413:29: warning: pointer targets in passing argument 3 of 'snprintf' differ in signedness [-Wpointer-sign]
         snprintf(tmp, "%d", uart3InputBuffer);
                             ^~~~~~~~~~~~~~~~
In file included from ../Core/Src/main.c:25:0:
c:\program files\st\stm32cubeide_1.5.1\stm32cubeide\plugins\com.st.stm32cube.ide.mcu.externaltools.gnu-tools-for-stm32.7-2018-q2-update.win32_1.5.0.202011040924\tools\arm-none-eabi\include\stdio.h:266:5: note: expected 'const char * restrict' but argument is of type 'uint8_t * {aka unsigned char *}'
 int snprintf (char *__restrict, size_t, const char *__restrict, ...)
     ^~~~~~~~
arm-none-eabi-gcc -o "FinalProject_CM7.elf" @"objects.list"   -mcpu=cortex-m7 -T"D:\Development\stm32h745\robot-design\FinalProject\CM7\STM32H745ZITX_FLASH.ld" --specs=nosys.specs -Wl,-Map="FinalProject_CM7.map" -Wl,--gc-sections -static --specs=nano.specs -mfpu=fpv5-d16 -mfloat-abi=hard -mthumb -Wl,--start-group -lc -lm -Wl,--end-group
Finished building target: FinalProject_CM7.elf
 
arm-none-eabi-objdump -h -S  FinalProject_CM7.elf  > "FinalProject_CM7.list"
arm-none-eabi-objcopy  -O binary  FinalProject_CM7.elf  "FinalProject_CM7.bin"
arm-none-eabi-size   FinalProject_CM7.elf 
   text	   data	    bss	    dec	    hex	filename
  27640	    172	   1908	  29720	   7418	FinalProject_CM7.elf
Finished building: default.size.stdout
 
Finished building: FinalProject_CM7.bin
 
Finished building: FinalProject_CM7.list
 
11:30:04 **** Incremental Build of configuration Debug for project FinalProject_CM7 ****
make -j8 all 
arm-none-eabi-gcc "../Core/Src/main.c" -mcpu=cortex-m7 -std=gnu11 -g3 -DUSE_HAL_DRIVER -DCORE_CM7 -DDEBUG -DSTM32H745xx -c -I../Core/Inc -I../../Drivers/STM32H7xx_HAL_Driver/Inc -I../../Drivers/STM32H7xx_HAL_Driver/Inc/Legacy -I../../Drivers/CMSIS/Device/ST/STM32H7xx/Include -I../../Drivers/CMSIS/Include -O0 -ffunction-sections -fdata-sections -Wall -fstack-usage -MMD -MP -MF"Core/Src/main.d" -MT"Core/Src/main.o" --specs=nano.specs -mfpu=fpv5-d16 -mfloat-abi=hard -mthumb -o "Core/Src/main.o"
In file included from ../Core/Src/main.c:28:0:
../Core/Inc/ServoControl.h: In function 'robotInit':
../Core/Inc/ServoControl.h:13:5: warning: implicit declaration of function 'robot_control_cmd' [-Wimplicit-function-declaration]
     robot_control_cmd(huart, servo_amount, arrive_time,
     ^~~~~~~~~~~~~~~~~
../Core/Src/main.c: In function 'grafcet':
../Core/Src/main.c:384:23: warning: passing argument 2 of 'snprintf' makes integer from pointer without a cast [-Wint-conversion]
         snprintf(tmp, "%d", uart3InputBuffer);
                       ^~~~
In file included from ../Core/Src/main.c:25:0:
c:\program files\st\stm32cubeide_1.5.1\stm32cubeide\plugins\com.st.stm32cube.ide.mcu.externaltools.gnu-tools-for-stm32.7-2018-q2-update.win32_1.5.0.202011040924\tools\arm-none-eabi\include\stdio.h:266:5: note: expected 'size_t {aka unsigned int}' but argument is of type 'char *'
 int snprintf (char *__restrict, size_t, const char *__restrict, ...)
     ^~~~~~~~
../Core/Src/main.c:384:29: warning: pointer targets in passing argument 3 of 'snprintf' differ in signedness [-Wpointer-sign]
         snprintf(tmp, "%d", uart3InputBuffer);
                             ^~~~~~~~~~~~~~~~
In file included from ../Core/Src/main.c:25:0:
c:\program files\st\stm32cubeide_1.5.1\stm32cubeide\plugins\com.st.stm32cube.ide.mcu.externaltools.gnu-tools-for-stm32.7-2018-q2-update.win32_1.5.0.202011040924\tools\arm-none-eabi\include\stdio.h:266:5: note: expected 'const char * restrict' but argument is of type 'uint8_t * {aka unsigned char *}'
 int snprintf (char *__restrict, size_t, const char *__restrict, ...)
     ^~~~~~~~
../Core/Src/main.c:388:13: warning: implicit declaration of function 'strcmp' [-Wimplicit-function-declaration]
         if (strcmp(tmp, "y") == 0) {
             ^~~~~~
../Core/Src/main.c:413:23: warning: passing argument 2 of 'snprintf' makes integer from pointer without a cast [-Wint-conversion]
         snprintf(tmp, "%d", uart3InputBuffer);
                       ^~~~
In file included from ../Core/Src/main.c:25:0:
c:\program files\st\stm32cubeide_1.5.1\stm32cubeide\plugins\com.st.stm32cube.ide.mcu.externaltools.gnu-tools-for-stm32.7-2018-q2-update.win32_1.5.0.202011040924\tools\arm-none-eabi\include\stdio.h:266:5: note: expected 'size_t {aka unsigned int}' but argument is of type 'char *'
 int snprintf (char *__restrict, size_t, const char *__restrict, ...)
     ^~~~~~~~
../Core/Src/main.c:413:29: warning: pointer targets in passing argument 3 of 'snprintf' differ in signedness [-Wpointer-sign]
         snprintf(tmp, "%d", uart3InputBuffer);
                             ^~~~~~~~~~~~~~~~
In file included from ../Core/Src/main.c:25:0:
c:\program files\st\stm32cubeide_1.5.1\stm32cubeide\plugins\com.st.stm32cube.ide.mcu.externaltools.gnu-tools-for-stm32.7-2018-q2-update.win32_1.5.0.202011040924\tools\arm-none-eabi\include\stdio.h:266:5: note: expected 'const char * restrict' but argument is of type 'uint8_t * {aka unsigned char *}'
 int snprintf (char *__restrict, size_t, const char *__restrict, ...)
     ^~~~~~~~
[...]
arm-none-eabi-gcc "../Drivers/STM32H7xx_HAL_Driver/Src/stm32h7xx_hal_flash_ex.c" -mcpu=cortex-m7 -std=gnu11 -g3 -DDEBUG -DUSE_HAL_DRIVER -DSTM32H743xx -c -I../Core/Inc -I../Drivers/STM32H7xx_HAL_Driver/Inc -I../Drivers/STM32H7xx_HAL_Driver/Inc/Legacy -I../Drivers/CMSIS/Device/ST/STM32H7xx/Include -I../Drivers/CMSIS/Include -O0 -ffunction-sections -fdata-sections -Wall -fstack-usage -MMD -MP -MF"Drivers/STM32H7xx_HAL_Driver/Src/stm32h7xx_hal_flash_ex.d" -MT"Drivers/STM32H7xx_HAL_Driver/Src/stm32h7xx_hal_flash_ex.o" --specs=nano.specs -mfpu=fpv5-d16 -mfloat-abi=hard -mthumb -o "Drivers/STM32H7xx_HAL_Driver/Src/stm32h7xx_hal_flash_ex.o"
arm-none-eabi-gcc "../Drivers/STM32H7xx_HAL_Driver/Src/stm32h7xx_hal_gpio.c" -mcpu=cortex-m7 -std=gnu11 -g3 -DDEBUG -DUSE_HAL_DRIVER -DSTM32H743xx -c -I../Core/Inc -I../Drivers/STM32H7xx_HAL_Driver/Inc -I../Drivers/STM32H7xx_HAL_Driver/Inc/Legacy -I../Drivers/CMSIS/Device/ST/STM32H7xx/Include -I../Drivers/CMSIS/Include -O0 -ffunction-sections -fdata-sections -Wall -fstack-usage -MMD -MP -MF"Drivers/STM32H7xx_HAL_Driver/Src/stm32h7xx_hal_gpio.d" -MT"Drivers/STM32H7xx_HAL_Driver/Src/stm32h7xx_hal_gpio.o" --specs=nano.specs -mfpu=fpv5-d16 -mfloat-abi=hard -mthumb -o "Drivers/STM32H7xx_HAL_Driver/Src/stm32h7xx_hal_gpio.o"
arm-none-eabi-gcc "../Drivers/STM32H7xx_HAL_Driver/Src/stm32h7xx_hal_hsem.c" -mcpu=cortex-m7 -std=gnu11 -g3 -DDEBUG -DUSE_HAL_DRIVER -DSTM32H743xx -c -I../Core/Inc -I../Drivers/STM32H7xx_HAL_Driver/Inc -I../Drivers/STM32H7xx_HAL_Driver/Inc/Legacy -I../Drivers/CMSIS/Device/ST/STM32H7xx/Include -I../Drivers/CMSIS/Include -O0 -ffunction-sections -fdata-sections -Wall -fstack-usage -MMD -MP -MF"Drivers/STM32H7xx_HAL_Driver/Src/stm32h7xx_hal_hsem.d" -MT"Drivers/STM32H7xx_HAL_Driver/Src/stm32h7xx_hal_hsem.o" --specs=nano.specs -mfpu=fpv5-d16 -mfloat-abi=hard -mthumb -o "Drivers/STM32H7xx_HAL_Driver/Src/stm32h7xx_hal_hsem.o"
arm-none-eabi-gcc "../Drivers/STM32H7xx_HAL_Driver/Src/stm32h7xx_hal_i2c.c" -mcpu=cortex-m7 -std=gnu11 -g3 -DDEBUG -DUSE_HAL_DRIVER -DSTM32H743xx -c -I../Core/Inc -I../Drivers/STM32H7xx_HAL_Driver/Inc -I../Drivers/STM32H7xx_HAL_Driver/Inc/Legacy -I../Drivers/CMSIS/Device/ST/STM32H7xx/Include -I../Drivers/CMSIS/Include -O0 -ffunction-sections -fdata-sections -Wall -fstack-usage -MMD -MP -MF"Drivers/STM32H7xx_HAL_Driver/Src/stm32h7xx_hal_i2c.d" -MT"Drivers/STM32H7xx_HAL_Driver/Src/stm32h7xx_hal_i2c.o" --specs=nano.specs -mfpu=fpv5-d16 -mfloat-abi=hard -mthumb -o "Drivers/STM32H7xx_HAL_Driver/Src/stm32h7xx_hal_i2c.o"
arm-none-eabi-gcc "../Drivers/STM32H7xx_HAL_Driver/Src/stm32h7xx_hal_i2c_ex.c" -mcpu=cortex-m7 -std=gnu11 -g3 -DDEBUG -DUSE_HAL_DRIVER -DSTM32H743xx -c -I../Core/Inc -I../Drivers/STM32H7xx_HAL_Driver/Inc -I../Drivers/STM32H7xx_HAL_Driver/Inc/Legacy -I../Drivers/CMSIS/Device/ST/STM32H7xx/Include -I../Drivers/CMSIS/Include -O0 -ffunction-sections -fdata-sections -Wall -fstack-usage -MMD -MP -MF"Drivers/STM32H7xx_HAL_Driver/Src/stm32h7xx_hal_i2c_ex.d" -MT"Drivers/STM32H7xx_HAL_Driver/Src/stm32h7xx_hal_i2c_ex.o" --specs=nano.specs -mfpu=fpv5-d16 -mfloat-abi=hard -mthumb -o "Drivers/STM32H7xx_HAL_Driver/Src/stm32h7xx_hal_i2c_ex.o"
arm-none-eabi-gcc "../Drivers/STM32H7xx_HAL_Driver/Src/stm32h7xx_hal_mdma.c" -mcpu=cortex-m7 -std=gnu11 -g3 -DDEBUG -DUSE_HAL_DRIVER -DSTM32H743xx -c -I../Core/Inc -I../Drivers/STM32H7xx_HAL_Driver/Inc -I../Drivers/STM32H7xx_HAL_Driver/Inc/Legacy -I../Drivers/CMSIS/Device/ST/STM32H7xx/Include -I../Drivers/CMSIS/Include -O0 -ffunction-sections -fdata-sections -Wall -fstack-usage -MMD -MP -MF"Drivers/STM32H7xx_HAL_Driver/Src/stm32h7xx_hal_mdma.d" -MT"Drivers/STM32H7xx_HAL_Driver/Src/stm32h7xx_hal_mdma.o" --specs=nano.specs -mfpu=fpv5-d16 -mfloat-abi=hard -mthumb -o "Drivers/STM32H7xx_HAL_Driver/Src/stm32h7xx_hal_mdma.o"
arm-none-eabi-gcc "../Drivers/STM32H7xx_HAL_Driver/Src/stm32h7xx_hal_pwr.c" -mcpu=cortex-m7 -std=gnu11 -g3 -DDEBUG -DUSE_HAL_DRIVER -DSTM32H743xx -c -I../Core/Inc -I../Drivers/STM32H7xx_HAL_Driver/Inc -I../Drivers/STM32H7xx_HAL_Driver/Inc/Legacy -I../Drivers/CMSIS/Device/ST/STM32H7xx/Include -I../Drivers/CMSIS/Include -O0 -ffunction-sections -fdata-sections -Wall -fstack-usage -MMD -MP -MF"Drivers/STM32H7xx_HAL_Driver/Src/stm32h7xx_hal_pwr.d" -MT"Drivers/STM32H7xx_HAL_Driver/Src/stm32h7xx_hal_pwr.o" --specs=nano.specs -mfpu=fpv5-d16 -mfloat-abi=hard -mthumb -o "Drivers/STM32H7xx_HAL_Driver/Src/stm32h7xx_hal_pwr.o"
arm-none-eabi-gcc "../Drivers/STM32H7xx_HAL_Driver/Src/stm32h7xx_hal_pwr_ex.c" -mcpu=cortex-m7 -std=gnu11 -g3 -DDEBUG -DUSE_HAL_DRIVER -DSTM32H743xx -c -I../Core/Inc -I../Drivers/STM32H7xx_HAL_Driver/Inc -I../Drivers/STM32H7xx_HAL_Driver/Inc/Legacy -I../Drivers/CMSIS/Device/ST/STM32H7xx/Include -I../Drivers/CMSIS/Include -O0 -ffunction-sections -fdata-sections -Wall -fstack-usage -MMD -MP -MF"Drivers/STM32H7xx_HAL_Driver/Src/stm32h7xx_hal_pwr_ex.d" -MT"Drivers/STM32H7xx_HAL_Driver/Src/stm32h7xx_hal_pwr_ex.o" --specs=nano.specs -mfpu=fpv5-d16 -mfloat-abi=hard -mthumb -o "Drivers/STM32H7xx_HAL_Driver/Src/stm32h7xx_hal_pwr_ex.o"
arm-none-eabi-gcc "../Drivers/STM32H7xx_HAL_Driver/Src/stm32h7xx_hal_rcc.c" -mcpu=cortex-m7 -std=gnu11 -g3 -DDEBUG -DUSE_HAL_DRIVER -DSTM32H743xx -c -I../Core/Inc -I../Drivers/STM32H7xx_HAL_Driver/Inc -I../Drivers/STM32H7xx_HAL_Driver/Inc/Legacy -I../Drivers/CMSIS/Device/ST/STM32H7xx/Include -I../Drivers/CMSIS/Include -O0 -ffunction-sections -fdata-sections -Wall -fstack-usage -MMD -MP -MF"Drivers/STM32H7xx_HAL_Driver/Src/stm32h7xx_hal_rcc.d" -MT"Drivers/STM32H7xx_HAL_Driver/Src/stm32h7xx_hal_rcc.o" --specs=nano.specs -mfpu=fpv5-d16 -mfloat-abi=hard -mthumb -o "Drivers/STM32H7xx_HAL_Driver/Src/stm32h7xx_hal_rcc.o"
arm-none-eabi-gcc "../Drivers/STM32H7xx_HAL_Driver/Src/stm32h7xx_hal_rcc_ex.c" -mcpu=cortex-m7 -std=gnu11 -g3 -DDEBUG -DUSE_HAL_DRIVER -DSTM32H743xx -c -I../Core/Inc -I../Drivers/STM32H7xx_HAL_Driver/Inc -I../Drivers/STM32H7xx_HAL_Driver/Inc/Legacy -I../Drivers/CMSIS/Device/ST/STM32H7xx/Include -I../Drivers/CMSIS/Include -O0 -ffunction-sections -fdata-sections -Wall -fstack-usage -MMD -MP -MF"Drivers/STM32H7xx_HAL_Driver/Src/stm32h7xx_hal_rcc_ex.d" -MT"Drivers/STM32H7xx_HAL_Driver/Src/stm32h7xx_hal_rcc_ex.o" --specs=nano.specs -mfpu=fpv5-d16 -mfloat-abi=hard -mthumb -o "Drivers/STM32H7xx_HAL_Driver/Src/stm32h7xx_hal_rcc_ex.o"
arm-none-eabi-gcc "../Drivers/STM32H7xx_HAL_Driver/Src/stm32h7xx_hal_tim.c" -mcpu=cortex-m7 -std=gnu11 -g3 -DDEBUG -DUSE_HAL_DRIVER -DSTM32H743xx -c -I../Core/Inc -I../Drivers/STM32H7xx_HAL_Driver/Inc -I../Drivers/STM32H7xx_HAL_Driver/Inc/Legacy -I../Drivers/CMSIS/Device/ST/STM32H7xx/Include -I../Drivers/CMSIS/Include -O0 -ffunction-sections -fdata-sections -Wall -fstack-usage -MMD -MP -MF"Drivers/STM32H7xx_HAL_Driver/Src/stm32h7xx_hal_tim.d" -MT"Drivers/STM32H7xx_HAL_Driver/Src/stm32h7xx_hal_tim.o" --specs=nano.specs -mfpu=fpv5-d16 -mfloat-abi=hard -mthumb -o "Drivers/STM32H7xx_HAL_Driver/Src/stm32h7xx_hal_tim.o"
arm-none-eabi-gcc "../Drivers/STM32H7xx_HAL_Driver/Src/stm32h7xx_hal_tim_ex.c" -mcpu=cortex-m7 -std=gnu11 -g3 -DDEBUG -DUSE_HAL_DRIVER -DSTM32H743xx -c -I../Core/Inc -I../Drivers/STM32H7xx_HAL_Driver/Inc -I../Drivers/STM32H7xx_HAL_Driver/Inc/Legacy -I../Drivers/CMSIS/Device/ST/STM32H7xx/Include -I../Drivers/CMSIS/Include -O0 -ffunction-sections -fdata-sections -Wall -fstack-usage -MMD -MP -MF"Drivers/STM32H7xx_HAL_Driver/Src/stm32h7xx_hal_tim_ex.d" -MT"Drivers/STM32H7xx_HAL_Driver/Src/stm32h7xx_hal_tim_ex.o" --specs=nano.specs -mfpu=fpv5-d16 -mfloat-abi=hard -mthumb -o "Drivers/STM32H7xx_HAL_Driver/Src/stm32h7xx_hal_tim_ex.o"
arm-none-eabi-gcc "../Drivers/STM32H7xx_HAL_Driver/Src/stm32h7xx_hal_uart.c" -mcpu=cortex-m7 -std=gnu11 -g3 -DDEBUG -DUSE_HAL_DRIVER -DSTM32H743xx -c -I../Core/Inc -I../Drivers/STM32H7xx_HAL_Driver/Inc -I../Drivers/STM32H7xx_HAL_Driver/Inc/Legacy -I../Drivers/CMSIS/Device/ST/STM32H7xx/Include -I../Drivers/CMSIS/Include -O0 -ffunction-sections -fdata-sections -Wall -fstack-usage -MMD -MP -MF"Drivers/STM32H7xx_HAL_Driver/Src/stm32h7xx_hal_uart.d" -MT"Drivers/STM32H7xx_HAL_Driver/Src/stm32h7xx_hal_uart.o" --specs=nano.specs -mfpu=fpv5-d16 -mfloat-abi=hard -mthumb -o "Drivers/STM32H7xx_HAL_Driver/Src/stm32h7xx_hal_uart.o"
arm-none-eabi-gcc "../Drivers/STM32H7xx_HAL_Driver/Src/stm32h7xx_hal_uart_ex.c" -mcpu=cortex-m7 -std=gnu11 -g3 -DDEBUG -DUSE_HAL_DRIVER -DSTM32H743xx -c -I../Core/Inc -I../Drivers/STM32H7xx_HAL_Driver/Inc -I../Drivers/STM32H7xx_HAL_Driver/Inc/Legacy -I../Drivers/CMSIS/Device/ST/STM32H7xx/Include -I../Drivers/CMSIS/Include -O0 -ffunction-sections -fdata-sections -Wall -fstack-usage -MMD -MP -MF"Drivers/STM32H7xx_HAL_Driver/Src/stm32h7xx_hal_uart_ex.d" -MT"Drivers/STM32H7xx_HAL_Driver/Src/stm32h7xx_hal_uart_ex.o" --specs=nano.specs -mfpu=fpv5-d16 -mfloat-abi=hard -mthumb -o "Drivers/STM32H7xx_HAL_Driver/Src/stm32h7xx_hal_uart_ex.o"
arm-none-eabi-gcc "../Core/Src/main.c" -mcpu=cortex-m7 -std=gnu11 -g3 -DDEBUG -DUSE_HAL_DRIVER -DSTM32H743xx -c -I../Core/Inc -I../Drivers/STM32H7xx_HAL_Driver/Inc -I../Drivers/STM32H7xx_HAL_Driver/Inc/Legacy -I../Drivers/CMSIS/Device/ST/STM32H7xx/Include -I../Drivers/CMSIS/Include -O0 -ffunction-sections -fdata-sections -Wall -fstack-usage -MMD -MP -MF"Core/Src/main.d" -MT"Core/Src/main.o" --specs=nano.specs -mfpu=fpv5-d16 -mfloat-abi=hard -mthumb -o "Core/Src/main.o"
arm-none-eabi-gcc "../Core/Src/stm32h7xx_hal_msp.c" -mcpu=cortex-m7 -std=gnu11 -g3 -DDEBUG -DUSE_HAL_DRIVER -DSTM32H743xx -c -I../Core/Inc -I../Drivers/STM32H7xx_HAL_Driver/Inc -I../Drivers/STM32H7xx_HAL_Driver/Inc/Legacy -I../Drivers/CMSIS/Device/ST/STM32H7xx/Include -I../Drivers/CMSIS/Include -O0 -ffunction-sections -fdata-sections -Wall -fstack-usage -MMD -MP -MF"Core/Src/stm32h7xx_hal_msp.d" -MT"Core/Src/stm32h7xx_hal_msp.o" --specs=nano.specs -mfpu=fpv5-d16 -mfloat-abi=hard -mthumb -o "Core/Src/stm32h7xx_hal_msp.o"
../Core/Src/main.c: In function 'main':
../Core/Src/main.c:117:18: warning: implicit declaration of function 'sprintf' [-Wimplicit-function-declaration]
  117 |     speech_len = sprintf(speech_vol, "Vol_V = %.2f\r\n", meas);
      |                  ^~~~~~~
../Core/Src/main.c:117:18: warning: incompatible implicit declaration of built-in function 'sprintf'
../Core/Src/main.c:21:1: note: include '<stdio.h>' or provide a declaration of 'sprintf'
   20 | #include "main.h"
  +++ |+#include <stdio.h>
   21 | 
../Core/Src/main.c:118:32: warning: pointer targets in passing argument 2 of 'HAL_UART_Transmit' differ in signedness [-Wpointer-sign]
  118 |     HAL_UART_Transmit(&huart3, speech_vol, speech_len, HAL_MAX_DELAY);
      |                                ^~~~~~~~~~
      |                                |
      |                                char *
In file included from ../Core/Inc/stm32h7xx_hal_conf.h:458,
                 from ../Drivers/STM32H7xx_HAL_Driver/Inc/stm32h7xx_hal.h:29,
                 from ../Core/Inc/main.h:30,
                 from ../Core/Src/main.c:20:
../Drivers/STM32H7xx_HAL_Driver/Inc/stm32h7xx_hal_uart.h:1614:79: note: expected 'const uint8_t *' {aka 'const unsigned char *'} but argument is of type 'char *'
 1614 | HAL_StatusTypeDef HAL_UART_Transmit(UART_HandleTypeDef *huart, const uint8_t *pData, uint16_t Size, uint32_t Timeout);
      |                                                                ~~~~~~~~~~~~~~~^~~~~
../Core/Src/main.c:119:60: warning: format '%d' expects argument of type 'int', but argument 3 has type 'uint32_t' {aka 'long unsigned int'} [-Wformat=]
  119 |     speech_len = sprintf(speech_analog_val, "Analog_Val = %d\r\n", a_val);
      |                                                           ~^       ~~~~~
      |                                                            |       |
      |                                                            int     uint32_t {aka long unsigned int}
      |                                                           %ld
../Core/Src/main.c:120:32: warning: pointer targets in passing argument 2 of 'HAL_UART_Transmit' differ in signedness [-Wpointer-sign]
  120 |     HAL_UART_Transmit(&huart3, speech_analog_val, speech_len, HAL_MAX_DELAY);
      |                                ^~~~~~~~~~~~~~~~~
      |                                |
      |                                char *
In file included from ../Core/Inc/stm32h7xx_hal_conf.h:458,
                 from ../Drivers/STM32H7xx_HAL_Driver/Inc/stm32h7xx_hal.h:29,
                 from ../Core/Inc/main.h:30,
                 from ../Core/Src/main.c:20:
../Drivers/STM32H7xx_HAL_Driver/Inc/stm32h7xx_hal_uart.h:1614:79: note: expected 'const uint8_t *' {aka 'const unsigned char *'} but argument is of type 'char *'
 1614 | HAL_StatusTypeDef HAL_UART_Transmit(UART_HandleTypeDef *huart, const uint8_t *pData, uint16_t Size, uint32_t Timeout);
      |                                                                ~~~~~~~~~~~~~~~^~~~~
arm-none-eabi-gcc "../Core/Src/stm32h7xx_it.c" -mcpu=cortex-m7 -std=gnu11 -g3 -DDEBUG -DUSE_HAL_DRIVER -DSTM32H743xx -c -I../Core/Inc -I../Drivers/STM32H7xx_HAL_Driver/Inc -I../Drivers/STM32H7xx_HAL_Driver/Inc/Legacy -I../Drivers/CMSIS/Device/ST/STM32H7xx/Include -I../Drivers/CMSIS/Include -O0 -ffunction-sections -fdata-sections -Wall -fstack-usage -MMD -MP -MF"Core/Src/stm32h7xx_it.d" -MT"Core/Src/stm32h7xx_it.o" --specs=nano.specs -mfpu=fpv5-d16 -mfloat-abi=hard -mthumb -o "Core/Src/stm32h7xx_it.o"
arm-none-eabi-gcc "../Core/Src/system_stm32h7xx.c" -mcpu=cortex-m7 -std=gnu11 -g3 -DDEBUG -DUSE_HAL_DRIVER -DSTM32H743xx -c -I../Core/Inc -I../Drivers/STM32H7xx_HAL_Driver/Inc -I../Drivers/STM32H7xx_HAL_Driver/Inc/Legacy -I../Drivers/CMSIS/Device/ST/STM32H7xx/Include -I../Drivers/CMSIS/Include -O0 -ffunction-sections -fdata-sections -Wall -fstack-usage -MMD -MP -MF"Core/Src/system_stm32h7xx.d" -MT"Core/Src/system_stm32h7xx.o" --specs=nano.specs -mfpu=fpv5-d16 -mfloat-abi=hard -mthumb -o "Core/Src/system_stm32h7xx.o"
arm-none-eabi-gcc -o "test2.elf" @"objects.list"   -mcpu=cortex-m7 -T"D:\Dev\IDEs-default\STM32\test2\STM32H743ZITX_FLASH.ld" --specs=nosys.specs -Wl,-Map="test2.map" -Wl,--gc-sections -static -u_printf_float --specs=nano.specs -mfpu=fpv5-d16 -mfloat-abi=hard -mthumb -Wl,--start-group -lc -lm -Wl,--end-group
Finished building target: test2.elf
 
arm-none-eabi-size   test2.elf 
arm-none-eabi-objdump -h -S  test2.elf  > "test2.list"
   text	   data	    bss	    dec	    hex	filename
  42188	    488	   1832	  44508	   addc	test2.elf
Finished building: default.size.stdout
 
Finished building: test2.list
 
20:35:26 **** Incremental Build of configuration Debug for project test2 ****
make -j8 all 
arm-none-eabi-gcc "../Core/Src/main.c" -mcpu=cortex-m7 -std=gnu11 -g3 -DDEBUG -DUSE_HAL_DRIVER -DSTM32H743xx -c -I../Core/Inc -I../Drivers/STM32H7xx_HAL_Driver/Inc -I../Drivers/STM32H7xx_HAL_Driver/Inc/Legacy -I../Drivers/CMSIS/Device/ST/STM32H7xx/Include -I../Drivers/CMSIS/Include -O0 -ffunction-sections -fdata-sections -Wall -fstack-usage -MMD -MP -MF"Core/Src/main.d" -MT"Core/Src/main.o" --specs=nano.specs -mfpu=fpv5-d16 -mfloat-abi=hard -mthumb -o "Core/Src/main.o"
../Core/Src/main.c: In function 'main':
../Core/Src/main.c:117:22: warning: implicit declaration of function 'sprintf' [-Wimplicit-function-declaration]
  117 |         speech_len = sprintf(speech_vol, "Vol_V = %.2f\r\n", meas);
      |                      ^~~~~~~
../Core/Src/main.c:117:22: warning: incompatible implicit declaration of built-in function 'sprintf'
../Core/Src/main.c:21:1: note: include '<stdio.h>' or provide a declaration of 'sprintf'
   20 | #include "main.h"
  +++ |+#include <stdio.h>
   21 | 
../Core/Src/main.c:118:36: warning: pointer targets in passing argument 2 of 'HAL_UART_Transmit' differ in signedness [-Wpointer-sign]
  118 |         HAL_UART_Transmit(&huart3, speech_vol, speech_len, HAL_MAX_DELAY);
      |                                    ^~~~~~~~~~
      |                                    |
      |                                    char *
In file included from ../Core/Inc/stm32h7xx_hal_conf.h:458,
                 from ../Drivers/STM32H7xx_HAL_Driver/Inc/stm32h7xx_hal.h:29,
                 from ../Core/Inc/main.h:30,
                 from ../Core/Src/main.c:20:
../Drivers/STM32H7xx_HAL_Driver/Inc/stm32h7xx_hal_uart.h:1614:79: note: expected 'const uint8_t *' {aka 'const unsigned char *'} but argument is of type 'char *'
 1614 | HAL_StatusTypeDef HAL_UART_Transmit(UART_HandleTypeDef *huart, const uint8_t *pData, uint16_t Size, uint32_t Timeout);
      |                                                                ~~~~~~~~~~~~~~~^~~~~
../Core/Src/main.c:119:64: warning: format '%d' expects argument of type 'int', but argument 3 has type 'uint32_t' {aka 'long unsigned int'} [-Wformat=]
  119 |         speech_len = sprintf(speech_analog_val, "Analog_Val = %d\r\n", a_val);
      |                                                               ~^       ~~~~~
      |                                                                |       |
      |                                                                int     uint32_t {aka long unsigned int}
      |                                                               %ld
../Core/Src/main.c:120:36: warning: pointer targets in passing argument 2 of 'HAL_UART_Transmit' differ in signedness [-Wpointer-sign]
  120 |         HAL_UART_Transmit(&huart3, speech_analog_val, speech_len,
      |                                    ^~~~~~~~~~~~~~~~~
      |                                    |
      |                                    char *
In file included from ../Core/Inc/stm32h7xx_hal_conf.h:458,
                 from ../Drivers/STM32H7xx_HAL_Driver/Inc/stm32h7xx_hal.h:29,
                 from ../Core/Inc/main.h:30,
                 from ../Core/Src/main.c:20:
../Drivers/STM32H7xx_HAL_Driver/Inc/stm32h7xx_hal_uart.h:1614:79: note: expected 'const uint8_t *' {aka 'const unsigned char *'} but argument is of type 'char *'
 1614 | HAL_StatusTypeDef HAL_UART_Transmit(UART_HandleTypeDef *huart, const uint8_t *pData, uint16_t Size, uint32_t Timeout);
      |                                                                ~~~~~~~~~~~~~~~^~~~~
arm-none-eabi-gcc -o "test2.elf" @"objects.list"   -mcpu=cortex-m7 -T"D:\Dev\IDEs-default\STM32\test2\STM32H743ZITX_FLASH.ld" --specs=nosys.specs -Wl,-Map="test2.map" -Wl,--gc-sections -static -u_printf_float --specs=nano.specs -mfpu=fpv5-d16 -mfloat-abi=hard -mthumb -Wl,--start-group -lc -lm -Wl,--end-group
Finished building target: test2.elf
 
arm-none-eabi-size   test2.elf 
arm-none-eabi-objdump -h -S  test2.elf  > "test2.list"
   text	   data	    bss	    dec	    hex	filename
  42188	    488	   1832	  44508	   addc	test2.elf
Finished building: default.size.stdout
 
Finished building: test2.list
 
20:35:44 **** Incremental Build of configuration Debug for project test2 ****
make -j8 all 
arm-none-eabi-size   test2.elf 
   text	   data	    bss	    dec	    hex	filename
  42188	    488	   1832	  44508	   addc	test2.elf
Finished building: default.size.stdout
 
20:41:38 **** Incremental Build of configuration Debug for project test2 ****
make -j8 all 
arm-none-eabi-size   test2.elf 
   text	   data	    bss	    dec	    hex	filename
  42188	    488	   1832	  44508	   addc	test2.elf
Finished building: default.size.stdout
 
20:41:59 **** Incremental Build of configuration Debug for project test2 ****
make -j8 all 
arm-none-eabi-size   test2.elf 
   text	   data	    bss	    dec	    hex	filename
  42188	    488	   1832	  44508	   addc	test2.elf
Finished building: default.size.stdout
 
